03-29 06:12:36.863   610   759 D audio_hw_primary: disable_snd_device: snd_device(2: speaker)
03-29 06:12:36.882   824   898 I ActivityManager: Killing 10110:com.google.android.apps.walletnfcrel/u0a95 (adj 906): empty #17
03-29 06:12:36.907   824   897 I ActivityManager: Start proc 11615:com.google.android.apps.cloudprint:sync/u0a59 for service com.google.android.apps.cloudprint/.printdialog.services.CloudPrintSyncService
03-29 06:12:36.929 11365 11379 I zygote  : Waiting for a blocking GC ProfileSaver
03-29 06:12:36.934   824  9832 I ActivityManager: Killing 8822:com.google.android.youtube/u0a97 (adj 906): empty #17
03-29 06:12:36.949 11352 11380 I zygote64: Waiting for a blocking GC ProfileSaver
03-29 06:12:36.975 11615 11615 I zygote64: The ClassLoaderContext is a special shared library.
03-29 06:12:36.982  4285  4289 I chatty  : uid=10020(com.google.android.gms) Jit thread pool expire 3 lines
03-29 06:12:37.071   824  3259 W ActivityManager: Unable to start service Intent { act=com.google.android.gms.analytics.service.START cmp=com.google.android.gms/.analytics.service.AnalyticsService (has extras) } U=0: not found
03-29 06:12:37.071 11352 11413 W GAV2    : Thread[GAThread,5,main]: Service unavailable (code=1), will retry.
03-29 06:12:37.099 11300 11342 I MusicPreferences: Setting store availability: true
03-29 06:12:37.169   824  4183 I ActivityManager: Start proc 11637:com.google.android.play.games.ui/u0a85 for service com.google.android.play.games/com.google.android.gms.games.service.PlayGamesBridgeService
03-29 06:12:37.173   824  4180 I ActivityManager: Killing 9954:com.google.android.configupdater/u0a6 (adj 906): empty #17
03-29 06:12:37.202 11637 11637 I zygote64: The ClassLoaderContext is a special shared library.
03-29 06:12:37.218 11419 11438 I zygote64: Waiting for a blocking GC ProfileSaver
03-29 06:12:37.232 11365 11379 I zygote  : WaitForGcToComplete blocked ProfileSaver on HeapTrim for 302.963ms
03-29 06:12:37.258 11419 11438 I zygote64: WaitForGcToComplete blocked ProfileSaver on HeapTrim for 40.111ms
03-29 06:12:37.301 11352 11380 I zygote64: WaitForGcToComplete blocked ProfileSaver on AddRemoveAppImageSpace for 352.815ms
03-29 06:12:37.318  4285 11506 I chatty  : uid=10020(com.google.android.gms) expire 3 lines
03-29 06:12:37.393  9064 11520 I RequestAddCookies: Cookie store not available in HTTP context
03-29 06:12:37.451   824  9824 I ActivityManager: Killing 10232:com.google.android.apps.maps/u0a81 (adj 906): empty #17
03-29 06:12:37.482 10515 11581 V NativeCrypto: Registering com/google/android/gms/org/conscrypt/NativeCrypto's 259 native methods...
03-29 06:12:37.613  4605  4605 I chatty  : uid=10034(com.android.vending) expire 6 lines
03-29 06:12:37.623   824   857 I ActivityManager: START u0 {flg=0x4000000 cmp=com.android.vending/com.google.android.finsky.activities.TosActivity (has extras)} from uid 10034
03-29 06:12:37.663 11300 11343 D PlaybackClient: clearQueue
03-29 06:12:37.676  4285  4285 I chatty  : uid=10020(com.google.android.gms) expire 2 lines
03-29 06:12:37.676 11419 11664 I SyncAdapterProxy: Delagator disabled, using the (deprecated) GData sync adapter
03-29 06:12:37.681   824  9828 I chatty  : uid=1000(system) Binder:824_10 expire 2 lines
03-29 06:12:37.683   428   428 D WifiHAL : Setting APF program, halHandle = 0x70e022e980
03-29 06:12:37.683   428   428 I WifiHAL : 
03-29 06:12:37.683   428   428 I WifiHAL : createRequest: APF set program request
03-29 06:12:37.684   428   428 I WifiHAL : Done!
03-29 06:12:37.688 11300 11343 D PlaybackClient: Sending intent to service intent=Intent { act=com.google.android.music.clearqueue cmp=com.google.android.music/.playback2.MusicPlaybackService } extras=NULL
03-29 06:12:37.697 11300 11300 D MusicLifecycle: com.google.android.music.playback2.MusicPlaybackService generated event: Service created
03-29 06:12:37.697 11300 11300 I MusicPlaybackService: v2 onCreate
03-29 06:12:37.714 11300 11342 I MusicPreferences: Account auto-selected
03-29 06:12:37.725 11419 11664 I GoogleHttpClient: GMS http client unavailable, use old client
03-29 06:12:37.731   824  4183 I ActivityManager: Start proc 11672:com.android.vending:instant_app_installer/u0a34 for service com.android.vending/com.google.android.finsky.instantapps.InstantAppsLoggingService
03-29 06:12:37.762 11300 11300 V MediaRouterClient: setCallback
03-29 06:12:37.763  9064 11520 I ResponseProcessCookies: Cookie store not available in HTTP context
03-29 06:12:37.782 11672 11672 I chatty  : uid=10034(com.android.vending) expire 1 line
03-29 06:12:37.791 11559 11669 W SyncManagerImpl: Initiating sync for AccountId cc58cb56 (com.google.android.apps.docs)
03-29 06:12:37.854   824   897 E SyncManager: Job params not found for 106270
03-29 06:12:37.934  4605  4774 I chatty  : uid=10034(com.android.vending) Thread-6 expire 1 line
03-29 06:12:37.938  4605  4755 I chatty  : uid=10034(com.android.vending) Thread-3 expire 1 line
03-29 06:12:37.944  4605  4605 I chatty  : uid=10034(com.android.vending) expire 31 lines
03-29 06:12:37.961  4091 11553 I chatty  : uid=10020(com.google.android.gms) lowpool[30] expire 6 lines
03-29 06:12:37.965  4285 11436 I chatty  : uid=10020(com.google.android.gms) expire 3 lines
03-29 06:12:37.967 11352 11370 W Gmail   : MailSyncAdapterService#onSyncCanceled Thread[SyncAdapterThread-2,5,main]
03-29 06:12:37.967 11352 11370 W Gmail   : MailEngine != null account: -866596010
03-29 06:12:38.015 11419 11706 I SyncAdapterProxy: Delagator disabled, using the (deprecated) GData sync adapter
03-29 06:12:38.031   824  6275 I ActivityManager: Start proc 11712:com.google.android.apps.photos/u0a86 for broadcast com.google.android.apps.photos/com.google.android.libraries.social.account.refresh.receiver.AccountsChangedReceiver
03-29 06:12:38.152 11712 11712 I zygote64: The ClassLoaderContext is a special shared library.
03-29 06:12:38.183  3055  3532 V Avrcp   : updatePlaybackState (1): 00(PlaybackState {state=0, position=-1, buffered position=0, speed=0.0, updated=2616189, actions=0, custom actions=[], active item id=-1, error=null})
03-29 06:12:38.183  3055  3532 I Avrcp   : Skipping update due to invalid playback state
03-29 06:12:38.183  3055  3532 E Avrcp   : play status change 00 mPlayStatusChangedNT: 1
03-29 06:12:38.183  3055  3532 D Avrcp   : sendPlayPosNotificationRsp: Not registered or requesting.
03-29 06:12:38.232  9064 11520 D Volley  : [454] a.a: HTTP response for request=<[ ] https://android.googleapis.com/nova/nfe/aperture/get_wfa_eligibility 0x58872a44 NORMAL 1> [lifetime=3890], [size=2], [rc=200], [retryCount=0]
03-29 06:12:38.248 11300 11300 I MediaSessionManager: MediaSessionManager created
03-29 06:12:38.260 11300 11300 V MediaSessionManager: MediaSessionManager being initialized
03-29 06:12:38.273  3055  3532 V Avrcp   : ActiveSession: MediaController (com.google.android.music@2e9a466) null
03-29 06:12:38.274  3055  3532 W Avrcp   : playState object null, sending STOPPED
03-29 06:12:38.274  3055  3532 V Avrcp   : isBrowseSupported for com.google.android.music: true
03-29 06:12:38.276  3055  3532 D Avrcp   : update #1:MediaPlayerInfo com.google.android.music (as 'Google Play Music') Type = 1, SubType = 0, Status = 0 Feature Bits [40 41 42 44 45 47 48 58 59 62 65 67] Controller: MediaController (com.google.android.music@2e9a466) null
03-29 06:12:38.276  3055  3532 V Avrcp   : No addressed player but active sessions, taking first.
03-29 06:12:38.276  3055  3532 W Avrcp   : No package name for player (0 not valid)
03-29 06:12:38.276  3055  3532 V Avrcp   : Changing addressed media session to com.google.android.music
03-29 06:12:38.277  3055  3532 V Avrcp   : getMediaPlayerInfo: Found com.google.android.music
03-29 06:12:38.277  3055  3532 V Avrcp   : Set addressed #1 MediaPlayerInfo com.google.android.music (as 'Google Play Music') Type = 1, SubType = 0, Status = 0 Feature Bits [40 41 42 44 45 47 48 58 59 62 65 67] Controller: MediaController (com.google.android.music@2e9a466) null
03-29 06:12:38.277  3055  3532 V Avrcp   : updateNewIds: Addressed:0 to 1, Browse:0 to 0
03-29 06:12:38.278  3055  3532 D Avrcp   : updateCurrentController: null to MediaController (com.google.android.music@2e9a466) null
03-29 06:12:38.279  3055  3532 V Avrcp   : updatePlaybackState (1): 00(PlaybackState {state=0, position=-1, buffered position=0, speed=0.0, updated=2616286, actions=0, custom actions=[], active item id=-1, error=null})
03-29 06:12:38.280  3055  3532 I Avrcp   : Skipping update due to invalid playback state
03-29 06:12:38.280  3055  3532 E Avrcp   : play status change 00 mPlayStatusChangedNT: 1
03-29 06:12:38.280  3055  3532 D Avrcp   : sendPlayPosNotificationRsp: Not registered or requesting.
03-29 06:12:38.280  3055  3532 V Avrcp   : updatePlaybackState (1): 00(PlaybackState {state=0, position=-1, buffered position=0, speed=0.0, updated=2616287, actions=0, custom actions=[], active item id=-1, error=null})
03-29 06:12:38.281  3055  3532 I Avrcp   : Skipping update due to invalid playback state
03-29 06:12:38.281  3055  3532 E Avrcp   : play status change 00 mPlayStatusChangedNT: 1
03-29 06:12:38.281  3055  3532 D Avrcp   : sendPlayPosNotificationRsp: Not registered or requesting.
03-29 06:12:38.281  3055  3532 V Avrcp   : updatePlaybackState (1): 00(PlaybackState {state=0, position=-1, buffered position=0, speed=0.0, updated=2616288, actions=0, custom actions=[], active item id=-1, error=null})
03-29 06:12:38.282  3055  3532 I Avrcp   : Skipping update due to invalid playback state
03-29 06:12:38.282  3055  3532 E Avrcp   : play status change 00 mPlayStatusChangedNT: 1
03-29 06:12:38.282  3055  3532 D Avrcp   : sendPlayPosNotificationRsp: Not registered or requesting.
03-29 06:12:38.338 11352 11387 E Gmail.LabelManager: Unable to get label ^i for account -866596010
03-29 06:12:38.338 11352 11387 E Gmail   : Couldn't find label: ^i
03-29 06:12:38.410  4285 11735 I chatty  : uid=10020(com.google.android.gms) expire 1 line
03-29 06:12:38.422 11300 11300 D MusicServiceTask: ReloadStateTask ReloadStateTask
03-29 06:12:38.423 11300 11300 I MusicPlaybackService: v2 onBind received with intent Intent { cmp=com.google.android.music/.playback2.MusicPlaybackService }
03-29 06:12:38.456 11300 11300 V MediaRouterClient: MAIN: synchronize
03-29 06:12:38.464 11300 11300 I TaskManagerImpl: onStartNextTask current task: null
03-29 06:12:38.467 11419 11731 I SyncAdapterProxy: Delagator disabled, using the (deprecated) GData sync adapter
03-29 06:12:38.468 11300 11300 I TaskManagerImpl: starting next task: com.google.android.music.playback2.tasks.ReloadStateTask@d5661f9 at time 2616473
03-29 06:12:38.469 11300 11300 D MusicServiceTask: ReloadStateTask submitToBackground: callable=com.google.android.music.playback2.callables.ReloadStateCallable@f37c53e
03-29 06:12:38.490 11300 11300 I MusicPlaybackService: v2 handle message with intent Intent { act=com.google.android.music.clearqueue cmp=com.google.android.music/.playback2.MusicPlaybackService }
03-29 06:12:38.490 11300 11300 I MusicPlaybackService: v2 Queuing intent Intent { act=com.google.android.music.clearqueue cmp=com.google.android.music/.playback2.MusicPlaybackService }
03-29 06:12:38.514  4285 11740 I chatty  : uid=10020(com.google.android.gms) expire 1 line
03-29 06:12:38.515 11300 11738 D CallableWrapper: Calling callable=com.google.android.music.playback2.callables.ReloadStateCallable@f37c53e
03-29 06:12:38.729 10515 11581 D NetworkSecurityConfig: No Network Security Config specified, using platform default
03-29 06:12:38.745 11712 11717 I zygote64: Do partial code cache collection, code=0B, data=15KB
03-29 06:12:38.752 11712 11717 I zygote64: After code cache collection, code=0B, data=15KB
03-29 06:12:38.752 11712 11717 I zygote64: Increasing code cache capacity to 128KB
03-29 06:12:38.805 10515 11581 I ProviderInstaller: Installed default security provider GmsCore_OpenSSL
03-29 06:12:38.872 11559 11669 W SyncManagerImpl: Started sync for AccountId cc58cb56
03-29 06:12:38.951 10515 11581 W AbstractGoogleClient: Application name is not set. Call Builder#setApplicationName.
03-29 06:12:39.289   599   972 E QC-QMI  : linux_qmi_qmux_io_wake_lock: Err in writing wakelock=qmuxd_port_wl_0, error [1:Operation not permitted]
03-29 06:12:39.290   599   972 E QC-QMI  : linux_qmi_qmux_io_wake_unlock: Err in writing wakelock=qmuxd_port_wl_0, error [1:Operation not permitted]
03-29 06:12:39.346 11352 11697 I zygote64: The ClassLoaderContext is a special shared library.
03-29 06:12:39.384 11352 11697 I zygote64: The ClassLoaderContext is a special shared library.
03-29 06:12:39.390  3055  3055 D BluetoothPbapService:  onChange on contact uri 
03-29 06:12:39.489  3055  3055 D BluetoothPbapService:  onChange on contact uri 
03-29 06:12:39.508 11352 11697 I zygote64: The ClassLoaderContext is a special shared library.
03-29 06:12:39.540   824  4193 I ActivityManager: Start proc 11750:com.google.android.apps.walletnfcrel/u0a95 for broadcast com.google.android.apps.walletnfcrel/com.google.android.libraries.social.notifications.installation.impl.AndroidAccountsChangedReceiver
03-29 06:12:39.544   824  3304 I ActivityManager: Killing 8804:com.google.android.dialer/u0a24 (adj 906): empty #17
03-29 06:12:39.602 11559 11667 I zygote64: The ClassLoaderContext is a special shared library.
03-29 06:12:39.617 11750 11750 I zygote64: The ClassLoaderContext is a special shared library.
03-29 06:12:39.643   824   907 W ActivityManager: setHasOverlayUi called on unknown pid: 8804
03-29 06:12:39.655 11559 11667 I zygote64: The ClassLoaderContext is a special shared library.
03-29 06:12:39.701 11750 11750 I zygote64: The ClassLoaderContext is a special shared library.
03-29 06:12:39.706  4213 11769 D DownloadManager: [23] Starting
03-29 06:12:39.713 11750 11750 I zygote64: The ClassLoaderContext is a special shared library.
03-29 06:12:39.729 11750 11750 I zygote64: The ClassLoaderContext is a special shared library.
03-29 06:12:39.738  4213 11769 D NetworkSecurityConfig: No Network Security Config specified, using platform default
03-29 06:12:39.751 11559 11667 I zygote64: The ClassLoaderContext is a special shared library.
03-29 06:12:39.778 11750 11750 V NativeCrypto: Registering com/google/android/gms/org/conscrypt/NativeCrypto's 259 native methods...
03-29 06:12:39.858   824  3006 I chatty  : uid=1000(system) notification-sq expire 1 line
03-29 06:12:39.866 11750 11750 D NetworkSecurityConfig: No Network Security Config specified, using platform default
03-29 06:12:39.872 11750 11750 I ProviderInstaller: Installed default security provider GmsCore_OpenSSL
03-29 06:12:39.873  3091  3091 I zygote64: Deoptimizing void com.android.systemui.statusbar.ViewTransformationHelper.setVisible(boolean) due to JIT inline cache
03-29 06:12:39.958  4605  4608 I chatty  : uid=10034(com.android.vending) Jit thread pool expire 3 lines
03-29 06:12:39.968  3055  3055 D BluetoothPbapService:  onChange on contact uri 
03-29 06:12:40.084 11300 11500 D OpenGLRenderer: HWUI GL Pipeline
03-29 06:12:40.088 11352 11697 V NativeCrypto: Registering com/google/android/gms/org/conscrypt/NativeCrypto's 259 native methods...
03-29 06:12:40.203 11750 11750 W InstanceID/Rpc: Found 10020
03-29 06:12:40.209  4605  4827 I chatty  : uid=10034(com.android.vending) GAC_Executor[1] expire 4 lines
03-29 06:12:40.257   610  5359 D audio_hw_primary: enable_snd_device: snd_device(2: speaker)
03-29 06:12:40.257   610  5359 D audio_route: Apply path: speaker
03-29 06:12:40.260   610  5359 D audio_hw_primary: enable_audio_route: usecase(1) apply and update mixer path: low-latency-playback speaker
03-29 06:12:40.260   610  5359 D audio_route: Apply path: low-latency-playback speaker
03-29 06:12:40.270  4605 11793 I chatty  : uid=10034(com.android.vending) expire 1 line
03-29 06:12:40.279  4091  4102 I chatty  : uid=10020(com.google.android.gms) Binder:4091_1 expire 1 line
03-29 06:12:40.297 11750 11750 I GunsAppRegManager: GCM Project Id: 144105662513, View Id: tapandpay
03-29 06:12:40.331  4091  4345 I chatty  : uid=10020(com.google.android.gms) Binder:4091_4 expire 1 line
03-29 06:12:40.350   610  5359 D audio_hw_primary: out_write: retry previous failed cal level set
03-29 06:12:40.358  4605 11115 I chatty  : uid=10034(com.android.vending) RenderThread expire 1 line
03-29 06:12:40.557  3055  3055 D BluetoothPbapService:  onChange on contact uri 
03-29 06:12:40.584  4605  4605 I chatty  : uid=10034(com.android.vending) expire 27 lines
03-29 06:12:40.589 11750 11797 I BackgroundTaskManager: Executing task AccountFreshener.freshen with SEQUENTIAL execution policy.
03-29 06:12:40.597 11419 11731 V ContactsSyncAdapter: No contacts feed data; creating new feedSyncState...
03-29 06:12:40.656  4605 11768 I chatty  : uid=10034(com.android.vending) expire 1 line
03-29 06:12:40.662  4605  4764 I chatty  : uid=10034(com.android.vending) PackageInstalle expire 1 line
03-29 06:12:40.663  4605  4608 I chatty  : uid=10034(com.android.vending) Jit thread pool expire 3 lines
03-29 06:12:40.701  4605 11766 I chatty  : uid=10034(com.android.vending) expire 2 lines
03-29 06:12:40.837 11559 11667 V NativeCrypto: Registering com/google/android/gms/org/conscrypt/NativeCrypto's 259 native methods...
03-29 06:12:40.863   610   759 D audio_hw_primary: disable_audio_route: usecase(1) reset and update mixer path: low-latency-playback speaker
03-29 06:12:40.870  3055  3055 D BluetoothPbapService:  onChange on contact uri 
03-29 06:12:40.871   610   759 D audio_hw_primary: disable_snd_device: snd_device(2: speaker)
03-29 06:12:40.884 11750 11798 D Primes  : Package metric: registered for startup notifications
03-29 06:12:40.884 11750 11798 D Primes  : Battery metric disabled
03-29 06:12:40.884 11750 11798 D Primes  : MagicEye logging metric disabled
03-29 06:12:40.884 11750 11798 D CrashMetricService: onPrimesInitialize
03-29 06:12:40.916   824  9832 D CryptdConnector: SND -> {18 cryptfs getpwtype}
03-29 06:12:40.917   395   412 D VoldCryptCmdListener: cryptfs getpwtype
03-29 06:12:40.919   824  2315 D CryptdConnector: RCV <- {213 18 default}
03-29 06:12:41.070  4091 11807 I chatty  : uid=10020 com.google.android.gms.persistent expire 2 lines
03-29 06:12:41.109  4285 11811 I chatty  : uid=10020(com.google.android.gms) expire 3 lines
03-29 06:12:41.129   824  4193 I ActivityManager: Start proc 11820:com.google.android.talk/u0a76 for broadcast com.google.android.talk/com.google.android.apps.hangouts.service.broadcastreceiver.AccountRefreshReceiver
03-29 06:12:41.136  4091 11816 I chatty  : uid=10020 com.google.android.gms.persistent expire 1 line
03-29 06:12:41.184  4091  4103 I chatty  : uid=10020(com.google.android.gms) Binder:4091_2 expire 1 line
03-29 06:12:41.230  3228  3960 E PhoneInterfaceManager: [PhoneIntfMgr] getIccId: No UICC
03-29 06:12:41.232 11559 11578 I zygote64: Waiting for a blocking GC ProfileSaver
03-29 06:12:41.242 11820 11820 I zygote64: The ClassLoaderContext is a special shared library.
03-29 06:12:41.268 11820 11820 I zygote64: The ClassLoaderContext is a special shared library.
03-29 06:12:41.283  4091  4096 I chatty  : uid=10020(com.google.android.gms) Jit thread pool expire 2 lines
03-29 06:12:41.286   824  4193 I chatty  : uid=1000(system) Binder:824_C expire 1 line
03-29 06:12:41.343  4605  4608 I chatty  : uid=10034(com.android.vending) Jit thread pool expire 3 lines
03-29 06:12:41.388  4605  4605 I chatty  : uid=10034(com.android.vending) expire 12 lines
03-29 06:12:41.436 11352 11697 D NetworkSecurityConfig: Using Network Security Config from resource network_security_config debugBuild: false
03-29 06:12:41.440 11352 11363 I zygote64: ThreadFlipBegin blocked for 5.163ms
03-29 06:12:41.503 11300 11311 W zygote64: Suspending all threads took: 41.569ms
03-29 06:12:41.531 11352 11697 I ProviderInstaller: Installed default security provider GmsCore_OpenSSL
03-29 06:12:41.549 11352 11432 E Gmail.LabelManager: Unable to get label ^i for account -866596010
03-29 06:12:41.549 11352 11432 E Gmail   : Couldn't find label: ^i
03-29 06:12:41.568   610  5359 D audio_hw_primary: enable_snd_device: snd_device(2: speaker)
03-29 06:12:41.568   610  5359 D audio_route: Apply path: speaker
03-29 06:12:41.571  4605  4605 V View    : dispatchProvideAutofillStructure(): not laid out, ignoring 2 children of 1073741901
03-29 06:12:41.571   610  5359 D audio_hw_primary: enable_audio_route: usecase(1) apply and update mixer path: low-latency-playback speaker
03-29 06:12:41.571  4605  4605 V View    : dispatchProvideAutofillStructure(): not laid out, ignoring 1 children of 1073741909
03-29 06:12:41.571   610  5359 D audio_route: Apply path: low-latency-playback speaker
03-29 06:12:41.572  4605  4605 V View    : dispatchProvideAutofillStructure(): not laid out, ignoring 1 children of 1073741917
03-29 06:12:41.572  4605  4605 V View    : dispatchProvideAutofillStructure(): not laid out, ignoring 1 children of 1073741925
03-29 06:12:41.572  4605  4605 V View    : dispatchProvideAutofillStructure(): not laid out, ignoring 1 children of 1073741933
03-29 06:12:41.572  4605  4605 V View    : dispatchProvideAutofillStructure(): not laid out, ignoring 2 children of 1073741939
03-29 06:12:41.572  4605  4605 V View    : dispatchProvideAutofillStructure(): not laid out, ignoring 1 children of 1073741941
03-29 06:12:41.572  4605  4605 V View    : dispatchProvideAutofillStructure(): not laid out, ignoring 2 children of 1073741945
03-29 06:12:41.572  4605  4605 V View    : dispatchProvideAutofillStructure(): not laid out, ignoring 1 children of 1073741947
03-29 06:12:41.572  4605  4605 V View    : dispatchProvideAutofillStructure(): not laid out, ignoring 2 children of 1073741950
03-29 06:12:41.573  4605  4605 V View    : dispatchProvideAutofillStructure(): not laid out, ignoring 0 children of 1073741959
03-29 06:12:41.573  4605  4605 V View    : dispatchProvideAutofillStructure(): not laid out, ignoring 1 children of 1073741962
03-29 06:12:41.573  4605  4605 V View    : dispatchProvideAutofillStructure(): not laid out, ignoring 2 children of 1073741974
03-29 06:12:41.574  4605  4605 V View    : dispatchProvideAutofillStructure(): not laid out, ignoring 1 children of 1073741977
03-29 06:12:41.574  4605  4605 V View    : dispatchProvideAutofillStructure(): not laid out, ignoring 1 children of 1073741978
03-29 06:12:41.576  4605  4605 I AssistStructure: Flattened final assist data: 33252 bytes, containing 1 windows, 171 views
03-29 06:12:41.594 11559 11586 D SharedPreferencesImpl: Time required to fsync /data/user/0/com.google.android.apps.docs/shared_prefs/google_apps_features_per_account_prefs.xml: [<1: 0, <2: 0, <4: 0, <8: 0, <16: 0, <32: 0, <64: 0, <128: 0, <256: 0, <512: 1, <1024: 0, <2048: 0, <4096: 0, <8192: 0, <16384: 0, >=16384: 0]
03-29 06:12:41.595   824   857 I chatty  : uid=1000(system) Binder:824_1 expire 1 line
03-29 06:12:41.603  3069  3069 W GInputConnectionWrapper: Fixing selection indices to 0, 0
03-29 06:12:41.614  4605  4605 I Finsky  : [2] com.google.android.finsky.billing.profile.x.b_(11): has_fop cache updated to: true (account=[Oz-tZL2Sj6JlkRKvHl3Ma6_8fDE])
03-29 06:12:41.653  3069  8755 W native  : neural_spatial_model.cc:371 Output symbol table doesn't contain symbol: &
03-29 06:12:41.656   610  5359 D audio_hw_primary: out_write: retry previous failed cal level set
03-29 06:12:41.668  4605  4764 I Finsky  : [152] com.google.android.finsky.bi.n.run(5): Session for android.autoinstalls.config.google.nexus already exists, skipping creation
03-29 06:12:41.673  4605  4605 I Finsky  : [2] com.google.android.finsky.installer.a.ah.a(970): Downloading full file for android.autoinstalls.config.google.nexus (android.autoinstalls.config.google.nexus)
03-29 06:12:41.673  4605  4605 I Finsky  : [2] com.google.android.finsky.download.d.a(48): Duplicate state set for 'android.autoinstalls.config.google.nexus' (0). Already in that state
03-29 06:12:41.673  4605  4605 I Finsky  : [2] com.google.android.finsky.download.m.a(28): Download android.autoinstalls.config.google.nexus added to DownloadQueue
03-29 06:12:41.674  4605  4605 I Finsky  : [2] com.google.android.finsky.download.d.a(49): android.autoinstalls.config.google.nexus from 0 to 1.
03-29 06:12:41.852   599   972 E QC-QMI  : linux_qmi_qmux_io_wake_lock: Err in writing wakelock=qmuxd_port_wl_0, error [1:Operation not permitted]
03-29 06:12:41.852   599   972 E QC-QMI  : linux_qmi_qmux_io_wake_unlock: Err in writing wakelock=qmuxd_port_wl_0, error [1:Operation not permitted]
03-29 06:12:41.953 11559 11667 D NetworkSecurityConfig: No Network Security Config specified, using platform default
03-29 06:12:41.983 11615 11628 I zygote64: Waiting for a blocking GC ProfileSaver
03-29 06:12:42.049 11615 11628 I zygote64: WaitForGcToComplete blocked ProfileSaver on HeapTrim for 65.996ms
03-29 06:12:42.075   824  4182 W ActivityManager: Unable to start service Intent { act=com.google.android.gms.analytics.service.START cmp=com.google.android.gms/.analytics.service.AnalyticsService (has extras) } U=0: not found
03-29 06:12:42.076 11352 11634 W GAV2    : Thread[Service Reconnect,5,main]: Service unavailable (code=1), using local store.
03-29 06:12:42.080  4605  4605 W View    : requestLayout() improperly called by com.google.android.play.widget.ScalingPageIndicator{6ed8e02 V.E...... ......I. 0,0-0,0 #7f10054e app:id/page_indicator} during layout: running second layout pass
03-29 06:12:42.117  3091  3091 D StatusBar: disable<e i a s b h r c s q >
03-29 06:12:42.170  4605  4608 I zygote64: Do partial code cache collection, code=123KB, data=105KB
03-29 06:12:42.170  4605  4608 I zygote64: After code cache collection, code=123KB, data=105KB
03-29 06:12:42.170  4605  4608 I zygote64: Increasing code cache capacity to 512KB
03-29 06:12:42.174   824  4178 W ActivityManager: Unable to start service Intent { cmp=com.google.android.gm.exchange/com.android.exchange.service.EasService } U=0: not found
03-29 06:12:42.185   610   759 D audio_hw_primary: disable_audio_route: usecase(1) reset and update mixer path: low-latency-playback speaker
03-29 06:12:42.190  3091  3091 D StatusBar: disable<e i a s b h r c s q >
03-29 06:12:42.196   610   759 D audio_hw_primary: disable_snd_device: snd_device(2: speaker)
03-29 06:12:42.493 11559 11667 I ProviderInstaller: Installed default security provider GmsCore_OpenSSL
03-29 06:12:42.580  4243  8531 I NowOptInSettings: onAccountChanged() : [REDACTED-24]
03-29 06:12:42.709 11559 11578 I zygote64: WaitForGcToComplete blocked ProfileSaver on HeapTrim for 1.476s
03-29 06:12:42.729 11559 11569 I zygote64: WaitForGcToComplete blocked CollectorTransition on ProfileSaver for 9.293ms
03-29 06:12:42.766 11820 11820 I Babel_telephony: TeleModule.onApplicationCreate
03-29 06:12:42.811 11672 11693 I zygote64: Waiting for a blocking GC ProfileSaver
03-29 06:12:42.813  4285  4295 I chatty  : uid=10020(com.google.android.gms) HeapTaskDaemon expire 2 lines
03-29 06:12:42.868 11820 11866 I Babel_SMS: MmsConfig: mnc/mcc: 0/0
03-29 06:12:42.868 11820 11866 I Babel_SMS: MmsConfig.loadMmsSettings
03-29 06:12:42.868 11820 11866 I Babel_SMS: MmsConfig.loadDeviceMmsSettings from API: userAgent=Android-Mms/2.0, uaProfUrl=http://wap1.huawei.com/uaprof/HUAWEI_angler-Uaprofile.xml
03-29 06:12:42.869 11820 11866 I Babel_SMS: MmsConfig.loadFromDatabase
03-29 06:12:42.870 11820 11820 I Babel_App: Startup - clean
03-29 06:12:42.881 11820 11866 E Babel_SMS: canonicalizeMccMnc: invalid mccmnc 
03-29 06:12:42.881 11820 11866 I Babel_SMS: MmsConfig.loadFromResources
03-29 06:12:42.882 11820 11866 E Babel_SMS: canonicalizeMccMnc: invalid mccmnc nullnull
03-29 06:12:42.883 11820 11866 I Babel_SMS: MmsConfig.loadMmsSettings: userAgent=Android-Mms/2.0, uaProfUrl=http://wap1.huawei.com/uaprof/HUAWEI_angler-Uaprofile.xml
03-29 06:12:42.899   824  3084 I chatty  : uid=1000(system) Binder:824_4 expire 1 line
03-29 06:12:42.905  4243 10618 W Settings: Setting mobile_data has moved from android.provider.Settings.Secure to android.provider.Settings.Global.
03-29 06:12:43.017 11820 11820 D Babel_SmsDepUtil: imp:-1:3602
03-29 06:12:43.258 11672 11693 I zygote64: WaitForGcToComplete blocked ProfileSaver on AddRemoveAppImageSpace for 447.595ms
03-29 06:12:43.273 11712 11730 I zygote64: Waiting for a blocking GC ProfileSaver
03-29 06:12:43.293 11419 11847 D NetworkSecurityConfig: No Network Security Config specified, using platform default
03-29 06:12:43.368 11820 11820 D Babel_RtcImpressions: Type: 3602
03-29 06:12:43.372 11820 11820 D Babel_SmsDep: disabled
03-29 06:12:43.376   824  4182 D CryptdConnector: SND -> {19 cryptfs getpwtype}
03-29 06:12:43.377   395   412 D VoldCryptCmdListener: cryptfs getpwtype
03-29 06:12:43.380   824  2315 D CryptdConnector: RCV <- {213 19 default}
03-29 06:12:43.397  4243  4243 I VoiceUnlockApiWrapper: Settings voice unlock to : false
03-29 06:12:43.417 11820 11820 D Babel_SmsDepStand: count:2
03-29 06:12:43.456 11820 11820 D Babel_SmsDepUtil: imp:-1:3602
03-29 06:12:43.456 11820 11820 D Babel_SmsDep: disabled
03-29 06:12:43.592 11820 11820 I Babel_ConcService: Binding ConcurrentService
03-29 06:12:43.777  4243  4275 I zygote64: Waiting for a blocking GC ProfileSaver
03-29 06:12:43.860  4243 11884 E SQLiteLog: (1) no such table: blob_table
03-29 06:12:43.933 11820 11887 I Babel_ConcService: Scheduling delay with GcmNetworkManager of 1074 s for task fyfDB_CLEANUP_96769_5 and tag :persisted
03-29 06:12:43.935 11820 11890 I Babel_ConcService: Acquired partial wake lock to keep ConcurrentService alive
03-29 06:12:43.937 11820 11890 I Babel_ConcService: Released partial wake lock as ConcurrentService became idle
03-29 06:12:43.998 11820 11894 I Babel_ConcService: Acquired partial wake lock to keep ConcurrentService alive
03-29 06:12:44.015 11820 11894 D Babel_SmsDepUtil: imp:-1:3602
03-29 06:12:44.015 11820 11894 D Babel_SmsDep: disabled
03-29 06:12:44.031  4605  7217 W Binder  : Binder call failed.
03-29 06:12:44.031  4605  7217 W Binder  : java.lang.UnsupportedOperationException
03-29 06:12:44.031  4605  7217 W Binder  : 	at com.google.android.gms.internal.hp.e(Unknown Source:2)
03-29 06:12:44.031  4605  7217 W Binder  : 	at com.google.android.gms.internal.hs.onTransact(Unknown Source:87)
03-29 06:12:44.031  4605  7217 W Binder  : 	at android.os.Binder.execTransact(Binder.java:697)
03-29 06:12:44.049 11820 11896 D Babel_SmsDepUtil: imp:-1:3602
03-29 06:12:44.049 11820 11896 D Babel_SmsDep: disabled
03-29 06:12:44.111 11820 11888 D Babel_SmsDepUtil: imp:-1:3602
03-29 06:12:44.112 11820 11888 D Babel_SmsDep: disabled
03-29 06:12:44.116 11820 11894 D Babel_SmsDepStand: count:2
03-29 06:12:44.116 11820 11894 D Babel_SmsDepNotif: not sms
03-29 06:12:44.116 11820 11894 D Babel_SmsDepUtil: imp:-1:3686
03-29 06:12:44.139 11820 11896 I Babel_ConcService: Scheduling delay with GcmNetworkManager of 266270 s for task fvmaccount_reg_renewal_2622098_4 and tag network_connectivity_wakeup:persisted
03-29 06:12:44.141 11820 11894 D Babel_RtcImpressions: Type: 3686
03-29 06:12:44.217 11820 11894 D Babel_Notif_Persistent: PersistentMessageNotifier.cancelOngoingNotification
03-29 06:12:44.223 11820 11893 I zygote64: The ClassLoaderContext is a special shared library.
03-29 06:12:44.233 11820 11893 I zygote64: The ClassLoaderContext is a special shared library.
03-29 06:12:44.244 11820 11894 D Babel_Notif_SMS: cancelOngoingNotification
03-29 06:12:44.275 11820 11893 I zygote64: The ClassLoaderContext is a special shared library.
03-29 06:12:44.292   824  9829 I chatty  : uid=1000(system) Binder:824_11 expire 1 line
03-29 06:12:44.297  4243 10619 W Settings: Setting mobile_data has moved from android.provider.Settings.Secure to android.provider.Settings.Global.
03-29 06:12:44.339   824   897 I chatty  : uid=1000(system) android.bg expire 1 line
03-29 06:12:44.381 11820 11895 D Babel_SmsDepUtil: imp:-1:3602
03-29 06:12:44.382 11820 11895 D Babel_SmsDep: disabled
03-29 06:12:44.407   824   858 I WifiService: getConnectionInfo uid=10046
03-29 06:12:44.409   824  9824 I WifiService: getWifiEnabledState uid=10046
03-29 06:12:44.410   599   972 E QC-QMI  : linux_qmi_qmux_io_wake_lock: Err in writing wakelock=qmuxd_port_wl_0, error [1:Operation not permitted]
03-29 06:12:44.411   599   972 E QC-QMI  : linux_qmi_qmux_io_wake_unlock: Err in writing wakelock=qmuxd_port_wl_0, error [1:Operation not permitted]
03-29 06:12:44.411  4243 10618 W Settings: Setting mobile_data has moved from android.provider.Settings.Secure to android.provider.Settings.Global.
03-29 06:12:44.420 11820 11895 D Babel_SmsDepUtil: imp:-1:3602
03-29 06:12:44.420 11820 11895 D Babel_SmsDep: disabled
03-29 06:12:44.449 11365 11365 I PlayMovies: AccountsChangedTaskService.scheduleCleanup:108 Scheduled task AccountsChangedTaskService
03-29 06:12:44.449 11365 11365 I PlayMovies: 
03-29 06:12:44.464   824  6275 I ActivityManager: Start proc 11903:com.google.android.youtube/u0a97 for broadcast com.google.android.youtube/com.google.android.libraries.youtube.account.AccountsChangedReceiver
03-29 06:12:44.474 11712 11730 I zygote64: WaitForGcToComplete blocked ProfileSaver on HeapTrim for 1.200s
03-29 06:12:44.480 11712 11723 I zygote64: WaitForGcToComplete blocked HeapTrim on ProfileSaver for 5.051ms
03-29 06:12:44.488 11820 11893 V NativeCrypto: Registering com/google/android/gms/org/conscrypt/NativeCrypto's 259 native methods...
03-29 06:12:44.545 11820 11895 W Babel_AcctMgr: gBA: invalid account id: -1
03-29 06:12:44.554  3055  3055 D Avrcp   : AvrcpServiceBroadcastReceiver-> Action: android.intent.action.PACKAGE_CHANGED
03-29 06:12:44.554  3055  3055 D Avrcp   : AvrcpServiceBroadcastReceiver-> packageName: com.android.vending
03-29 06:12:44.554  3055  3055 D Avrcp   : packageName: com.android.vending removed: false
03-29 06:12:44.555  3055  3055 D Avrcp   : isBrowsableListUpdated: false
03-29 06:12:44.558   824  2285 I InputReader: Reconfiguring input devices.  changes=0x00000010
03-29 06:12:44.559  3055  3055 D Avrcp   : AvrcpServiceBroadcastReceiver-> Action: android.intent.action.PACKAGE_CHANGED
03-29 06:12:44.559  3055  3055 D Avrcp   : AvrcpServiceBroadcastReceiver-> packageName: com.google.android.music
03-29 06:12:44.559  3055  3055 D Avrcp   : packageName: com.google.android.music removed: false
03-29 06:12:44.559   824  2285 I InputReader: Reconfiguring input devices.  changes=0x00000010
03-29 06:12:44.560  4091  5575 I chatty  : uid=10020(com.google.android.gms) resolverService expire 4 lines
03-29 06:12:44.560  3055  3055 D Avrcp   : isBrowsableListUpdated: package includes MediaBrowserService, true
03-29 06:12:44.563  3055  3055 D Avrcp   : Adding com.google.android.music.browse.MediaBrowserService to list of browsable players
03-29 06:12:44.563  3055  3055 V Avrcp   : getMediaPlayerInfo: Found com.google.android.music
03-29 06:12:44.564  3055  3055 W Avrcp   : playState object null, sending STOPPED
03-29 06:12:44.565  3055  3055 V Avrcp   : isBrowseSupported for com.google.android.music: true
03-29 06:12:44.566   824   897 W ResourceType: No known package when getting value for resource number 0x7f0200db
03-29 06:12:44.567   824   897 W ResourceType: No known package when getting value for resource number 0x7f130332
03-29 06:12:44.567  3055  3055 D Avrcp   : update #1:MediaPlayerInfo com.google.android.music (as 'Google Play Music') Type = 1, SubType = 0, Status = 0 Feature Bits [40 41 42 44 45 47 48 58 59 62 65 67] Controller: MediaController (com.google.android.music@2e9a466) null
03-29 06:12:44.567  3055  3055 V Avrcp   : updateNewIds: Addressed:1 to 1, Browse:0 to 0
03-29 06:12:44.568  3055  3055 D Avrcp   : updateCurrentController: MediaController (com.google.android.music@2e9a466) null to MediaController (com.google.android.music@2e9a466) null
03-29 06:12:44.570  3055  3055 V Avrcp   : updatePlaybackState (1): 00(PlaybackState {state=0, position=-1, buffered position=0, speed=0.0, updated=2622575, actions=0, custom actions=[], active item id=-1, error=null})
03-29 06:12:44.571  3055  3055 I Avrcp   : Skipping update due to invalid playback state
03-29 06:12:44.571  3055  3055 E Avrcp   : play status change 00 mPlayStatusChangedNT: 1
03-29 06:12:44.571  3055  3055 D Avrcp   : sendPlayPosNotificationRsp: Not registered or requesting.
03-29 06:12:44.572  3055  3055 V Avrcp   : updatePlaybackState (1): 00(PlaybackState {state=0, position=-1, buffered position=0, speed=0.0, updated=2622579, actions=0, custom actions=[], active item id=-1, error=null})
03-29 06:12:44.572  3055  3055 I Avrcp   : Skipping update due to invalid playback state
03-29 06:12:44.572  3055  3055 E Avrcp   : play status change 00 mPlayStatusChangedNT: 1
03-29 06:12:44.572  3055  3055 D Avrcp   : sendPlayPosNotificationRsp: Not registered or requesting.
03-29 06:12:44.586  4156  4156 D RegisteredNfcFServicesCache: Service unchanged, not updating
03-29 06:12:44.599 11903 11903 I zygote64: The ClassLoaderContext is a special shared library.
03-29 06:12:44.601  4156  4156 D RegisteredNfcFServicesCache: Service unchanged, not updating
03-29 06:12:44.601  3228  3228 D CarrierSvcBindHelper: No carrier app for: 0
03-29 06:12:44.601  3228  3228 D ImsResolver: maybeAddedImsService, packageName: com.android.vending
03-29 06:12:44.618   824   824 I Telecom : DefaultDialerCache: Refreshing default dialer for user 0: now com.google.android.dialer: DDC.oR@AI4
03-29 06:12:44.625   824   897 W ResourceType: No known package when getting value for resource number 0x7f0201eb
03-29 06:12:44.625   824   897 W ResourceType: No known package when getting value for resource number 0x7f0c0174
03-29 06:12:44.625   824   897 W ResourceType: No known package when getting value for resource number 0x7f0c0171
03-29 06:12:44.625   824   897 W ResourceType: No known package when getting value for resource number 0x7f0c0171
03-29 06:12:44.626   824   897 W ResourceType: No known package when getting value for resource number 0x7f0201ec
03-29 06:12:44.626   824   897 W ResourceType: No known package when getting value for resource number 0x7f0c0172
03-29 06:12:44.626   824   897 W ResourceType: No known package when getting value for resource number 0x7f0c016f
03-29 06:12:44.626   824   897 W ResourceType: No known package when getting value for resource number 0x7f0c016f
03-29 06:12:44.626   824   897 W ResourceType: No known package when getting value for resource number 0x7f0201ed
03-29 06:12:44.626   824   897 W ResourceType: No known package when getting value for resource number 0x7f0c0173
03-29 06:12:44.626   824   897 W ResourceType: No known package when getting value for resource number 0x7f0c0170
03-29 06:12:44.626   824   897 W ResourceType: No known package when getting value for resource number 0x7f0c0170
03-29 06:12:44.626  3228  3228 D CarrierSvcBindHelper: No carrier app for: 0
03-29 06:12:44.626  3228  3228 D ImsResolver: maybeAddedImsService, packageName: com.google.android.music
03-29 06:12:44.627 11712 11723 W zygote64: Suspending all threads took: 147.116ms
03-29 06:12:44.640   824   824 I Telecom : DefaultDialerCache: Refreshing default dialer for user 0: now com.google.android.dialer: DDC.oR@AI8
03-29 06:12:44.660 11750 11764 I zygote64: Waiting for a blocking GC ProfileSaver
03-29 06:12:44.698 11820 11893 D NetworkSecurityConfig: No Network Security Config specified, using platform default
03-29 06:12:44.777 11820 11893 I ProviderInstaller: Installed default security provider GmsCore_OpenSSL
03-29 06:12:44.881 11750 11764 I zygote64: WaitForGcToComplete blocked ProfileSaver on HeapTrim for 220.962ms
03-29 06:12:45.010  4091  4738 I chatty  : uid=10020(com.google.android.gms) highpool[2] expire 2 lines
03-29 06:12:45.141 11820 11916 I Babel_timeline: SafeLibraryLoader: loading in 0 ms, total: 0 ms
03-29 06:12:45.152 11820 11893 I Babel   : connection state changed from UNKNOWN to CONNECTED
03-29 06:12:45.201 11820 11916 I Babel_timeline: SafeLibraryLoader: loaded in 41 ms, total: 41 ms
03-29 06:12:45.350   824  9830 I ActivityManager: Killing 10654:com.google.android.apps.messaging/u0a87 (adj 906): empty #17
03-29 06:12:45.351   824   900 W zygote64: kill(-10654, 9) failed: No such process
03-29 06:12:45.394   824   900 I chatty  : uid=1000(system) ActivityManager identical 5 lines
03-29 06:12:45.438   824   900 W zygote64: kill(-10654, 9) failed: No such process
03-29 06:12:45.477 11903 11944 W YouTube : Fetching the Gservices key 'failsafe_maxnumbercrash_12_15' before the end of the bulk initialization
03-29 06:12:45.481   824   900 W zygote64: kill(-10654, 9) failed: No such process
03-29 06:12:45.522  4243  4275 I zygote64: WaitForGcToComplete blocked ProfileSaver on HeapTrim for 1.744s
03-29 06:12:45.525   824   900 W zygote64: kill(-10654, 9) failed: No such process
03-29 06:12:45.568   824   900 W zygote64: kill(-10654, 9) failed: No such process
03-29 06:12:45.607  4091  4749 I chatty  : uid=10020(com.google.android.gms) highpool[3] expire 2 lines
03-29 06:12:45.611   824   900 W zygote64: kill(-10654, 9) failed: No such process
03-29 06:12:45.634  4091 11073 I chatty  : uid=10020(com.google.android.gms) lowpool[29] expire 3 lines
03-29 06:12:45.655   824   900 W zygote64: kill(-10654, 9) failed: No such process
03-29 06:12:45.692   824  9827 I WifiService: getWifiEnabledState uid=10046
03-29 06:12:45.696   824   858 I WifiService: isScanAlwaysAvailable uid=10046
03-29 06:12:45.700   824   900 W zygote64: kill(-10654, 9) failed: No such process
03-29 06:12:45.791   824   900 W zygote64: kill(-10654, 9) failed: No such process
03-29 06:12:45.813   824  4183 I WifiService: getConnectionInfo uid=10046
03-29 06:12:45.836   824   900 W zygote64: kill(-10654, 9) failed: No such process
03-29 06:12:45.843   824  9830 I WifiService: getWifiEnabledState uid=10046
03-29 06:12:45.844  4243  8533 W Settings: Setting mobile_data has moved from android.provider.Settings.Secure to android.provider.Settings.Global.
03-29 06:12:45.881   824   900 W zygote64: kill(-10654, 9) failed: No such process
03-29 06:12:45.968   824   900 W zygote64: kill(-10654, 9) failed: No such process
03-29 06:12:45.972 11352 11363 W zygote64: Suspending all threads took: 15.190ms
03-29 06:12:45.976   824  9832 I WifiService: getConnectionInfo uid=10046
03-29 06:12:45.978   824  4178 I WifiService: getWifiEnabledState uid=10046
03-29 06:12:45.979  4243 10619 W Settings: Setting mobile_data has moved from android.provider.Settings.Secure to android.provider.Settings.Global.
03-29 06:12:46.003 11903 11934 I zygote64: The ClassLoaderContext is a special shared library.
03-29 06:12:46.013   824   900 W zygote64: kill(-10654, 9) failed: No such process
03-29 06:12:46.039 11903 11939 W YouTube : Fetching the Gservices key 'disable_binder_callback_flush' before the end of the bulk initialization
03-29 06:12:46.054   824   900 W zygote64: kill(-10654, 9) failed: No such process
03-29 06:12:46.141   824   900 W zygote64: kill(-10654, 9) failed: No such process
03-29 06:12:46.174  6854  6870 W zygote64: Couldn't lock the profile file /data/misc/profiles/cur/0/com.google.android.googlequicksearchbox/primary.prof: Failed to lock file '/data/misc/profiles/cur/0/com.google.android.googlequicksearchbox/primary.prof': Try again
03-29 06:12:46.174  6854  6870 W zygote64: Could not forcefully load profile /data/misc/profiles/cur/0/com.google.android.googlequicksearchbox/primary.prof
03-29 06:12:46.180 11903 11903 V MediaRouter: Adding route: RouteInfo{ name=Phone, description=null, status=null, category=RouteCategory{ name=System types=ROUTE_TYPE_LIVE_AUDIO ROUTE_TYPE_LIVE_VIDEO  groupable=false }, supportedTypes=ROUTE_TYPE_LIVE_AUDIO ROUTE_TYPE_LIVE_VIDEO , presentationDisplay=null }
03-29 06:12:46.185   824   900 W zygote64: kill(-10654, 9) failed: No such process
03-29 06:12:46.188 11903 11934 I zygote64: The ClassLoaderContext is a special shared library.
03-29 06:12:46.196 11903 11903 V MediaRouter: Selecting route: RouteInfo{ name=Phone, description=null, status=null, category=RouteCategory{ name=System types=ROUTE_TYPE_LIVE_AUDIO ROUTE_TYPE_LIVE_VIDEO  groupable=false }, supportedTypes=ROUTE_TYPE_LIVE_AUDIO ROUTE_TYPE_LIVE_VIDEO , presentationDisplay=null }
03-29 06:12:46.230   824   900 W zygote64: kill(-10654, 9) failed: No such process
03-29 06:12:46.261   824   907 W ActivityManager: setHasOverlayUi called on unknown pid: 10654
03-29 06:12:46.278   824   900 W zygote64: kill(-10654, 9) failed: No such process
03-29 06:12:46.280 11903 11934 I zygote64: The ClassLoaderContext is a special shared library.
03-29 06:12:46.299   824  3259 I WifiService: getConnectionInfo uid=10097
03-29 06:12:46.299   824  3259 D WifiPermissionsUtil: Denied: no location permission
03-29 06:12:46.300   824  3259 D WifiPermissionsUtil: Denied: caller is not the current USE_OPEN_WIFI_PACKAGE
03-29 06:12:46.313   824   900 W zygote64: kill(-10654, 9) failed: No such process
03-29 06:12:46.313   824   900 I zygote64: Successfully killed process cgroup uid 10087 pid 10654 in 962ms
03-29 06:12:46.416  4091 11957 I chatty  : uid=10020 com.google.android.gms.persistent expire 2 lines
03-29 06:12:46.425   610  5359 D audio_hw_primary: enable_snd_device: snd_device(2: speaker)
03-29 06:12:46.425   610  5359 D audio_route: Apply path: speaker
03-29 06:12:46.428   610  5359 D audio_hw_primary: enable_audio_route: usecase(1) apply and update mixer path: low-latency-playback speaker
03-29 06:12:46.428   610  5359 D audio_route: Apply path: low-latency-playback speaker
03-29 06:12:46.466   824  4183 I WifiService: getConnectionInfo uid=10034
03-29 06:12:46.505   824   897 D SyncManager: failed sync operation JobId=103984 youngforyou520@gmail.com/com.google u0 [com.android.contacts] SERVER ExpectedIn=-1s Reason=AutoSync, SyncResult: syncAlreadyInProgress: true stats []
03-29 06:12:46.521   610  5359 D audio_hw_primary: out_write: retry previous failed cal level set
03-29 06:12:46.633  4091  4091 I chatty  : uid=10020 com.google.android.gms.persistent expire 10 lines
03-29 06:12:46.785   824  3084 I WifiService: getConnectionInfo uid=10097
03-29 06:12:46.785   824  3084 D WifiPermissionsUtil: Denied: no location permission
03-29 06:12:46.785   824  3084 D WifiPermissionsUtil: Denied: caller is not the current USE_OPEN_WIFI_PACKAGE
03-29 06:12:46.787 11903 11903 V MediaRouter: Selecting route: RouteInfo{ name=Phone, description=null, status=null, category=RouteCategory{ name=System types=ROUTE_TYPE_LIVE_AUDIO ROUTE_TYPE_LIVE_VIDEO  groupable=false }, supportedTypes=ROUTE_TYPE_LIVE_AUDIO ROUTE_TYPE_LIVE_VIDEO , presentationDisplay=null }
03-29 06:12:46.818   824  9829 W ActivityManager: Permission Denial: Accessing service ComponentInfo{com.google.android.music/com.google.android.music.dial.DialMediaRouteProviderService} from pid=11903, uid=10097 that is not exported from uid 10082
03-29 06:12:46.831   824  3304 I WifiService: getConnectionInfo uid=10097
03-29 06:12:46.832   824  3304 D WifiPermissionsUtil: Denied: no location permission
03-29 06:12:46.832   824  3304 D WifiPermissionsUtil: Denied: caller is not the current USE_OPEN_WIFI_PACKAGE
03-29 06:12:46.847 11559 11569 W zygote64: Suspending all threads took: 67.081ms
03-29 06:12:46.856 10515 11981 W AbstractGoogleClient: Application name is not set. Call Builder#setApplicationName.
03-29 06:12:46.923   824  3304 I WifiService: getWifiEnabledState uid=10020
03-29 06:12:46.924   824  3084 I WifiService: getConnectionInfo uid=10020
03-29 06:12:46.927   824  9830 I WifiService: getWifiEnabledState uid=10020
03-29 06:12:46.927   824  9824 I WifiService: getConnectionInfo uid=10020
03-29 06:12:46.929   824  4183 I WifiService: getWifiEnabledState uid=10020
03-29 06:12:46.930   824  3259 I WifiService: getConnectionInfo uid=10020
03-29 06:12:46.931   824  4182 I WifiService: getWifiEnabledState uid=10020
03-29 06:12:46.932   824  9827 I WifiService: getConnectionInfo uid=10020
03-29 06:12:46.940   824  3304 I WifiService: getConnectionInfo uid=10020
03-29 06:12:46.945   824   857 I WifiService: acquireMulticastLock uid=10020
03-29 06:12:46.946   428   428 D WifiHAL : Setting APF program, halHandle = 0x70e022e980
03-29 06:12:46.946   428   428 I WifiHAL : 
03-29 06:12:46.946   428   428 I WifiHAL : createRequest: APF set program request
03-29 06:12:46.947   428   428 I WifiHAL : Done!
03-29 06:12:46.949   824   858 I WifiService: getWifiEnabledState uid=10020
03-29 06:12:46.949   824  9832 I WifiService: getConnectionInfo uid=10020
03-29 06:12:46.951  4285  5238 I chatty  : uid=10020(com.google.android.gms) expire 10 lines
03-29 06:12:46.953   824  4183 I WifiService: releaseMulticastLock uid=10020
03-29 06:12:46.955   428   428 D WifiHAL : Setting APF program, halHandle = 0x70e022e980
03-29 06:12:46.955   428   428 I WifiHAL : 
03-29 06:12:46.955   428   428 I WifiHAL : createRequest: APF set program request
03-29 06:12:46.957   428   428 I WifiHAL : Done!
03-29 06:12:46.959   824  3083 I WifiService: acquireMulticastLock uid=10020
03-29 06:12:46.960   428   428 D WifiHAL : Setting APF program, halHandle = 0x70e022e980
03-29 06:12:46.960   428   428 I WifiHAL : 
03-29 06:12:46.960   428   428 I WifiHAL : createRequest: APF set program request
03-29 06:12:46.961   428   428 I WifiHAL : Done!
03-29 06:12:46.973   599   972 E QC-QMI  : linux_qmi_qmux_io_wake_lock: Err in writing wakelock=qmuxd_port_wl_0, error [1:Operation not permitted]
03-29 06:12:46.974   599   972 E QC-QMI  : linux_qmi_qmux_io_wake_unlock: Err in writing wakelock=qmuxd_port_wl_0, error [1:Operation not permitted]
03-29 06:12:47.037   610   759 D audio_hw_primary: disable_audio_route: usecase(1) reset and update mixer path: low-latency-playback speaker
03-29 06:12:47.045   610   759 D audio_hw_primary: disable_snd_device: snd_device(2: speaker)
03-29 06:12:47.049 11903 12000 D NetworkSecurityConfig: No Network Security Config specified, using platform default
03-29 06:12:47.117  4539  4549 I zygote64: Background concurrent copying GC freed 7460(560KB) AllocSpace objects, 2(104KB) LOS objects, 49% free, 2MB/4MB, paused 45us total 183.986ms
