01-01 07:00:15.183   824   857 W ActivityManager: Unable to start service Intent { act=com.google.android.gms.analytics.service.START cmp=com.google.android.gms/.analytics.service.AnalyticsService (has extras) } U=0: not found
01-01 07:00:15.691   428   428 I android.hardware.wifi@1.0-service: Wifi HAL started
01-01 07:00:15.748   824  4183 I ActivityManager: START u0 {act=com.android.wizard.NEXT cmp=com.google.android.setupwizard/.WizardManagerActivity (has extras)} from uid 10036
01-01 07:00:15.799   824   857 I ActivityManager: START u0 {act=com.google.android.setupwizard.SUGGESTED_ACTIONS flg=0x4000000 cmp=com.google.android.setupwizard/.user.SuggestedActionsActivity (has extras)} from uid 10036
01-01 07:00:15.904   824  3084 I ActivityManager: START u0 {act=com.android.wizard.NEXT cmp=com.google.android.setupwizard/.WizardManagerActivity (has extras)} from uid 10036
01-01 07:00:15.930   824  4183 I ActivityManager: START u0 {act=com.google.android.setupwizard.LOAD_LAUNCHER_LAYOUT flg=0x4000000 cmp=com.google.android.setupwizard/.user.LoadLauncherLayout (has extras)} from uid 10036
01-01 07:00:16.340   621   621 I wificond: create scanner for interface with index: 5
01-01 07:00:16.341   621   621 I wificond: subscribe scan result for interface with index: 5
01-01 07:00:16.343   621   621 E wificond: No Offload Service available
01-01 07:00:16.343   621   621 I wificond: Offload HAL not supported 
01-01 07:00:16.528   824  4178 D CryptdConnector: SND -> {8 cryptfs getpwtype}
01-01 07:00:16.529   395   412 D VoldCryptCmdListener: cryptfs getpwtype
01-01 07:00:16.531   824  2315 D CryptdConnector: RCV <- {213 8 default}
01-01 07:00:16.598   824  4178 I ActivityManager: Start proc 6508:com.google.android.videos/u0a94 for broadcast com.google.android.videos/.service.pinning.TransferService$Receiver
01-01 07:00:17.455   824  3084 I ActivityManager: Killing 5953:com.google.android.configupdater/u0a6 (adj 906): empty #17
01-01 07:00:18.022   824  4193 I ActivityManager: Killing 5987:com.google.android.contacts/u0a21 (adj 906): empty #17
01-01 07:00:18.299   824  4182 W ActivityManager: Background start not allowed: service Intent { cmp=com.google.android.videos/.service.pinning.TransferService (has extras) } to com.google.android.videos/.service.pinning.TransferService from pid=6508 uid=10094 pkg=com.google.android.videos
01-01 07:00:18.355   824  4183 W ActivityManager: Background start not allowed: service Intent { cmp=com.google.android.videos/.service.pinning.TransferService (has extras) } to com.google.android.videos/.service.pinning.TransferService from pid=6508 uid=10094 pkg=com.google.android.videos
01-01 07:00:18.535   824  6275 I ActivityManager: Killing 6000:com.android.keychain/1000 (adj 906): empty #17
01-01 07:00:18.582   824   858 I ActivityManager: Start proc 6559:com.huawei.sarcontrolservice/u0a75 for broadcast com.huawei.sarcontrolservice/.BootReceiver
01-01 07:00:18.692   824  4178 I ActivityManager: Start proc 6574:com.qualcomm.telephony/1000 for broadcast com.qualcomm.atfwd/.AtFwdAutoboot
01-01 07:00:18.726   824  3304 I ActivityManager: Start proc 6589:com.qualcomm.qcrilmsgtunnel/1001 for service com.qualcomm.qcrilmsgtunnel/.QcrilMsgTunnelService
01-01 07:00:18.754  6574  6574 W ContextImpl: Calling a method in the system process without a qualified user: android.app.ContextImpl.startService:1476 android.content.ContextWrapper.startService:650 android.content.ContextWrapper.startService:650 com.qualcomm.atfwd.AtFwdAutoboot.onReceive:27 android.app.ActivityThread.handleReceiver:3187 
01-01 07:00:18.855   824  4172 I ActivityManager: Start proc 6613:org.codeaurora.ims/1001 for broadcast org.codeaurora.ims/.ImsServiceAutoboot
01-01 07:00:18.951   824  4180 I ActivityManager: Finished processing BOOT_COMPLETED for u0
01-01 07:00:18.951   824  4180 I ActivityManager: Killing 6027:com.google.android.deskclock/u0a89 (adj 906): empty #17
01-01 07:00:19.037   824  4172 I ActivityManager: Start proc 6628:com.google.android.deskclock/u0a89 for broadcast com.google.android.deskclock/com.android.deskclock.AlarmInitReceiver
01-01 07:00:19.566   824  6275 I ActivityManager: Killing 6041:com.google.android.gms.feedback/u0a20 (adj 906): empty #17
01-01 07:00:19.689   824   898 I ActivityManager: Start proc 6658:com.qualcomm.timeservice/1000 for broadcast com.qualcomm.timeservice/.TimeServiceBroadcastReceiver
01-01 07:00:19.723   824   824 I Telecom : DefaultDialerCache: Refreshing default dialer for user 0: now com.google.android.dialer: DDC.oR@AEM
01-01 07:00:19.754   824   824 I Telecom : DefaultDialerCache: Refreshing default dialer for user 0: now com.google.android.dialer: DDC.oR@AEQ
01-01 07:00:19.778   824   824 I Telecom : DefaultDialerCache: Refreshing default dialer for user 0: now com.google.android.dialer: DDC.oR@AEU
01-01 07:00:19.802   824  3259 I ActivityManager: Killing 6062:com.google.android.dialer/u0a24 (adj 906): empty #17
01-01 07:00:19.803   824   824 I Telecom : DefaultDialerCache: Refreshing default dialer for user 0: now com.google.android.dialer: DDC.oR@AEY
01-01 07:00:19.821   824   824 I Telecom : DefaultDialerCache: Refreshing default dialer for user 0: now com.google.android.dialer: DDC.oR@AEc
01-01 07:00:19.837   824  3083 W ActivityManager: Scheduling restart of crashed service com.google.android.gms/.feedback.FeedbackService in 1000ms
01-01 07:00:19.845   824   824 I Telecom : DefaultDialerCache: Refreshing default dialer for user 0: now com.google.android.dialer: DDC.oR@AEg
01-01 07:00:19.868   824   824 I Telecom : DefaultDialerCache: Refreshing default dialer for user 0: now com.google.android.dialer: DDC.oR@AEk
01-01 07:00:19.919   824  4180 I ActivityManager: Start proc 6674:com.google.android.apps.walletnfcrel/u0a95 for broadcast com.google.android.apps.walletnfcrel/com.google.android.libraries.social.notifications.impl.TimezoneChangeReceiver
01-01 07:00:20.188   824  3259 W ActivityManager: Unable to start service Intent { act=com.google.android.gms.analytics.service.START cmp=com.google.android.gms/.analytics.service.AnalyticsService (has extras) } U=0: not found
01-01 07:00:20.484   824  3084 I ActivityManager: Killing 3866:com.android.settings/1000 (adj 906): empty #17
01-01 07:00:20.572   824  3259 D CryptdConnector: SND -> {9 cryptfs getpwtype}
01-01 07:00:20.573   395   412 D VoldCryptCmdListener: cryptfs getpwtype
01-01 07:00:20.576   824  2315 D CryptdConnector: RCV <- {213 9 default}
01-01 07:00:20.633   824  4193 I ActivityManager: Killing 6180:com.google.android.gm/u0a90 (adj 906): empty #17
01-01 07:00:20.734   824  4193 I ActivityManager: Start proc 6704:com.google.android.apps.maps/u0a81 for broadcast com.google.android.apps.maps/com.google.android.apps.gmm.ugc.ataplace.AtAPlaceService
01-01 07:00:20.924   824   907 W ActivityManager: setHasOverlayUi called on unknown pid: 3866
01-01 07:00:21.458   824  3304 D CryptdConnector: SND -> {10 cryptfs getpwtype}
01-01 07:00:21.459   395   412 D VoldCryptCmdListener: cryptfs getpwtype
01-01 07:00:21.467   824  2315 D CryptdConnector: RCV <- {213 10 default}
01-01 07:00:22.972   824  3083 I ActivityManager: Killing 6224:com.google.android.googlequicksearchbox/u0a46 (adj 906): empty #17
01-01 07:00:23.228   824  4178 I ActivityManager: Start proc 6749:com.google.android.gm/u0a90 for broadcast com.google.android.gm/.widget.GmailWidgetProvider
01-01 07:00:23.401  6749  6766 D ActivityThread: Loading provider com.google.android.gmail.provider;com.android.mail.notifier;com.google.android.gm.email.provider;com.google.android.gm.tasks.provider;com.google.android.gm.email.notifier: com.android.email.provider.EmailProvider
01-01 07:00:23.698   824  4172 W ActivityManager: Unable to start service Intent { cmp=com.google.android.gm.exchange/com.android.exchange.service.EasService } U=0: not found
01-01 07:00:24.098   824  4182 W ActivityManager: Unable to start service Intent { cmp=com.google.android.gm/com.android.email.service.AttachmentService } U=0: not found
01-01 07:00:24.124   824  4180 W ActivityManager: Unable to start service Intent { cmp=com.google.android.gm.exchange/com.android.exchange.service.EasService } U=0: not found
01-01 07:00:28.557   824  4193 W ActivityManager: Unable to start service Intent { act=com.google.android.gms.analytics.service.START cmp=com.google.android.gms/.analytics.service.AnalyticsService (has extras) } U=0: not found
01-01 07:00:29.552   824  4180 I Telecom : PhoneAccountRegistrar: SimCallManager queried, returning: null: TSI.gSCM@AEo
01-01 07:00:29.569   824  4183 I Telecom : PhoneAccountRegistrar: SimCallManager queried, returning: null: TSI.gSCM@AEw
01-01 07:00:30.931   824  3304 I ActivityManager: Killing 6282:com.android.chrome/u0a61 (adj 906): empty #17
01-01 07:00:30.942   824  4178 I ActivityManager: Killing 6308:com.google.android.onetimeinitializer/u0a22 (adj 906): empty #17
01-01 07:00:33.565   824  3304 W ActivityManager: Unable to start service Intent { act=com.google.android.gms.analytics.service.START cmp=com.google.android.gms/.analytics.service.AnalyticsService (has extras) } U=0: not found
01-01 07:00:33.672   824   898 I ActivityManager: Waited long enough for: ServiceRecord{72ba962 u0 com.huawei.sarcontrolservice/.SarControlService}
01-01 07:00:33.757   824   898 I ActivityManager: Waited long enough for: ServiceRecord{9e502ba u0 com.qualcomm.atfwd/.AtFwdService}
01-01 07:00:33.965   824  3083 I ActivityManager: Killing 6330:com.google.android.packageinstaller/u0a26 (adj 906): empty #17
01-01 07:00:34.041   824   905 D UsbDeviceManager: applyOemOverride usbfunctions=mtp bootmode=normal
01-01 07:00:34.414   824  3083 W BroadcastQueue: Background execution not allowed: receiving Intent { act=com.google.android.gsf.settings.GoogleLocationSettings.UPDATE_LOCATION_SETTINGS flg=0x10 } to com.google.android.gsf/.settings.GoogleLocationSettings$LocationSettingsChangedListener
01-01 07:00:34.433   824  4172 I ActivityManager: START u0 {act=com.android.wizard.NEXT cmp=com.google.android.setupwizard/.WizardManagerActivity (has extras)} from uid 10036
01-01 07:00:34.493   824  6275 I ActivityManager: START u0 {act=com.google.android.setupwizard.KID_POST_SETUP flg=0x4000000 cmp=com.google.android.setupwizard/.account.KidPostSetupWrapper (has extras)} from uid 10036
01-01 07:00:34.693   824  4183 I ActivityManager: START u0 {act=com.android.wizard.NEXT cmp=com.google.android.setupwizard/.WizardManagerActivity (has extras)} from uid 10036
01-01 07:00:34.765   824  4193 I ActivityManager: START u0 {act=com.android.setupwizard.EXIT flg=0x4000000 cmp=com.google.android.setupwizard/.SetupWizardExitActivity (has extras)} from uid 10036
01-01 07:00:34.798   824  3304 D WindowManager: relayoutVisibleWindow: Window{6699333 u0 com.google.android.setupwizard/com.google.android.setupwizard.user.GoogleServicesWrapper EXITING} mAnimatingExit=true, mRemoveOnExit=false, mDestroying=false
01-01 07:00:34.984   824   858 W ActivityManager: Unable to start service Intent { act=com.google.android.c2dm.intent.REGISTRATION pkg=com.google.android.apps.maps } U=0: not found
01-01 07:00:35.044   824  4182 D WifiService: setWifiEnabled: true pid=3352, uid=10036, package=com.google.android.setupwizard
01-01 07:00:35.067   824  3001 E WifiP2pService: Unable to change interface settings: java.lang.IllegalStateException: command '37 interface setcfg p2p0 0.0.0.0 0 up' failed with '400 37 Failed to clear address (No such device)'
01-01 07:00:35.082   824   898 W BroadcastQueue: Permission Denial: broadcasting Intent { act=com.google.android.gsf.settings.GoogleLocationSettings.UPDATE_LOCATION_SETTINGS flg=0x10 } from com.google.android.setupwizard (pid=3352, uid=10036) is not exported from uid 10020 due to receiver com.google.android.gms/.chimera.GmsIntentOperationService$PersistentInternalReceiver
01-01 07:00:35.082   824   898 W BroadcastQueue: Background execution not allowed: receiving Intent { act=com.google.android.gsf.settings.GoogleLocationSettings.UPDATE_LOCATION_SETTINGS flg=0x10 } to com.google.android.gsf/.settings.GoogleLocationSettings$LocationSettingsChangedListener
01-01 07:00:35.141   824   824 I LockSettingsService: Reporting device setup complete to IGateKeeperService
01-01 07:00:35.154   824  4172 I ActivityManager: START u0 {act=android.intent.action.MAIN cat=[android.intent.category.HOME] flg=0x10208000 cmp=com.google.android.googlequicksearchbox/com.google.android.launcher.GEL} from uid 10036
01-01 07:00:35.189   824  4172 I ActivityManager: Start proc 6854:com.google.android.googlequicksearchbox/u0a46 for activity com.google.android.googlequicksearchbox/com.google.android.launcher.GEL
01-01 07:00:35.221   824   857 W ActivityManager: Finishing task with all activities already finished
01-01 07:00:35.221   824   857 W ActivityManager: Duplicate finish request for ActivityRecord{b65b442 u0 com.google.android.setupwizard/.SetupWizardExitActivity t2 f}
01-01 07:00:35.262   824   824 I DevicePolicyManager: Set ro.device_owner property to false
01-01 07:00:35.280   824   905 D UsbDeviceManager: applyOemOverride usbfunctions=mtp bootmode=normal
01-01 07:00:39.421   824   824 I Telecom : DefaultDialerCache: Refreshing default dialer for user 0: now com.google.android.dialer: DDC.oR@AE8
01-01 07:00:39.431   824   897 I ActivityManager: Killing 6352:com.google.android.partnersetup/u0a25 (adj 906): empty #17
01-01 07:00:39.451   824   824 I Telecom : DefaultDialerCache: Refreshing default dialer for user 0: now com.google.android.dialer: DDC.oR@AFA
01-01 07:00:39.474   824   824 I Telecom : DefaultDialerCache: Refreshing default dialer for user 0: now com.google.android.dialer: DDC.oR@AFE
01-01 07:00:40.947   824   898 I ActivityManager: Killing 6399:com.google.android.storagemanager/u0a39 (adj 906): empty #17
01-01 07:00:41.088   824  6275 I ActivityManager: Killing 6416:com.google.process.gapps/u0a67 (adj 906): empty #17
01-01 07:00:44.018   824  3084 I ActivityManager: START u0 {act=android.intent.action.MAIN cat=[android.intent.category.LAUNCHER] flg=0x10200000 cmp=com.android.settings/.Settings (has extras)} from uid 10046
01-01 07:00:44.059   824  4182 I ActivityManager: Start proc 7005:com.android.settings/1000 for activity com.android.settings/.Settings
01-01 07:00:44.407   824   901 E KernelUidCpuFreqTimeReader: Failed to read /proc/uid_time_in_state: java.io.FileNotFoundException: /proc/uid_time_in_state (No such file or directory)
01-01 07:00:45.305   824   857 W ActivityManager: Unable to start service Intent { cmp=com.google.android.gm.exchange/com.android.exchange.service.EasService } U=0: not found
01-01 07:00:49.490   824  3083 I ActivityManager: START u0 {flg=0x8000 cmp=com.android.settings/.support.SupportDashboardActivity (has extras)} from uid 1000
01-01 07:00:49.545   824  4183 I ActivityManager: START u0 {cmp=com.android.settings/.Settings$LegacySupportActivity} from uid 1000
01-01 07:00:50.415   824   824 I Telecom : DefaultDialerCache: Refreshing default dialer for user 0: now com.google.android.dialer: DDC.oR@AFI
01-01 07:00:50.574   824   901 E KernelUidCpuFreqTimeReader: Failed to read /proc/uid_time_in_state: java.io.FileNotFoundException: /proc/uid_time_in_state (No such file or directory)
01-01 07:00:51.403   824  6275 I ActivityManager: START u0 {flg=0x8000 cmp=com.android.settings/.Settings$SystemDashboardActivity (has extras)} from uid 1000
01-01 07:00:54.552   824  3304 I ActivityManager: START u0 {cmp=com.google.android.gms/.update.SystemUpdateActivity} from uid 1000
01-01 07:00:56.482   824   898 I ActivityManager: Killing 4939:android.process.acore/u0a2 (adj 906): empty #17
01-01 07:00:56.639   824   857 I ActivityManager: START u0 {act=android.intent.action.MAIN cmp=com.android.settings/.SubSettings (has extras)} from uid 1000
01-01 07:00:58.405   824  4180 I NotificationService: cancelToast pkg=com.android.settings callback=android.app.ITransientNotification$Stub$Proxy@bc528ce
01-01 07:00:58.407   824  4180 W WindowManager: removeWindowToken: Attempted to remove non-existing token: android.os.Binder@9c4f0f6
01-01 07:00:58.555   824  3083 I NotificationService: cancelToast pkg=com.android.settings callback=android.app.ITransientNotification$Stub$Proxy@68f03da
01-01 07:00:58.558   824  3083 W WindowManager: removeWindowToken: Attempted to remove non-existing token: android.os.Binder@2133193
01-01 07:00:58.711   824  4180 I NotificationService: cancelToast pkg=com.android.settings callback=android.app.ITransientNotification$Stub$Proxy@be983a6
01-01 07:00:58.716   824  4180 W WindowManager: removeWindowToken: Attempted to remove non-existing token: android.os.Binder@ff74985
01-01 07:00:58.906   824  6275 I NotificationService: cancelToast pkg=com.android.settings callback=android.app.ITransientNotification$Stub$Proxy@31a3432
01-01 07:00:58.911   824  6275 W WindowManager: removeWindowToken: Attempted to remove non-existing token: android.os.Binder@267f901
01-01 07:00:59.847   824  4180 I ActivityManager: Killing 6433:com.google.android.talk/u0a76 (adj 906): empty #17
01-01 07:01:01.611   824  4172 I ActivityManager: START u0 {act=android.intent.action.MAIN cmp=com.android.settings/.SubSettings (has extras)} from uid 1000
01-01 07:01:01.691   824  4180 E UserRestrictionsUtils: Unknown restriction: null
01-01 07:01:01.692   824   857 E UserRestrictionsUtils: Unknown restriction: null
01-01 07:01:01.695   824   858 E UserRestrictionsUtils: Unknown restriction: null
01-01 07:01:01.716   824  4182 D CryptdConnector: SND -> {11 cryptfs isConvertibleToFBE}
01-01 07:01:01.717   395   412 D VoldCryptCmdListener: cryptfs isConvertibleToFBE
01-01 07:01:01.718   824  2315 D CryptdConnector: RCV <- {200 11 1}
01-01 07:01:01.913   824  4178 I ActivityManager: Killing 5061:com.google.android.gms.unstable/u0a20 (adj 906): empty #17
01-01 07:01:02.418   824   824 W WindowManager: removeWindowToken: Attempted to remove non-existing token: android.os.Binder@7da243d
01-01 07:01:07.546   824   905 D UsbDeviceManager: applyOemOverride usbfunctions=adb bootmode=normal
01-01 07:01:07.546   824   905 I UsbDeviceManager: Setting USB config to adb
01-01 07:01:08.372   824  6275 I ActivityManager: Start proc 7182:com.google.android.apps.gcs/u0a18 for service com.google.android.apps.gcs/.steen.service.ClearDatabaseTaskService
01-01 07:01:08.777   824  2284 I ActivityManager: START u0 {act=android.intent.action.MAIN cat=[android.intent.category.HOME] flg=0x10200000 cmp=com.google.android.googlequicksearchbox/com.google.android.launcher.GEL (has extras)} from uid 1000
01-01 07:01:09.013   824   824 I Telecom : DefaultDialerCache: Refreshing default dialer for user 0: now com.google.android.dialer: DDC.oR@AFQ
01-01 07:01:09.916   824  3084 I ActivityManager: Start proc 7230:com.google.android.gms:car/u0a20 for service com.google.android.gms/.car.CarService
01-01 07:01:10.739   824  4172 W ActivityManager: Unable to start service Intent { act=local_action cmp=com.google.android.gms/.car.InCallService2 } U=0: not found
01-01 07:01:10.978   824  4183 W ActivityManager: Unbind failed: could not find connection for android.os.BinderProxy@bd07e39
01-01 07:01:12.904   824  3083 I ActivityManager: Start proc 7263:com.google.android.gms.unstable/u0a20 for service com.google.android.gms/.droidguard.DroidGuardService
01-01 07:01:19.112   824  4172 I ActivityManager: Killing 6508:com.google.android.videos/u0a94 (adj 906): empty #17
01-01 07:01:20.687   824   898 W BroadcastQueue: Background execution not allowed: receiving Intent { act=android.intent.action.ACTION_POWER_DISCONNECTED flg=0x4000010 (has extras) } to com.google.android.apps.photos/.scheduler.PowerReceiver
01-01 07:01:20.694   824  2281 I UsbPortManager: ClientCallback: otg_default
01-01 07:01:20.695   824   905 I UsbPortManager: USB port changed: port=UsbPort{id=otg_default, supportedModes=dual}, status=UsbPortStatus{connected=false, currentMode=none, currentPowerRole=no-power, currentDataRole=no-data, supportedRoleCombinations=[no-power:no-data]}, canChangeMode=true, canChangePowerRole=false, canChangeDataRole=false
01-01 07:01:20.726   824   901 E KernelUidCpuFreqTimeReader: Failed to read /proc/uid_time_in_state: java.io.FileNotFoundException: /proc/uid_time_in_state (No such file or directory)
01-01 07:01:20.732   824   901 I BatteryStatsImpl: Resetting battery stats: level=91 status=2 dischargeLevel=91 lowAmount=0 highAmount=0
01-01 07:01:20.743   824   901 E KernelUidCpuFreqTimeReader: Failed to read /proc/uid_time_in_state: java.io.FileNotFoundException: /proc/uid_time_in_state (No such file or directory)
01-01 07:01:20.820   824   824 I Telecom : DefaultDialerCache: Refreshing default dialer for user 0: now com.google.android.dialer: DDC.oR@AFU
01-01 07:01:21.929   824  5602 I UsbPortManager: ClientCallback: otg_default
01-01 07:01:21.930   824   905 I UsbPortManager: USB port changed: port=UsbPort{id=otg_default, supportedModes=dual}, status=UsbPortStatus{connected=true, currentMode=ufp, currentPowerRole=sink, currentDataRole=device, supportedRoleCombinations=[source:host, sink:device]}, canChangeMode=true, canChangePowerRole=false, canChangeDataRole=false
01-01 07:01:22.685   824   824 I EntropyMixer: Writing entropy...
01-01 07:01:22.687   824   898 W BroadcastQueue: Background execution not allowed: receiving Intent { act=android.intent.action.ACTION_POWER_CONNECTED flg=0x4000010 (has extras) } to com.google.android.apps.photos/.scheduler.PowerReceiver
01-01 07:01:22.985   824   905 D UsbDeviceManager: push notification:USB charging this device
01-01 07:01:23.497   824  7180 D UsbDebuggingManager: Received public key: QAAAAPOAGaPFZwpLeSCvv5eJN8PAQpekmxFTHfUw5Nly/JKsyBDx1kIF5cn0jGJpd/YPJ4o2FztH9tz0dcfZk/gY+6b3Vhc8MxS2UMe46+ehQxG1Us6mozQURhjqmVrtNck2P3jFeG1A4rnC4G41/pOGtu9FNYoMgJoYKL3vvv6Cyc/9oIt30A4CQEECt4GWJY88TQ4EYMHnJEDoWNUJQnrCl+Hiy1Ik1h9qRjYA1ivzh5E24KRsmTFViogYfNYIlNMBe3iEvC9XQYwPeX9lsfI0w7SYABpDt3opDdA0d8jlDjzGwj9f7qre5a8T0pDOc1T5vosl5zOCeZXZoQ/5nIBkbeFUz/fTHkscR1LhxdesIzIT/TDBCOX++Wr6yfcDf8SXcI7+znLRRf5NZyrytKpKHDRpt7XTUC0cxIRUtj4Vz7TUZqnLbjTJCF98R2/8k/ym9m1ioCr6GlrBJIF9tP45S5jwT0/fvYMBAoBTEITdZ+Br9+rSylB6RjvqIKlwS2tYabfmBVMyBLcZI36/Jtke35hVzx2I/iVbu7KfL2g2U3mHlQ0QN6lkNQxFlBwPIgIf/xKe3/MszCwVO+O/KlK/yJVA9KE/VyfA28VT3pUmFXzUhjzl26/mN4VoEfx4x1pb3HNP++T5XbKkYWXvKEw8CvDn0Ft+4EdcuUfqkDSs0+tIvrzOLAEAAQA= han@han
01-01 07:01:23.500   824   905 I ActivityManager: START u0 {flg=0x10000000 cmp=com.android.systemui/.usb.UsbDebuggingActivity (has extras)} from uid 1000
01-01 07:01:35.929   824   824 I Telecom : DefaultDialerCache: Refreshing default dialer for user 0: now com.google.android.dialer: DDC.oR@AFg
01-01 07:01:44.028   824   857 I ActivityManager: Killing 6658:com.qualcomm.timeservice/1000 (adj 906): empty #17
01-01 07:01:44.029   824   857 I ActivityManager: Killing 6613:org.codeaurora.ims/1001 (adj 906): empty #18
01-01 07:01:55.458   824   909 I PowerManagerService: Going to sleep due to screen timeout (uid 1000)...
01-01 07:01:56.036   824   909 I DisplayPowerController: Blocking screen off
01-01 07:01:56.037   824   909 I DisplayPowerController: Unblocked screen off after 1 ms
01-01 07:01:56.057   824   907 I DisplayManagerService: Display device changed state: "Built-in Screen", OFF
01-01 07:01:56.370   824   909 I DreamManagerService: Entering dreamland.
01-01 07:01:56.372   824   909 I PowerManagerService: Dozing...
01-01 07:01:56.373   824   905 I DreamController: Starting dream: name=ComponentInfo{com.android.systemui/com.android.systemui.doze.DozeService}, isTest=false, canDoze=true, userId=0
01-01 07:02:00.559   824  3083 D CryptdConnector: SND -> {12 cryptfs getpw}
01-01 07:02:00.561   395   412 D VoldCryptCmdListener: cryptfs getpw
01-01 07:02:00.561   824  2315 D CryptdConnector: RCV <- {200 12 -1}
01-01 07:02:00.562   824  3083 D CryptdConnector: SND -> {13 cryptfs clearpw}
01-01 07:02:00.563   395   412 D VoldCryptCmdListener: cryptfs clearpw
01-01 07:02:00.563   824  2315 D CryptdConnector: RCV <- {200 13 0}
01-01 07:02:06.143   824  4172 I ActivityManager: Killing 5863:com.google.android.apps.photos/u0a86 (adj 906): empty #17
01-01 07:02:33.916   824   898 I ActivityManager: Killing 6628:com.google.android.deskclock/u0a89 (adj 906): empty #17
01-01 07:04:19.580   824   909 I DisplayPowerController: Blocking screen on until initial contents have been drawn.
01-01 07:04:19.582   824   907 I DisplayManagerService: Display device changed state: "Built-in Screen", ON
01-01 07:04:19.645   824   909 I DisplayPowerController: Unblocked screen on after 65 ms
01-01 07:04:23.836   824  2285 I PowerManagerService: Waking up from dozing (uid=1000 reason=android.policy:POWER)...
01-01 07:04:23.852   824   909 I DreamManagerService: Gently waking up from dream.
01-01 07:04:23.853   824   905 I DreamManagerService: Performing gentle wake from dream.
01-01 07:04:23.965   824  3304 I DreamManagerService: Leaving dreamland.
01-01 07:04:23.966   824   905 I DreamManagerService: Performing gentle wake from dream.
01-01 07:04:23.966   824   905 I DreamController: Stopping dream: name=ComponentInfo{com.android.systemui/com.android.systemui.doze.DozeService}, isTest=false, canDoze=true, userId=0
01-01 07:04:26.908   824  4172 I ActivityManager: START u0 {act=android.intent.action.MAIN cat=[android.intent.category.LAUNCHER] flg=0x10200000 cmp=com.android.chrome/com.google.android.apps.chrome.Main bnds=[879,2103][1161,2411] (has extras)} from uid 10046
01-01 07:04:26.959   824  4183 I ActivityManager: Start proc 7480:com.android.chrome/u0a61 for activity com.android.chrome/com.google.android.apps.chrome.Main
01-01 07:04:27.257   824   858 I ActivityManager: START u0 {cmp=com.android.chrome/org.chromium.chrome.browser.firstrun.FirstRunActivity (has extras)} from uid 10061
01-01 07:04:27.478   824   858 W ActivityManager: Slow operation: 102ms so far, now at startProcess: returned from zygote!
01-01 07:04:27.478   824   858 W ActivityManager: Slow operation: 102ms so far, now at startProcess: done updating battery stats
01-01 07:04:27.478   824   858 W ActivityManager: Slow operation: 102ms so far, now at startProcess: building log message
01-01 07:04:27.478   824   858 I ActivityManager: Start proc 7511:com.android.chrome:sandboxed_process0/u0i0 for webview_service com.android.chrome/org.chromium.content.app.SandboxedProcessService0
01-01 07:04:27.478   824   858 W ActivityManager: Slow operation: 102ms so far, now at startProcess: starting to update pids map
01-01 07:04:27.478   824   858 W ActivityManager: Slow operation: 103ms so far, now at startProcess: done updating pids map
01-01 07:04:27.478   824   858 W ActivityManager: Slow operation: 103ms so far, now at startProcess: done starting proc!
01-01 07:04:27.885   824  3083 I ActivityManager: Start proc 7551:com.android.chrome:privileged_process0/u0a61 for service com.android.chrome/org.chromium.content.app.PrivilegedProcessService0
01-01 07:04:32.832   824  3304 I ActivityManager: START u0 {act=android.intent.action.MAIN cat=[android.intent.category.LAUNCHER] flg=0x10a00000 cmp=com.android.chrome/com.google.android.apps.chrome.Main bnds=[879,2103][1161,2411] (has extras)} from uid 10061
01-01 07:04:32.862   824  4180 I ActivityManager: START u0 {act=android.intent.action.MAIN cat=[android.intent.category.LAUNCHER] flg=0x14002000 cmp=com.android.chrome/org.chromium.chrome.browser.ChromeTabbedActivity bnds=[879,2103][1161,2411] (has extras)} from uid 10061
01-01 07:04:33.080   824  4172 I ActivityManager: Start proc 7593:com.google.android.partnersetup/u0a25 for content provider com.google.android.partnersetup/.RlzAppProvider
01-01 07:04:33.245   824  4193 I ActivityManager: Start proc 7633:com.android.chrome:sandboxed_process1/u0i1 for webview_service com.android.chrome/org.chromium.content.app.SandboxedProcessService1
01-01 07:04:33.379   824  4180 I ActivityManager: Start proc 7655:com.android.providers.partnerbookmarks/u0a83 for content provider com.android.providers.partnerbookmarks/.PartnerBookmarksProvider
01-01 07:04:38.359   824  4182 I ActivityManager: Process com.android.chrome:sandboxed_process1 (pid 7633) has died: vis  TOP 
01-01 07:04:38.359   824  4182 W ActivityManager: Scheduling restart of crashed service com.android.chrome/org.chromium.content.app.SandboxedProcessService1 in 1000ms
01-01 07:04:38.368   824   901 D KernelUidCpuTimeReader: Removing uids 99001-99001
01-01 07:04:41.817   824  4180 I ActivityManager: START u0 {act=android.intent.action.SHOW_ALARMS flg=0x14000000 cmp=com.google.android.deskclock/com.android.deskclock.HandleApiCalls} from uid 10040
01-01 07:04:41.837   824  4182 E ActivityManager: applyOptionsLocked: Unknown animationType=0
01-01 07:04:41.851   824  4182 I ActivityManager: Start proc 7723:com.google.android.deskclock/u0a89 for activity com.google.android.deskclock/com.android.deskclock.HandleApiCalls
01-01 07:04:41.942   824  4178 I ActivityManager: START u0 {cmp=com.google.android.deskclock/com.android.deskclock.DeskClock} from uid 10089
01-01 07:04:41.984   824   857 W ActivityManager: Unable to start service Intent { act=com.google.android.gms.analytics.service.START cmp=com.google.android.gms/.analytics.service.AnalyticsService (has extras) } U=0: not found
01-01 07:04:45.621   824   858 D WifiService: setWifiEnabled: false pid=3091, uid=10040, package=com.android.systemui
01-01 07:04:46.557   824  4180 D WifiService: setWifiEnabled: true pid=3091, uid=10040, package=com.android.systemui
01-01 07:04:46.592   824  3001 E WifiP2pService: Unable to change interface settings: java.lang.IllegalStateException: command '41 interface setcfg p2p0 0.0.0.0 0 up' failed with '400 41 Failed to clear address (No such device)'
01-01 07:05:00.012   824   824 I ActivityManager: Killing 6674:com.google.android.apps.walletnfcrel/u0a95 (adj 906): empty #17
01-01 07:05:00.014   824   824 I ActivityManager: Killing 6704:com.google.android.apps.maps/u0a81 (adj 906): empty #18
01-01 07:05:06.579   824  2242 I ActivityManager: Killing 3521:com.google.android.tts/u0a73 (adj 906): empty #17
01-01 07:05:06.651   824  6275 I ActivityManager: Start proc 7819:android.process.acore/u0a2 for content provider com.android.providers.contacts/.ContactsProvider2
01-01 07:05:07.046   824  3084 I ActivityManager: Start proc 7838:com.google.process.gapps/u0a67 for content provider com.google.android.syncadapters.contacts/.ProxyGalProvider
01-01 07:05:17.206   824   824 I ActivityManager: Start proc 7857:com.google.android.contacts/u0a21 for service com.google.android.contacts/com.google.android.apps.contacts.service.ContactsService
01-01 07:05:17.387   824  3259 I ActivityManager: Start proc 7884:com.google.android.gms.feedback/u0a20 for service com.google.android.gms/.feedback.FeedbackService
01-01 07:05:17.498   824  3083 I ActivityManager: Killing 5562:com.google.android.calendar/u0a56 (adj 906): empty #17
01-01 07:05:17.671   824  3259 I ActivityManager: Killing 4719:com.android.providers.calendar/u0a3 (adj 906): empty #17
01-01 07:05:18.977   824   909 I PowerManagerService: Going to sleep due to screen timeout (uid 1000)...
01-01 07:05:19.484   824   909 I DisplayPowerController: Blocking screen off
01-01 07:05:19.486   824   909 I DisplayPowerController: Unblocked screen off after 2 ms
01-01 07:05:19.576   824   907 I DisplayManagerService: Display device changed state: "Built-in Screen", OFF
01-01 07:05:19.869   824   909 I DreamManagerService: Entering dreamland.
01-01 07:05:19.870   824   909 I PowerManagerService: Dozing...
01-01 07:05:19.872   824   905 I DreamController: Starting dream: name=ComponentInfo{com.android.systemui/com.android.systemui.doze.DozeService}, isTest=false, canDoze=true, userId=0
01-01 07:05:29.915   824  4182 I ActivityManager: Killing 6749:com.google.android.gm/u0a90 (adj 906): empty #17
01-01 07:05:44.264   824  4172 I ActivityManager: Killing 3352:com.google.android.setupwizard/u0a36 (adj 906): empty #17
01-01 07:05:44.311  7005  7005 I ActivityThread: Removing dead content provider:android.content.ContentProviderProxy@91d4065
01-01 07:05:44.324   824   907 W ActivityManager: setHasOverlayUi called on unknown pid: 3352
01-01 07:06:26.105   824   824 I ActivityManager: Killing 6117:com.google.android.gms.ui/u0a20 (adj 906): empty #17
01-01 07:06:26.173   824   907 W ActivityManager: setHasOverlayUi called on unknown pid: 6117
01-01 07:15:35.149   824   824 I ActivityManager: Start proc 8127:com.google.android.setupwizard/u0a36 for service com.google.android.setupwizard/.deferred.DeferredSetupNotificationSchedulerService
01-01 07:19:31.282   824   897 I UsageStatsService: User[0] Flushing usage stats to disk
01-01 07:19:49.423   824   898 I ActivityManager: Killing 7230:com.google.android.gms:car/u0a20 (adj 906): empty #17
01-01 07:31:02.052   824   898 W BroadcastQueue: Background execution not allowed: receiving Intent { act=android.intent.action.ACTION_POWER_DISCONNECTED flg=0x4000010 (has extras) } to com.google.android.apps.photos/.scheduler.PowerReceiver
01-01 07:31:02.061   824   909 I PowerManagerService: Waking up from dozing (uid=1000 reason=android.server.power:POWER)...
01-01 07:31:02.061   824  2277 I UsbPortManager: ClientCallback: otg_default
01-01 07:31:02.061   824   905 I UsbPortManager: USB port changed: port=UsbPort{id=otg_default, supportedModes=dual}, status=UsbPortStatus{connected=false, currentMode=none, currentPowerRole=no-power, currentDataRole=no-data, supportedRoleCombinations=[no-power:no-data]}, canChangeMode=true, canChangePowerRole=false, canChangeDataRole=false
01-01 07:31:02.068   824   909 I DisplayPowerController: Blocking screen on until initial contents have been drawn.
01-01 07:31:02.073   824   907 I DisplayManagerService: Display device changed state: "Built-in Screen", ON
01-01 07:31:02.111   824   901 I BatteryStatsImpl: Resetting battery stats: level=100 status=2 dischargeLevel=100 lowAmount=0 highAmount=0
01-01 07:31:02.155   824   909 I DisplayPowerController: Unblocked screen on after 87 ms
01-01 07:31:02.470   824   909 W PowerManagerService: Screen on took 408 ms
01-01 07:31:02.470   824   909 I DreamManagerService: Gently waking up from dream.
01-01 07:31:02.471   824   905 I DreamManagerService: Performing gentle wake from dream.
01-01 07:31:02.507   824  3084 I DreamManagerService: Leaving dreamland.
01-01 07:31:02.508   824   905 I DreamManagerService: Performing gentle wake from dream.
01-01 07:31:02.508   824   905 I DreamController: Stopping dream: name=ComponentInfo{com.android.systemui/com.android.systemui.doze.DozeService}, isTest=false, canDoze=true, userId=0
01-01 07:31:03.086   824   905 D UsbDeviceManager: Clear notification
01-01 07:31:03.086   824   905 D UsbDeviceManager: applyOemOverride usbfunctions=adb bootmode=normal
01-01 07:31:09.481   824  2284 I ActivityManager: START u0 {act=android.intent.action.MAIN cat=[android.intent.category.HOME] flg=0x10200000 cmp=com.google.android.googlequicksearchbox/com.google.android.launcher.GEL (has extras)} from uid 1000
01-01 07:31:13.609   824  2284 I ActivityManager: START u0 {act=android.intent.action.MAIN cat=[android.intent.category.HOME] flg=0x10200000 cmp=com.google.android.googlequicksearchbox/com.google.android.launcher.GEL (has extras)} from uid 1000
01-01 07:31:15.909   824  2285 I PowerManagerService: Going to sleep due to power button (uid 1000)...
01-01 07:31:16.402   824   909 I DisplayPowerController: Blocking screen off
01-01 07:31:16.403   824   909 I DisplayPowerController: Unblocked screen off after 1 ms
01-01 07:31:16.433   824   907 I DisplayManagerService: Display device changed state: "Built-in Screen", OFF
01-01 07:31:16.756   824   909 I DreamManagerService: Entering dreamland.
01-01 07:31:16.757   824   909 I PowerManagerService: Dozing...
01-01 07:31:16.757   824   905 I DreamController: Starting dream: name=ComponentInfo{com.android.systemui/com.android.systemui.doze.DozeService}, isTest=false, canDoze=true, userId=0
01-01 07:31:22.500   824   909 I DisplayPowerController: Blocking screen on until initial contents have been drawn.
01-01 07:31:22.502   824   907 I DisplayManagerService: Display device changed state: "Built-in Screen", ON
01-01 07:31:22.563   824   909 I DisplayPowerController: Unblocked screen on after 63 ms
01-01 07:31:23.363   824  4182 I ActivityManager: Killing 7182:com.google.android.apps.gcs/u0a18 (adj 906): empty for 1800s
01-01 07:31:26.627   824  2281 I UsbPortManager: ClientCallback: otg_default
01-01 07:31:26.627   824   905 I UsbPortManager: USB port changed: port=UsbPort{id=otg_default, supportedModes=dual}, status=UsbPortStatus{connected=true, currentMode=ufp, currentPowerRole=sink, currentDataRole=device, supportedRoleCombinations=[source:host, sink:device]}, canChangeMode=true, canChangePowerRole=false, canChangeDataRole=false
01-01 07:31:27.404   824   824 I EntropyMixer: Writing entropy...
01-01 07:31:27.406   824   909 I PowerManagerService: Waking up from dozing (uid=1000 reason=android.server.power:POWER)...
01-01 07:31:27.406   824   898 W BroadcastQueue: Background execution not allowed: receiving Intent { act=android.intent.action.ACTION_POWER_CONNECTED flg=0x4000010 (has extras) } to com.google.android.apps.photos/.scheduler.PowerReceiver
01-01 07:31:27.424   824   909 I DreamManagerService: Gently waking up from dream.
01-01 07:31:27.424   824   905 I DreamManagerService: Performing gentle wake from dream.
01-01 07:31:27.440   824   858 I DreamManagerService: Leaving dreamland.
01-01 07:31:27.441   824   905 I DreamManagerService: Performing gentle wake from dream.
01-01 07:31:27.441   824   905 I DreamController: Stopping dream: name=ComponentInfo{com.android.systemui/com.android.systemui.doze.DozeService}, isTest=false, canDoze=true, userId=0
01-01 07:31:27.626   824   905 D UsbDeviceManager: push notification:USB charging this device
01-01 07:31:28.746   824  7180 D UsbDebuggingManager: Received public key: QAAAABuJoYrtVn8grUD2HX2gd/AsiL9cIQTdCO5zaFO0ek6IMUpZCdXLK6shwbMh2Z/9GqV0+7m6LOWLwcwxQFy0rqLNIop5cWXHurqZWrbqMKiYUB0g5L7ZTGHKxF03TbQ8/1jxqBNxlSxU+21tsmZrV4zpwPLEGyFNY7I4eBj1+Jk2/GZFM8k/VywXJvhkTFEeLmSH7tZFG7spRBSK/KXY5JG7cHCcfvBBRv278tYVFQ7cjHiGW8vj2kjIjlijpSoWTU96KdXfSBM+XlzGL1zQoik+JiCuY2Rem7tbUMAzX9LoHoLRRdBQy2p+znQBE4atq4x0t61S8Z6Ggf7XWSZ7MDc7WibjBDPRRRuLfRCcbMc0PjdHUzr5EEUjZ16Cv/DqDlATpymo3opsgVJPJCfWRQzv4jr7r/QUmfhIMDMXWXmtjfbTberbuO0Mu2e9s29xXM0wqLYJErsuLmNoOOiP7kDJSGtXY9HgmXXwscKyMM9WI4AVIcisNHbbVqE0R5VOeWlF7bWxbE8zj+QaAbzo6R3uZxabCsTzoUz/rcGCY9xNbHTWGvPfyon65jx9iZZaIaAsT0k+tstyw6A3BdsPc9KhAdKfqRgqkhL8UyL00n+upYUh0rMFO6Ey3axuxH6EKHxGCB36jv3AsQTdDRu1dhFvzAn/pAgNGHrLQ2AKIFn/mwVVDQEAAQA=
01-01 07:31:28.747   824   905 I ActivityManager: START u0 {flg=0x10000000 cmp=com.android.systemui/.usb.UsbDebuggingActivity (has extras)} from uid 1000
01-01 07:31:37.308   824   858 I ActivityManager: START u0 {act=android.intent.action.MAIN cat=[android.intent.category.LAUNCHER] flg=0x10200000 cmp=com.android.chrome/com.google.android.apps.chrome.Main bnds=[879,2103][1161,2411] (has extras)} from uid 10046
01-01 07:31:37.383   824  3304 I ActivityManager: START u0 {act=android.intent.action.MAIN cat=[android.intent.category.LAUNCHER] flg=0x14002000 cmp=com.android.chrome/org.chromium.chrome.browser.ChromeTabbedActivity bnds=[879,2103][1161,2411] (has extras)} from uid 10061
01-01 07:31:45.672   824  3259 I ActivityManager: START u0 {act=android.settings.WIFI_SETTINGS flg=0x14000000 cmp=com.android.settings/.Settings$WifiSettingsActivity (has extras)} from uid 10040
01-01 07:31:45.706   824  4178 E ActivityManager: applyOptionsLocked: Unknown animationType=0
01-01 07:31:50.031   824  2996 D WifiService: New client listening to asynchronous messages
01-01 07:31:50.035   824  2996 D WifiService: CONNECT  nid=-1 uid=1000 name=android.uid.system:1000
01-01 07:31:50.036   824  2996 D WifiService: Connect with config * ID: -1 SSID: "Wi-Fi.HK via PolyU" PROVIDER-NAME: null BSSID: null FQDN: null PRIO: 0 HIDDEN: false
01-01 07:31:50.036   824  2996 D WifiService:  NetworkSelectionStatus NETWORK_SELECTION_ENABLED
01-01 07:31:50.036   824  2996 D WifiService:  hasEverConnected: false
01-01 07:31:50.036   824  2996 D WifiService:  KeyMgmt: NONE Protocols:
01-01 07:31:50.036   824  2996 D WifiService:  AuthAlgorithms:
01-01 07:31:50.036   824  2996 D WifiService:  PairwiseCiphers:
01-01 07:31:50.036   824  2996 D WifiService:  GroupCiphers:
01-01 07:31:50.036   824  2996 D WifiService:  PSK: 
01-01 07:31:50.036   824  2996 D WifiService: Enterprise config:
01-01 07:31:50.036   824  2996 D WifiService: IP config:
01-01 07:31:50.036   824  2996 D WifiService: IP assignment: UNASSIGNED
01-01 07:31:50.036   824  2996 D WifiService: Proxy settings: UNASSIGNED
01-01 07:31:50.036   824  2996 D WifiService:  cuid=-1 luid=-1 lcuid=0 userApproved=USER_UNSPECIFIED noInternetAccessExpected=false roamingFailureBlackListTimeMilli: 1000
01-01 07:31:50.036   824  2996 D WifiService: recentFailure: Association Rejection code: 0
01-01 07:31:50.094   621   621 E wificond: Received error messsage: Operation not supported on transport endpoint
01-01 07:31:50.094   621   621 E wificond: NL80211_CMD_ABORT_SCAN failed
01-01 07:31:50.094   621   621 W wificond: Abort scan failed
01-01 07:31:51.166   824   905 W RemoteFillService: PendingFillRequest timed out
01-01 07:31:51.166   824   905 W RemoteFillService: PendingFillRequest timed out after 5000 ms
01-01 07:31:51.167   824   905 W AutofillUI: showError(): null
01-01 07:31:53.651   824  2997 D ConnectivityService: registerNetworkAgent NetworkAgentInfo{ ni{[type: WIFI[], state: CONNECTING/CONNECTING, reason: (unspecified), extra: "Wi-Fi.HK via PolyU", failover: false, available: true, roaming: false]}  network{100}  nethandle{429513165534}  lp{{LinkAddresses: []  Routes: [] DnsAddresses: [] Domains: null MTU: 0}}  nc{[ Transports: WIFI Capabilities: NOT_METERED&INTERNET&NOT_RESTRICTED&TRUSTED&NOT_VPN LinkUpBandwidth>=1048576Kbps LinkDnBandwidth>=1048576Kbps]}  Score{20}  everValidated{false}  lastValidated{false}  created{false} lingering{false} explicitlySelected{false} acceptUnvalidated{false} everCaptivePortalDetected{false} lastCaptivePortalDetected{false} clat{null} }
01-01 07:31:53.652   824  3002 D ConnectivityService: NetworkAgentInfo [WIFI () - 100] EVENT_NETWORK_INFO_CHANGED, going from null to CONNECTING
01-01 07:31:53.858   824  3002 D ConnectivityService: NetworkAgentInfo [WIFI () - 100] EVENT_NETWORK_INFO_CHANGED, going from CONNECTING to CONNECTED
01-01 07:31:53.861   824  3002 D ConnectivityService: Adding iface wlan0 to network 100
01-01 07:31:53.886   824  3002 D ConnectivityService: Setting DNS servers for network 100 to [/8.8.8.8, /210.0.128.250]
01-01 07:31:53.925   824  3002 D ConnectivityService: Switching to new default network: NetworkAgentInfo{ ni{[type: WIFI[], state: CONNECTED/CONNECTED, reason: (unspecified), extra: "Wi-Fi.HK via PolyU", failover: false, available: true, roaming: false]}  network{100}  nethandle{429513165534}  lp{{InterfaceName: wlan0 LinkAddresses: [fe80::aecf:85ff:feca:b161/64,172.16.2.16/16,]  Routes: [fe80::/64 -> :: wlan0,172.16.0.0/16 -> 0.0.0.0 wlan0,0.0.0.0/0 -> 172.16.0.1 wlan0,] DnsAddresses: [8.8.8.8,210.0.128.250,] Domains: null MTU: 0 TcpBufferSizes: 524288,2097152,4194304,262144,524288,1048576}}  nc{[ Transports: WIFI Capabilities: NOT_METERED&INTERNET&NOT_RESTRICTED&TRUSTED&NOT_VPN&FOREGROUND LinkUpBandwidth>=1048576Kbps LinkDnBandwidth>=1048576Kbps SignalStrength: -47]}  Score{20}  everValidated{false}  lastValidated{false}  created{true} lingering{false} explicitlySelected{true} acceptUnvalidated{false} everCaptivePortalDetected{false} lastCaptivePortalDetected{false} clat{null} }
01-01 07:31:53.947   824  3002 D ConnectivityService: Sending CONNECTED broadcast for type 1 NetworkAgentInfo [WIFI () - 100] isDefaultNetwork=true
01-01 07:31:53.967   824   824 I ActivityManager: Start proc 8804:com.google.android.dialer/u0a24 for service com.google.android.dialer/com.google.android.apps.dialer.spam.impl.SpamJobService
01-01 07:31:54.021   824  3083 I ActivityManager: Start proc 8822:com.google.android.youtube/u0a97 for service com.google.android.youtube/com.google.android.libraries.youtube.common.gcore.gcoreclient.gcm.impl.GcmTaskServiceDelegator
01-01 07:31:54.719   824  3304 W ActivityManager: Permission Denial: Accessing service ComponentInfo{com.google.android.music/com.google.android.music.dial.DialMediaRouteProviderService} from pid=8822, uid=10097 that is not exported from uid 10082
01-01 07:31:54.805   824   857 I ActivityManager: Start proc 8956:com.google.android.videos/u0a94 for service com.google.android.videos/.service.drm.RefreshLicenseTaskService
01-01 07:31:54.964   824  4183 I ActivityManager: Start proc 8990:com.google.android.apps.photos/u0a86 for service com.google.android.apps.photos/com.google.android.libraries.social.notifications.scheduled.GunsScheduledTaskService
01-01 07:31:55.087   824  3259 W ActivityManager: Background start not allowed: service Intent { cmp=com.google.android.videos/.service.pinning.TransferService (has extras) } to com.google.android.videos/.service.pinning.TransferService from pid=8956 uid=10094 pkg=com.google.android.videos
01-01 07:31:55.175   824  3083 I ActivityManager: Start proc 9021:com.google.android.apps.walletnfcrel/u0a95 for service com.google.android.apps.walletnfcrel/com.google.android.libraries.social.notifications.scheduled.GunsScheduledTaskService
01-01 07:31:55.630   824  3084 D CryptdConnector: SND -> {14 cryptfs getpwtype}
01-01 07:31:55.630   395   412 D VoldCryptCmdListener: cryptfs getpwtype
01-01 07:31:55.632   824  2315 D CryptdConnector: RCV <- {213 14 default}
01-01 07:31:55.894   824  4172 I ActivityManager: Start proc 9064:com.google.android.apps.gcs/u0a18 for service com.google.android.apps.gcs/.service.WfaEligibilityRefreshingGcmTaskService
01-01 07:31:56.955   824  3002 D ConnectivityService: NetworkAgentInfo [WIFI () - 100] validation failed with redirect to http://172.16.0.1:1000/fgtauth?15855e8dda1a32b5
01-01 07:31:56.992   824  3002 D NetworkNotificationManager: showNotification tag=ConnectivityNotification:100 event=SIGN_IN transport=Wi-Fi extraInfo="Wi-Fi.HK via PolyU" highPrioriy=true
01-01 07:31:57.477  4285  9114 E ActivityThread: Failed to find provider info for com.google.android.wearable.settings
01-01 07:31:58.316   824  8790 I ActivityManager: START u0 {act=android.net.conn.CAPTIVE_PORTAL flg=0x10400000 cmp=com.android.captiveportallogin/.CaptivePortalLoginActivity (has extras)} from uid 1000
01-01 07:31:58.319   824  3259 V MediaRouterService: restoreBluetoothA2dp(false)
01-01 07:31:58.362   824  4183 I ActivityManager: Start proc 9138:com.android.captiveportallogin/u0a53 for activity com.android.captiveportallogin/.CaptivePortalLoginActivity
01-01 07:31:58.667   824  6275 I ActivityManager: Start proc 9159:com.android.chrome:sandboxed_process0/u0i2 for webview_service com.android.captiveportallogin/org.chromium.content.app.SandboxedProcessService0
01-01 07:32:01.594   824  3002 D NetworkNotificationManager: clearing notification tag=ConnectivityNotification:100 event=SIGN_IN
01-01 07:32:01.596   824  3002 D ConnectivityService: NetworkAgentInfo [WIFI () - 100] validation passed
01-01 07:32:01.820   824  3083 D VoldConnector: SND -> {45 volume mkdirs /storage/emulated/0/Android/data/com.google.android.googlequicksearchbox/files/download_cache/}
01-01 07:32:01.823   824  2314 D VoldConnector: RCV <- {200 45 Command succeeded}
01-01 07:32:02.703   824  3002 D ConnectivityService: reportNetworkConnectivity(100, false) by 10020
01-01 07:32:02.712   824  3002 D ConnectivityService: NetworkAgentInfo [WIFI () - 100] validation passed
01-01 07:32:03.460   824  4180 I ActivityManager: Killing 7593:com.google.android.partnersetup/u0a25 (adj 906): empty #17
01-01 07:32:05.732   621   621 I wificond: Fail RSSI polling because wifi is not associated.
01-01 07:32:07.623   824  3304 I ActivityManager: Killing 9159:com.android.chrome:sandboxed_process0/u0a53i2 (adj 0): isolated not needed
01-01 07:32:07.643   824   901 D KernelUidCpuTimeReader: Removing uids 99002-99002
01-01 07:32:07.973   621   621 E wificond: NL80211_CMD_TRIGGER_SCAN failed: Device or resource busy
01-01 07:32:09.775   824  3002 D ConnectivityService: reportNetworkConnectivity(100, false) by 10020
01-01 07:32:09.792   824  3002 D ConnectivityService: NetworkAgentInfo [WIFI () - 100] validation passed
01-01 07:32:11.470   824   905 W RemoteFillService: PendingFillRequest timed out
01-01 07:32:11.470   824   905 W RemoteFillService: PendingFillRequest timed out after 5000 ms
01-01 07:32:11.471   824   905 W AutofillUI: showError(): null
01-01 07:32:12.969   824  3304 I ActivityManager: Killing 7655:com.android.providers.partnerbookmarks/u0a83 (adj 906): empty #17
01-01 07:32:17.914   824  6275 I ActivityManager: Killing 7723:com.google.android.deskclock/u0a89 (adj 906): empty #17
01-01 07:32:17.967   824   907 W ActivityManager: setHasOverlayUi called on unknown pid: 7723
01-01 07:32:18.128   824  2284 I ActivityManager: START u0 {act=android.intent.action.MAIN cat=[android.intent.category.HOME] flg=0x10200000 cmp=com.google.android.googlequicksearchbox/com.google.android.launcher.GEL (has extras)} from uid 1000
01-01 07:32:20.452   824  3002 D ConnectivityService: reportNetworkConnectivity(100, false) by 10020
01-01 07:32:20.466   824  3002 D ConnectivityService: NetworkAgentInfo [WIFI () - 100] validation passed
01-01 07:32:21.490   824  3259 I ActivityManager: START u0 {act=android.intent.action.MAIN cat=[android.intent.category.LAUNCHER] flg=0x10200000 cmp=com.google.android.calendar/com.android.calendar.AllInOneActivity (has extras)} from uid 10046
01-01 07:32:21.520   824   858 I ActivityManager: Start proc 9449:com.google.android.calendar/u0a56 for activity com.google.android.calendar/com.android.calendar.AllInOneActivity
