03-29 06:12:47.211 11903 11974 W YouTube : ECatcher disabled: level: WARNING, category: initialization, message: Initialization Exception
03-29 06:12:47.211 11903 11974 W YouTube : java.lang.IllegalArgumentException
03-29 06:12:47.211 11903 11974 W YouTube : 	at adac.a(SourceFile:2)
03-29 06:12:47.211 11903 11974 W YouTube : 	at poo.a(SourceFile:4)
03-29 06:12:47.211 11903 11974 W YouTube : 	at poa.a(SourceFile:1)
03-29 06:12:47.211 11903 11974 W YouTube : 	at vlj.g(SourceFile:107)
03-29 06:12:47.211 11903 11974 W YouTube : 	at vlj.c(SourceFile:90)
03-29 06:12:47.211 11903 11974 W YouTube : 	at vfr.c(SourceFile:53)
03-29 06:12:47.211 11903 11974 W YouTube : 	at eiy.a(SourceFile:10)
03-29 06:12:47.211 11903 11974 W YouTube : 	at cfw.run(SourceFile:4)
03-29 06:12:47.211 11903 11974 W YouTube : 	at java.util.concurrent.Executors$RunnableAdapter.call(Executors.java:457)
03-29 06:12:47.211 11903 11974 W YouTube : 	at java.util.concurrent.FutureTask.run(FutureTask.java:266)
03-29 06:12:47.211 11903 11974 W YouTube : 	at java.util.concurrent.ScheduledThreadPoolExecutor$ScheduledFutureTask.run(ScheduledThreadPoolExecutor.java:301)
03-29 06:12:47.211 11903 11974 W YouTube : 	at java.util.concurrent.ThreadPoolExecutor.runWorker(ThreadPoolExecutor.java:1162)
03-29 06:12:47.211 11903 11974 W YouTube : 	at java.util.concurrent.ThreadPoolExecutor$Worker.run(ThreadPoolExecutor.java:636)
03-29 06:12:47.211 11903 11974 W YouTube : 	at poc.run(SourceFile:24)
03-29 06:12:47.211 11903 11974 W YouTube : 	at java.lang.Thread.run(Thread.java:764)
03-29 06:12:47.604   824  6275 I WifiService: getConnectionInfo uid=10046
03-29 06:12:47.606   824  6275 I WifiService: getWifiEnabledState uid=10046
03-29 06:12:47.606  4243 10619 W Settings: Setting mobile_data has moved from android.provider.Settings.Secure to android.provider.Settings.Global.
03-29 06:12:47.796 11820 11916 D Babel_RtcImpressions: Type: 1616
03-29 06:12:47.805 11903 11934 V NativeCrypto: Registering com/google/android/gms/org/conscrypt/NativeCrypto's 259 native methods...
03-29 06:12:47.826 11820 11916 D Babel_RtcImpressions: Type: 1617
03-29 06:12:47.870 11820 11916 E Babel   : Invalid server experiment type 4 for BabelExperiment{id='b84806c8', experimentType=0, defaultBoolean=null, defaultLong=null, defaultFloat=null}
03-29 06:12:47.914 11559 11586 I zygote64: Deoptimizing java.lang.Object dagger.internal.SetFactory.get() due to JIT inline cache
03-29 06:12:47.924   824  9832 D VoldConnector: SND -> {46 volume mkdirs /storage/emulated/0/Android/data/com.google.android.apps.docs/cache/}
03-29 06:12:47.926   824  2314 D VoldConnector: RCV <- {200 46 Command succeeded}
03-29 06:12:47.949 11559 12026 I zygote64: Deoptimizing java.lang.Object kot.get(java.lang.Object) due to JIT inline cache
03-29 06:12:47.959 11820 11895 W BabelExperiments: Pre-computing loggable experiments for invalid account -1
03-29 06:12:47.960 11820 11895 D Babel   : Setting hasInviteHappyStatePromoBeenSeen from selfInfoResponse: true
03-29 06:12:47.960 11820 11895 D Babel   : Setting isPeerToPeerAcknowledgmentNeeded from selfInfoResponse: false
03-29 06:12:47.976 11820 11916 I Babel_AcctMgr: created 0
03-29 06:12:47.984 11820 11916 D Babel_AcctMgr: created account youngforyou520@gmail.com => Redacted-24-chars
03-29 06:12:48.007 11820 11916 D Babel_SmsDepUtil: imp:-1:3602
03-29 06:12:48.008 11820 11916 D Babel_SmsDep: disabled
03-29 06:12:48.023 11820 11916 D Babel   : OzChatAclSettings.syncRemote: syncing for 0
03-29 06:12:48.060 11820 11916 I Babel_AcctMgr: updated: 0
03-29 06:12:48.061  3091  3091 D StatusBar: disable<e i a s b h r c s q >
03-29 06:12:48.096 11820 11916 D Babel_SmsDepUtil: imp:-1:3602
03-29 06:12:48.097 11820 11916 D Babel_SmsDep: disabled
03-29 06:12:48.097 11820 11916 D Babel   : OzChatAclSettings.syncRemote: syncing for 0
03-29 06:12:48.113  3091  3091 D StatusBar: disable<e i a s b h r c s q >
03-29 06:12:48.119 11820 11916 D Babel   : activateAccount: Redacted-24-chars
03-29 06:12:48.180 11820 12038 I zygote64: Deoptimizing jwj jwj.b(android.content.Context) due to JIT inline cache
03-29 06:12:48.296 11820 11916 D Babel_RtcImpressions: Type: 2590
03-29 06:12:48.435 11820 11830 I zygote64: ThreadFlipBegin blocked for 9.236ms
03-29 06:12:48.437 11820 12033 I zygote64: IncrementDisableThreadFlip blocked for 10.162ms
03-29 06:12:48.485 11820 11895 D Babel_RtcImpressions: Type: 3639
03-29 06:12:48.513 11820 11895 D Babel_RtcImpressions: Type: 3228
03-29 06:12:48.591   824   858 I WifiService: getConnectionInfo uid=10046
03-29 06:12:48.697 11820 12031 D Babel_ConversationsData: requestWarmSync
03-29 06:12:48.712 11820 12041 D Babel_db: querying merged_contacts took 293 ms
03-29 06:12:48.722 11820 12039 I Babel_Stickers: Sticker update initiated. last:-1 empty:true
03-29 06:12:48.728 11820 12041 D Babel_db: querying merged_contact_details took 2 ms
03-29 06:12:48.738 11820 12041 I Babel_timeline: MergeContactsService: retrieveOldDetails() in 317 ms, total: 317 ms
03-29 06:12:48.742   824  9832 I WifiService: getWifiEnabledState uid=10046
03-29 06:12:48.743  4243 11883 W Settings: Setting mobile_data has moved from android.provider.Settings.Secure to android.provider.Settings.Global.
03-29 06:12:48.743  4243  8531 I ModelDownloadController: Handle the downloaded hotword model
03-29 06:12:48.743  4243  8531 I ModelDownloadController: the model is already used
03-29 06:12:48.819 11820 12041 I Babel_timeline: MergeContactsService: getSuggestedContacts() in 84 ms, total: 401 ms
03-29 06:12:48.820 11820 12041 I Babel   : findEmailOnHangouts(): Searching for 0 emails for account 0
03-29 06:12:48.821 11820 12041 I Babel_timeline: MergeContactsService: findEmailOnHangouts() in 2 ms, total: 403 ms
03-29 06:12:48.821 11820 12041 I Babel   : findPhonesOnHangouts(): Searching for 0 phoneNumbers for account 0
03-29 06:12:48.821 11820 12041 I Babel_timeline: MergeContactsService: findPhonesOnHangouts() in 0 ms, total: 403 ms
03-29 06:12:48.822 11820 12041 I Babel   : Leaving 0 existing mergedContacts unchanged
03-29 06:12:48.822 11820 12041 I Babel   : Updated 0 existing mergedContacts
03-29 06:12:48.822 11820 12041 I Babel   : Inserted 0 new mergedContacts
03-29 06:12:48.823 11820 12041 I Babel   : Deleted 0 old mergedContacts
03-29 06:12:48.823 11820 12041 I Babel_timeline: MergeContactsService: delete old suggested contacts in 2 ms, total: 405 ms
03-29 06:12:48.824 11820 12041 I Babel_timeline: MergeContactsService: write new suggested contacts in 1 ms, total: 406 ms
03-29 06:12:48.825 11820 12041 I Babel   : Persisted 0 phone numbers, 0 emails, and 0 gaiaIds
03-29 06:12:48.880 11820 12041 D Babel   : JSON for throttles is created for account 0
03-29 06:12:48.965 11820 12041 D Babel_RtcImpressions: Type: 2568
03-29 06:12:48.966 11820 12041 I Babel   : wrote 1522318368966 as last_merged_ts to accountStore
03-29 06:12:49.006   824   897 D SyncManager: handleSyncHandlerMessage: dropping since the sync is no longer active: startTime 2615546, mTimeoutStartTime 2615546, mHistoryRowId 40, syncOperation JobId=102245 youngforyou520@gmail.com/com.google u0 [com.google.android.apps.docs] SERVER ExpectedIn=-12s Reason=IsSyncable
03-29 06:12:49.274 11820 11895 W VideoCapabilities: Unrecognized profile 2130706433 for video/avc
03-29 06:12:49.340 11820 11895 I VideoCapabilities: Unsupported profile 4 for video/mp4v-es
03-29 06:12:49.433 11820 11895 W VideoCapabilities: Unrecognized profile 2130706433 for video/avc
03-29 06:12:49.460 11820 11895 I chatty  : uid=10076(com.google.android.talk) Hangouts Concur identical 1 line
03-29 06:12:49.485 11820 11895 W VideoCapabilities: Unrecognized profile 2130706433 for video/avc
03-29 06:12:49.499 11820 11895 D Babel_SmsDepUtil: imp:-1:3602
03-29 06:12:49.500 11820 11895 D Babel_SmsDep: disabled
03-29 06:12:49.503 11820 11895 D Babel   : checkForValidSignature could not find com.google.android.apps.hangoutsdialer
03-29 06:12:49.503 11820 11895 D Babel   : PstnUtilImpl: featureAllowed = true isVoipEnabled = false isGvServiceAvailable = false
03-29 06:12:49.503 11820 11895 D Babel   : getIncomingPhoneCallsWantedByHangouts: accountHasGvNumber: false isGvEnabled: false
03-29 06:12:49.504  3069  8755 W native  : neural_spatial_model.cc:371 Output symbol table doesn't contain symbol: &
03-29 06:12:49.530   824  3084 I WifiService: getConnectionInfo uid=10046
03-29 06:12:49.532   599   972 E QC-QMI  : linux_qmi_qmux_io_wake_lock: Err in writing wakelock=qmuxd_port_wl_0, error [1:Operation not permitted]
03-29 06:12:49.534   599   972 E QC-QMI  : linux_qmi_qmux_io_wake_unlock: Err in writing wakelock=qmuxd_port_wl_0, error [1:Operation not permitted]
03-29 06:12:49.537 11300 11300 D MusicLifecycle: com.google.android.music.AccountsBroadcastReceiver generated event: Broadcast received with context android.app.ReceiverRestrictedContext@7cd0d1 and intent Intent { act=android.accounts.LOGIN_ACCOUNTS_CHANGED flg=0x5000010 cmp=com.google.android.music/.AccountsBroadcastReceiver }
03-29 06:12:49.542 11903 11934 I ProviderInstaller: Installed default security provider GmsCore_OpenSSL
03-29 06:12:49.562   824  3304 I WifiService: getWifiEnabledState uid=10046
03-29 06:12:49.563  4243 11884 W Settings: Setting mobile_data has moved from android.provider.Settings.Secure to android.provider.Settings.Global.
03-29 06:12:49.643 11820 11895 I Babel_telephony: TeleIncomingWifiCallController.getRegistrationState, wifi calling not enabled
03-29 06:12:49.649 11820 11895 D Babel_RtcImpressions: Type: 3638
03-29 06:12:49.652 11820 11895 D Babel_RtcImpressions: Type: 3226
03-29 06:12:49.798 11352 11409 E Gmail.LabelManager: Unable to get label ^i for account -866596010
03-29 06:12:49.798 11352 11409 E Gmail   : Couldn't find label: ^i
03-29 06:12:49.952   824  3259 I WifiService: getWifiEnabledState uid=10020
03-29 06:12:49.953   824  9827 I WifiService: getConnectionInfo uid=10020
03-29 06:12:50.085 11903 11922 I zygote64: Waiting for a blocking GC ProfileSaver
03-29 06:12:50.088 11559 11569 I zygote64: ThreadFlipBegin blocked for 1.226s
03-29 06:12:50.181 11820 11825 I zygote64: Do partial code cache collection, code=9KB, data=29KB
03-29 06:12:50.182 11820 11825 I zygote64: After code cache collection, code=8KB, data=29KB
03-29 06:12:50.182 11820 11825 I zygote64: Increasing code cache capacity to 128KB
03-29 06:12:50.226 11903 11936 W zygote64: Unsupported class loader
03-29 06:12:50.249  4605  4605 I zygote64: Deoptimizing android.support.v7.widget.fg android.support.v7.widget.ew.a(int, long) due to JIT inline cache
03-29 06:12:50.302   431   431 I rmt_storage: rmt_storage_connect_cb: clnt_h=0xa conn_h=0x756a82b200
03-29 06:12:50.302   431   431 I rmt_storage: rmt_storage_rw_iovec_cb: /boot/modem_fs2: req_h=0xa msg_id=3: R/W request received
03-29 06:12:50.302   431   431 I rmt_storage: wakelock acquired: 1, error no: 42
03-29 06:12:50.302   431   549 I rmt_storage: rmt_storage_client_thread: /boot/modem_fs2: Unblock worker thread (th_id: 504296371440)
03-29 06:12:50.336 11903 11936 W zygote64: Skipping duplicate class check due to unsupported classloader
03-29 06:12:50.344 11559 11586 I zygote64: IncrementDisableThreadFlip blocked for 1.388s
03-29 06:12:50.360 11820 12047 E Babel   : Invalid server experiment type 4 for BabelExperiment{id='b84806c8', experimentType=0, defaultBoolean=null, defaultLong=null, defaultFloat=null}
03-29 06:12:50.378   431   549 I rmt_storage: rmt_storage_client_thread: /boot/modem_fs2: req_h=0xa msg_id=3: Bytes written = 1572864
03-29 06:12:50.378   431   549 I rmt_storage: rmt_storage_client_thread: /boot/modem_fs2: req_h=0xa msg_id=3: Send response: res=0 err=0
03-29 06:12:50.378   431   549 I rmt_storage: rmt_storage_client_thread: /boot/modem_fs2: About to block rmt_storage client thread (th_id: 504296371440) wakelock released: 1, error no: 0
03-29 06:12:50.378   431   549 I rmt_storage: 
03-29 06:12:50.381   431   431 I rmt_storage: rmt_storage_disconnect_cb: clnt_h=0xa conn_h=0x756a82b200
03-29 06:12:50.436 11300 11342 D DatabaseUpgradeHelper: Upgrading database: /data/user/0/com.google.android.music/databases/music.db to version: 137
03-29 06:12:50.463 11820 12047 D Babel   : Setting hasInviteHappyStatePromoBeenSeen from selfInfoResponse: true
03-29 06:12:50.463 11820 12047 D Babel   : Setting isPeerToPeerAcknowledgmentNeeded from selfInfoResponse: false
03-29 06:12:50.563  4243  4253 W zygote64: Suspending all threads took: 46.841ms
03-29 06:12:50.649 11300 11342 D DatabaseUpgradeHelper: Upgrading database: /data/user/0/com.google.android.music/databases/music.db to version: 138
03-29 06:12:50.649 11300 11342 D DatabaseUpgradeHelper: Upgrading database: /data/user/0/com.google.android.music/databases/music.db to version: 139
03-29 06:12:50.658 11903 11936 D DynamitePackage: Instantiated singleton DynamitePackage.
03-29 06:12:50.658 11903 11936 D DynamitePackage: Instantiating com.google.android.gms.ads.adshield.ChimeraAdShieldCreatorImpl
03-29 06:12:50.706 11300 11342 D DatabaseUpgradeHelper: Upgrading database: /data/user/0/com.google.android.music/databases/music.db to version: 140
03-29 06:12:50.709 11300 11342 D DatabaseUpgradeHelper: Upgrading database: /data/user/0/com.google.android.music/databases/music.db to version: 141
03-29 06:12:50.889 11300 11342 D DatabaseUpgradeHelper: Upgrading database: /data/user/0/com.google.android.music/databases/music.db to version: 142
03-29 06:12:50.950 11903 11922 I zygote64: WaitForGcToComplete blocked ProfileSaver on AddRemoveAppImageSpace for 864.505ms
03-29 06:12:50.982 11300 11342 D DatabaseUpgradeHelper: Upgrading database: /data/user/0/com.google.android.music/databases/music.db to version: 143
03-29 06:12:51.012 11820 11820 D Babel_RTCS: Server response skipping listeners for non-positive request id
03-29 06:12:51.013 11820 11878 D Babel_RTCS: Server response skipping listeners for non-positive request id
03-29 06:12:51.145 11300 11342 D DatabaseUpgradeHelper: Upgrading database: /data/user/0/com.google.android.music/databases/music.db to version: 144
03-29 06:12:51.272   373   373 W /system/bin/hwservicemanager: getTransport: Cannot find entry android.hardware.drm@1.0::IDrmFactory/default in either framework or device manifest.
03-29 06:12:51.274   615 11132 D vndksupport: Loading /vendor/lib/hw/android.hardware.drm@1.0-impl.so from current namespace instead of sphal namespace.
03-29 06:12:51.311 11820 12049 D Babel_SyncRC: processing response in multiple transactions.
03-29 06:12:51.323   615 11132 I DrmHal  : makeDrmFactories: using default drm instance
03-29 06:12:51.324   615   615 D WVCdm   : Instantiating CDM.
03-29 06:12:51.329   615   629 I WVCdm   : CdmEngine::OpenSession
03-29 06:12:51.330   615 12109 I WVCdm   : Level3 Library 4445 Oct  4 2017 17:06:25
03-29 06:12:51.339   615   629 I WVCdm   : L3 Initialized. Trying L1.
03-29 06:12:51.340   615   629 D QSEECOMAPI: : QSEECom_get_handle sb_length = 0x19000
03-29 06:12:51.341   615   629 D QSEECOMAPI: : App is not loaded in QSEE
03-29 06:12:51.365   615   629 D QSEECOMAPI: : Loaded image: APP id = 13
03-29 06:12:51.370   615   629 D QSAPPSVER: qsapps_get_capabilities: Capability from secure side: 0x0
03-29 06:12:51.370   615   629 D QSAPPSVER: qsapps_get_capabilities: returns 0
03-29 06:12:51.370   615   629 E DrmWidevineDash: sion_buffer g_wv_fhandle->ion_sbuffer  0x0xef1c7000
03-29 06:12:51.372   385   388 D DrmLibTime: got the req here! ret=0
03-29 06:12:51.372   385   388 D DrmLibTime: command id, time_cmd_id = 770
03-29 06:12:51.372   385   388 D DrmLibTime: time_getutcsec starts!
03-29 06:12:51.372   385   388 D DrmLibTime: QSEE Time Listener: time_getutcsec
03-29 06:12:51.372   385   388 D DrmLibTime: QSEE Time Listener: get_utc_seconds
03-29 06:12:51.372   385   388 D DrmLibTime: QSEE Time Listener: time_get_modem_time
03-29 06:12:51.372   385   388 D DrmLibTime: QSEE Time Listener: Checking if ATS_MODEM is set or not.
03-29 06:12:51.372   385   388 D QC-time-services: Lib:time_genoff_operation: pargs->base = 13
03-29 06:12:51.372   385   388 D QC-time-services: Lib:time_genoff_operation: pargs->operation = 2
03-29 06:12:51.372   385   388 D QC-time-services: Lib:time_genoff_operation: pargs->ts_val = 0
03-29 06:12:51.373   385   388 D QC-time-services: Lib:time_genoff_operation: Send to server  passed!!
03-29 06:12:51.373   624   649 D QC-time-services: Daemon: Connection accepted:time_genoff
03-29 06:12:51.373   624 12111 D QC-time-services: Daemon:Received base = 13, unit = 1, operation = 2,value = 0
03-29 06:12:51.373   624 12111 D QC-time-services: Daemon:genoff_opr: Base = 13, val = 0, operation = 2
03-29 06:12:51.373   624 12111 D QC-time-services: offset is: 0 for base: 13
03-29 06:12:51.373   385   388 E QC-time-services: Receive Passed == base = 13, unit = 1, operation = 2, result = 0
03-29 06:12:51.373   385   388 D DrmLibTime: QSEE Time Listener: ATS_MODEM is not set. Fallback to Android system time.
03-29 06:12:51.373   385   388 D DrmLibTime: QSEE Time Listener: Retrieved Android system time: 1522318371
03-29 06:12:51.373   385   388 D DrmLibTime: time_getutcsec returns 0, sec = 1522318371; nsec = 0
03-29 06:12:51.373   385   388 D DrmLibTime: time_getutcsec finished! 
03-29 06:12:51.373   385   388 D DrmLibTime: iotcl_continue_command finished! and return 0 
03-29 06:12:51.373   385   388 D DrmLibTime: before calling ioctl to read the next time_cmd
03-29 06:12:51.374   624   649 E QC-time-services: Daemon: Time-services: Waiting to acceptconnection
03-29 06:12:51.375 11300 11342 D DatabaseUpgradeHelper: Upgrading database: /data/user/0/com.google.android.music/databases/music.db to version: 145
03-29 06:12:51.395   615   629 D WVCdm   : OEMCrypto_Initialize Level 1 success. I will use level 1.
03-29 06:12:51.395   615   629 D WVCdm   : CryptoSession::Open: Lock: requested_security_level: Default
03-29 06:12:51.402   615   629 I WVCdm   : CdmEngine::QueryOemCryptoSessionId
03-29 06:12:51.402   615  9862 I WVCdm   : CdmEngine::GenerateKeyRequest
03-29 06:12:51.426   615  9862 E DrmWidevineDash: tz api security patch level =  0
03-29 06:12:51.429   615  9862 D WVCdm   : PrepareKeyRequest: nonce=4178383897
03-29 06:12:51.436  9866  9866 I chatty  : uid=10020 com.google.android.gms.unstable expire 2 lines
03-29 06:12:51.445 11820 12039 I Babel_Stickers: Fetched 17 packs for 0
03-29 06:12:51.450 11820 12049 D Babel_db: querying merged_contacts_with_details took 3 ms
03-29 06:12:51.458 11300 11342 D DatabaseUpgradeHelper: Upgrading database: /data/user/0/com.google.android.music/databases/music.db to version: 146
03-29 06:12:51.465 11820 12049 D Babel_RtcImpressions: Type: 3769
03-29 06:12:51.470 11903 11936 I zygote64: The ClassLoaderContext is a special shared library.
03-29 06:12:51.477 11820 12049 D Babel_db: querying merged_contacts_with_details took 0 ms
03-29 06:12:51.486   615 11132 I WVCdm   : L3 Terminate.
03-29 06:12:51.487   615 11132 D QSEECOMAPI: : QSEECom_dealloc_memory 
03-29 06:12:51.487   615 11132 D QSEECOMAPI: : QSEECom_shutdown_app, app_id = 13
03-29 06:12:51.499 11820 12049 D Babel_RtcImpressions: Type: 3769
03-29 06:12:51.591  7263  9866 I chatty  : uid=10020(com.google.android.gms) expire 16 lines
03-29 06:12:51.623 11820 12049 D Babel_ConvHelper: updateParticipantData  for participantId: ParticipantId {chatId: 108960761244444677274  gaiaId: 108960761244444677274}
03-29 06:12:51.625 11820 12049 D Babel_ConvHelper: updateParticipantData  for participantId: ParticipantId {chatId: 106283815774730348074  gaiaId: 106283815774730348074}
03-29 06:12:51.634 11820 12049 D Babel_db: querying merged_contacts_with_details took 2 ms
03-29 06:12:51.770 11820 12116 D Babel_SyncRC: processing response in multiple transactions.
03-29 06:12:51.958   824  9829 W ActivityManager: Slow operation: 93ms so far, now at getContentProviderImpl: incProviderCountLocked
03-29 06:12:51.958   824  9829 W ActivityManager: Slow operation: 93ms so far, now at getContentProviderImpl: before updateOomAdj
03-29 06:12:51.958   824  9829 W ActivityManager: Slow operation: 94ms so far, now at getContentProviderImpl: after updateOomAdj
03-29 06:12:51.958   824  9829 W ActivityManager: Slow operation: 94ms so far, now at getContentProviderImpl: done!
03-29 06:12:51.979  4605  4605 I zygote64: Deoptimizing int android.support.v7.widget.em.f(android.view.View) due to JIT inline cache
03-29 06:12:52.012  4605 11766 I zygote64: The ClassLoaderContext is a special shared library.
03-29 06:12:52.031  4605  4605 I zygote64: Deoptimizing void android.support.v7.widget.RecyclerView.d(int, int) due to JIT inline cache
03-29 06:12:52.035  4605  4605 E RecyclerView: No adapter attached; skipping layout
03-29 06:12:52.056 11820 12049 D Babel_RtcImpressions: Type: 3769
03-29 06:12:52.057 11820 12049 D Babel_db: querying merged_contacts_with_details took 0 ms
03-29 06:12:52.066  4605 11766 I zygote64: The ClassLoaderContext is a special shared library.
03-29 06:12:52.086   599   972 E QC-QMI  : linux_qmi_qmux_io_wake_lock: Err in writing wakelock=qmuxd_port_wl_0, error [1:Operation not permitted]
03-29 06:12:52.086   599   972 E QC-QMI  : linux_qmi_qmux_io_wake_unlock: Err in writing wakelock=qmuxd_port_wl_0, error [1:Operation not permitted]
03-29 06:12:52.094  4605 11766 I zygote64: The ClassLoaderContext is a special shared library.
03-29 06:12:52.103  4605  4605 E BufferItemConsumer: [unnamed-4605-0] Failed to release buffer: Unknown error -1 (1)
03-29 06:12:52.111  4605  4605 E BufferItemConsumer: [unnamed-4605-1] Failed to release buffer: Unknown error -1 (1)
03-29 06:12:52.116  4605  4605 E BufferItemConsumer: [unnamed-4605-2] Failed to release buffer: Unknown error -1 (1)
03-29 06:12:52.121  4605  4605 E BufferItemConsumer: [unnamed-4605-3] Failed to release buffer: Unknown error -1 (1)
03-29 06:12:52.122 11820 12049 D Babel_RtcImpressions: Type: 3769
03-29 06:12:52.126  4605  4605 E BufferItemConsumer: [unnamed-4605-4] Failed to release buffer: Unknown error -1 (1)
03-29 06:12:52.131  4605  4605 E BufferItemConsumer: [unnamed-4605-5] Failed to release buffer: Unknown error -1 (1)
03-29 06:12:52.138  4605  4605 E BufferItemConsumer: [unnamed-4605-6] Failed to release buffer: Unknown error -1 (1)
03-29 06:12:52.144  4605  4605 E BufferItemConsumer: [unnamed-4605-7] Failed to release buffer: Unknown error -1 (1)
03-29 06:12:52.150  4605  4605 E BufferItemConsumer: [unnamed-4605-8] Failed to release buffer: Unknown error -1 (1)
03-29 06:12:52.154  4605  4605 E BufferItemConsumer: [unnamed-4605-9] Failed to release buffer: Unknown error -1 (1)
03-29 06:12:52.156 11820 12049 D Babel   : Deleted 0 messages whose deleteAfterRead timestamp is too old. Watermark: 1515064975519303
03-29 06:12:52.159  4605  4605 E BufferItemConsumer: [unnamed-4605-10] Failed to release buffer: Unknown error -1 (1)
03-29 06:12:52.164  4605  4605 E BufferItemConsumer: [unnamed-4605-11] Failed to release buffer: Unknown error -1 (1)
03-29 06:12:52.170  4605  4605 E BufferItemConsumer: [unnamed-4605-12] Failed to release buffer: Unknown error -1 (1)
03-29 06:12:52.170 11820 11820 D Babel_RTCS: Server response skipping listeners for non-positive request id
03-29 06:12:52.171 11820 12038 D Babel_RTCS: Server response skipping listeners for non-positive request id
03-29 06:12:52.175  4605  4605 E BufferItemConsumer: [unnamed-4605-13] Failed to release buffer: Unknown error -1 (1)
03-29 06:12:52.182  4605  4605 E BufferItemConsumer: [unnamed-4605-14] Failed to release buffer: Unknown error -1 (1)
03-29 06:12:52.186  4605  4605 E BufferItemConsumer: [unnamed-4605-15] Failed to release buffer: Unknown error -1 (1)
03-29 06:12:52.193  4605 11766 W zygote64: Unsupported class loader
03-29 06:12:52.230  4605 11766 W zygote64: Skipping duplicate class check due to unsupported classloader
03-29 06:12:52.242  4605 11766 D DynamitePackage: Instantiated singleton DynamitePackage.
03-29 06:12:52.242  4605 11766 D DynamitePackage: Instantiating com.google.android.gms.ads.adshield.ChimeraAdShieldCreatorImpl
03-29 06:12:52.243 11820 12096 I Babel_SyncManager: Perform warm sync in case there are messages missed before the device is registered for account Redacted-24-chars
03-29 06:12:52.251 11820 12096 D Babel_SmsDepUtil: imp:-1:3602
03-29 06:12:52.251 11820 12096 D Babel_SmsDep: disabled
03-29 06:12:52.253 11820 12096 D Babel   : PstnUtilImpl.setAccountIsRegisteredForIncomingPstnCalls, account: Redacted-24-chars, isRegistered: false
03-29 06:12:52.262  4605  4608 I zygote64: Do full code cache collection, code=253KB, data=174KB
03-29 06:12:52.264  4605  4608 I zygote64: After code cache collection, code=197KB, data=119KB
03-29 06:12:52.278  4605  4616 I zygote64: NativeAlloc concurrent copying GC freed 25565(1434KB) AllocSpace objects, 19(1024KB) LOS objects, 49% free, 6MB/12MB, paused 843us total 118.836ms
03-29 06:12:52.342 11820 12049 D Babel_ConvHelper: updateParticipantData  for participantId: ParticipantId {chatId: 108960761244444677274  gaiaId: 108960761244444677274}
03-29 06:12:52.388 11820 12049 D Babel_db: querying merged_contacts_with_details took 2 ms
03-29 06:12:52.391  3069  3069 W GInputConnectionWrapper: Fixing selection indices to 0, 0
03-29 06:12:52.400 12141 12141 I dex2oat : The ClassLoaderContext is a special shared library.
03-29 06:12:52.403 12141 12141 I dex2oat : /system/bin/dex2oat -j4 --dex-file=/data/data/com.android.vending/cache/1496809943795.jar --output-vdex-fd=143 --oat-fd=144 --oat-location=/data/data/com.android.vending/cache/oat/arm64/1496809943795.odex --compiler-filter=quicken --class-loader-context=&
03-29 06:12:52.433 11820 12049 D Babel_RtcImpressions: Type: 3769
03-29 06:12:52.434 11820 12049 D Babel_db: querying merged_contacts_with_details took 1 ms
03-29 06:12:52.443  3055  3055 D BluetoothPbapService:  onChange on contact uri 
03-29 06:12:52.465 11820 12049 D Babel_RtcImpressions: Type: 3769
03-29 06:12:52.481  3069  3069 I Choreographer: Skipped 31 frames!  The application may be doing too much work on its main thread.
03-29 06:12:52.502 11352 11363 W zygote64: Suspending all threads took: 56.487ms
03-29 06:12:52.542 11300 11342 I AppDataSearchHelper: Upgrade from -1 to 146 took 13890 ms
03-29 06:12:52.545  4605  4605 I zygote64: Deoptimizing void android.support.v7.widget.RecyclerView.D() due to JIT inline cache
03-29 06:12:52.545  4605  4605 I zygote64: Deoptimizing android.support.v7.widget.fg android.support.v7.widget.ew.a(int, long) due to JIT inline cache
03-29 06:12:52.547  4605  4605 I zygote64: Deoptimizing int com.google.android.finsky.stream.e.a(int) due to JIT inline cache
03-29 06:12:52.547  4605  4605 I zygote64: Deoptimizing int com.google.android.finsky.stream.d.e(int) due to JIT inline cache
03-29 06:12:52.547  4605  4605 I zygote64: Deoptimizing int com.google.android.finsky.stream.d.f(int) due to JIT inline cache
03-29 06:12:52.630 11820 12116 D Babel_db: querying merged_contacts_with_details took 1 ms
03-29 06:12:52.640 11820 12116 D Babel_RtcImpressions: Type: 3769
03-29 06:12:52.663  4605  4605 I zygote64: Deoptimizing void com.google.android.finsky.playcard.ai.a(com.google.android.play.layout.b, com.google.android.finsky.dfemodel.Document, java.lang.String, com.google.android.play.image.n, com.google.android.finsky.navigationmanager.a, boolean, com.google.android.finsky.playcard.w, com.google.android.finsky.e.z, com.google.android.finsky.installqueue.m, boolean, int, boolean, boolean, com.google.android.finsky.e.u, boolean, boolean, boolean) due to JIT inline cache
03-29 06:12:52.688 12141 12141 I dex2oat : dex2oat took 288.409ms (152.340ms cpu) (threads: 4) arena alloc=14KB (14928B) java alloc=64KB (65552B) native alloc=1003KB (1028032B) free=2MB (2117696B)
03-29 06:12:52.726  4605 11766 I zygote64: The ClassLoaderContext is a special shared library.
03-29 06:12:52.750 11352 11697 W Gmail   : Could not find personal inbox android config protobuf
03-29 06:12:52.753 11352 11697 W Gmail   : Could not find personal inbox android config protobuf
03-29 06:12:52.781  4605  4605 I zygote64: Deoptimizing void com.google.android.finsky.playcard.ai.a(com.google.android.finsky.dfemodel.Document, com.google.android.play.layout.b, boolean) due to JIT inline cache
03-29 06:12:52.788 11820 12116 D Babel_ConvHelper: updateParticipantData  for participantId: ParticipantId {chatId: 108960761244444677274  gaiaId: 108960761244444677274}
03-29 06:12:52.790 11820 12116 D Babel_ConvHelper: updateParticipantData  for participantId: ParticipantId {chatId: 101381969612735164176  gaiaId: 101381969612735164176}
03-29 06:12:52.799  4605  4605 I zygote64: Deoptimizing void android.support.v7.widget.em.a(android.view.View, int, int) due to JIT same target
03-29 06:12:52.799  4605  4605 I zygote64: Deoptimizing void android.support.v7.widget.em.a(android.view.View, int, int, int, int) due to JIT inline cache
03-29 06:12:52.811 11820 12116 D Babel_db: querying merged_contacts_with_details took 0 ms
03-29 06:12:52.812  3055  3055 D BluetoothPbapService:  onChange on contact uri 
03-29 06:12:52.839 11820 12116 D Babel_RtcImpressions: Type: 3769
03-29 06:12:52.840 11820 12116 D Babel_db: querying merged_contacts_with_details took 1 ms
03-29 06:12:52.859 11820 12116 D Babel_RtcImpressions: Type: 3769
03-29 06:12:52.892  4605  4605 I zygote64: Deoptimizing void com.google.android.finsky.playcard.e.a(android.graphics.Canvas, android.support.v7.widget.RecyclerView, android.support.v7.widget.fd) due to JIT inline cache
03-29 06:12:52.892  4605  4605 I zygote64: Deoptimizing void com.google.android.finsky.playcard.l.a(android.graphics.Canvas, android.support.v7.widget.RecyclerView, android.support.v7.widget.fd) due to JIT inline cache
03-29 06:12:52.902  7819  7829 I zygote64: ThreadFlipBegin blocked for 23.058ms
03-29 06:12:52.912  4605  4605 I zygote64: Deoptimizing void com.google.android.finsky.playcard.i.a(android.graphics.Canvas, android.support.v7.widget.RecyclerView) due to JIT inline cache
03-29 06:12:52.918  4605  4608 I zygote64: Do partial code cache collection, code=232KB, data=149KB
03-29 06:12:52.919  4605  4608 I zygote64: After code cache collection, code=182KB, data=124KB
03-29 06:12:52.919  4605  4608 I zygote64: Increasing code cache capacity to 1024KB
03-29 06:12:52.919  4605  4608 I zygote64: Compiler allocated 4MB to compile void com.google.android.finsky.playcard.ai.a(com.google.android.play.layout.b, com.google.android.finsky.dfemodel.Document, java.lang.String, com.google.android.play.image.n, com.google.android.finsky.navigationmanager.a, boolean, com.google.android.finsky.playcard.w, com.google.android.finsky.e.z, com.google.android.finsky.installqueue.m, boolean, int, boolean, boolean, com.google.android.finsky.e.u, boolean, boolean, boolean)
03-29 06:12:52.932 11352 11697 W Gmail   : Could not find personal inbox android config protobuf
03-29 06:12:52.933 11352 11697 I chatty  : uid=10090(com.google.android.gm) SyncAdapterThre identical 1 line
03-29 06:12:52.933 11352 11697 W Gmail   : Could not find personal inbox android config protobuf
03-29 06:12:52.975 11820 12116 D Babel_SyncVerifier: Waiting for results to be delivered
03-29 06:12:52.982 11820 12049 D Babel_SyncVerifier: Waiting for results to be delivered
03-29 06:12:53.006 11352 11697 W Gmail   : Could not find personal inbox android config protobuf
03-29 06:12:53.033  4605  4605 I zygote64: Deoptimizing void android.support.v7.widget.ea.c(int) due to JIT inline cache
03-29 06:12:53.033  4605  4605 I zygote64: Deoptimizing android.support.v7.widget.fg android.support.v7.widget.ew.a(int, long) due to JIT inline cache
03-29 06:12:53.070 11820 11830 W zygote64: Suspending all threads took: 23.054ms
03-29 06:12:53.330 11903 11986 I qtaguid : Untagging socket -1 failed errno=-9
03-29 06:12:53.332 11903 11986 W NetworkManagementSocketTagger: untagSocket(-1) failed with errno -9
03-29 06:12:53.381 11352 11387 E Gmail.LabelManager: Unable to get label ^sq_ig_i_personal for account -866596010
03-29 06:12:53.384 11352 11387 E Gmail   : Couldn't find label: ^sq_ig_i_personal
03-29 06:12:53.399 11352 11697 E Gmail.LabelManager: Unable to get label ^sq_ig_i_personal for account -866596010
03-29 06:12:53.399 11352 11697 E Gmail   : Couldn't find label: ^sq_ig_i_personal
03-29 06:12:53.423 11352 11697 W Gmail   : Could not find personal inbox android config protobuf
03-29 06:12:53.634 11352 11432 E Gmail.LabelManager: Unable to get label ^sq_ig_i_personal for account -866596010
03-29 06:12:53.634 11352 11432 E Gmail   : Couldn't find label: ^sq_ig_i_personal
03-29 06:12:53.852  3055  3055 D BluetoothPbapService:  onChange on contact uri 
03-29 06:12:53.873   610  5359 D audio_hw_primary: enable_snd_device: snd_device(2: speaker)
03-29 06:12:53.873   610  5359 D audio_route: Apply path: speaker
03-29 06:12:53.875   610  5359 D audio_hw_primary: enable_audio_route: usecase(1) apply and update mixer path: low-latency-playback speaker
03-29 06:12:53.875   610  5359 D audio_route: Apply path: low-latency-playback speaker
03-29 06:12:53.883  4605 11322 I PlayCommon: [196] com.google.android.play.a.g.e(222): Preparing logs for uploading
03-29 06:12:53.888   824   858 I ActivityManager: START u0 {cmp=com.android.vending/com.google.android.finsky.billing.lightpurchase.LightPurchaseFlowActivity (has extras)} from uid 10034
03-29 06:12:53.920  4605 11322 I PlayCommon: [196] com.google.android.play.a.g.a(436): Connecting to server: https://play.googleapis.com/play/log?format=raw&proto_v2=true
03-29 06:12:53.950  4605  4605 I Finsky  : [2] com.google.android.finsky.bw.c.a(35): Skipping DFE self-update check as there is an update already queued.
03-29 06:12:53.956  4605  4605 I Finsky  : [2] com.google.android.finsky.ce.a.a(38): TOS is accepted (process)
03-29 06:12:53.966   610  5359 D audio_hw_primary: out_write: retry previous failed cal level set
03-29 06:12:53.968   824   907 I ActivityManager: Displayed com.android.vending/com.google.android.finsky.billing.lightpurchase.LightPurchaseFlowActivity: +65ms
03-29 06:12:53.975 11820 12116 D Babel_SyncVerifier: Awake after waiting for 1007 ms
03-29 06:12:53.976   824  9828 I ActivityManager: START u0 {cmp=com.android.vending/com.google.android.finsky.activities.AppsPermissionsActivity (has extras)} from uid 10034
03-29 06:12:53.982 11820 12049 D Babel_SyncVerifier: Awake after waiting for 1000 ms
03-29 06:12:54.008 11820 12116 D Babel_RtcImpressions: Type: 2616
03-29 06:12:54.021   824  9830 I WifiService: getConnectionInfo uid=10020
03-29 06:12:54.022   824  3304 I WifiService: getConnectionInfo uid=10020
03-29 06:12:54.024   824  9829 I WifiService: getDhcpInfo uid=10020
03-29 06:12:54.025  4285  5238 I chatty  : uid=10020(com.google.android.gms) expire 5 lines
03-29 06:12:54.026   824  3259 I WifiService: getConnectionInfo uid=10020
03-29 06:12:54.029   824  4172 I WifiService: getDhcpInfo uid=10020
03-29 06:12:54.039 11820 11820 D Babel_RTCS: Server response skipping listeners for non-positive request id
03-29 06:12:54.039 11820 12078 D Babel_RTCS: Server response skipping listeners for non-positive request id
03-29 06:12:54.052   824   907 I ActivityManager: Displayed com.android.vending/com.google.android.finsky.activities.AppsPermissionsActivity: +67ms
03-29 06:12:54.054   599   972 E QC-QMI  : linux_qmi_qmux_io_wake_lock: Err in writing wakelock=qmuxd_port_wl_0, error [1:Operation not permitted]
03-29 06:12:54.054   599   972 E QC-QMI  : linux_qmi_qmux_io_wake_unlock: Err in writing wakelock=qmuxd_port_wl_0, error [1:Operation not permitted]
03-29 06:12:54.121 11820 12049 D Babel_ConvTrigger: Creating a ConversationChange with filter type UNSPECIFIED.
03-29 06:12:54.152 11820 12049 D Babel_RtcImpressions: Type: 2921
03-29 06:12:54.162 11820 12049 D Babel_RtcImpressions: Type: 2940
03-29 06:12:54.184  4605 11322 I PlayCommon: [196] com.google.android.play.a.g.a(493): Successfully uploaded logs.
03-29 06:12:54.186  4605 11322 I PlayCommon: [196] com.google.android.play.a.g.e(222): Preparing logs for uploading
03-29 06:12:54.187  4605 11322 I PlayCommon: [196] com.google.android.play.a.g.e(226): No file ready to send
03-29 06:12:54.280 11820 12049 D Babel_RtcImpressions: Type: 2941
03-29 06:12:54.311 10515 10520 I zygote64: Do partial code cache collection, code=122KB, data=85KB
03-29 06:12:54.323 10515 10520 I zygote64: After code cache collection, code=122KB, data=85KB
03-29 06:12:54.323 10515 10520 I zygote64: Increasing code cache capacity to 512KB
03-29 06:12:54.363  4605  4605 I Finsky  : [2] com.google.android.finsky.billing.lightpurchase.w.run(8): Permissions accepted: org.mozilla.firefox
03-29 06:12:54.367  4605  4605 I Finsky  : [2] com.google.android.finsky.installer.g.a(161): Presetting external-hosting status for non-installed org.mozilla.firefox
03-29 06:12:54.368  4605  4605 I Finsky  : [2] com.google.android.finsky.installer.a.r.a(170): Request install of org.mozilla.firefox v=2015548473 pri=2 for single_install
03-29 06:12:54.380  4605  4764 I Finsky  : [152] com.google.android.finsky.bi.e.b(57): Created session 1394475168 for org.mozilla.firefox
03-29 06:12:54.439  4605  4605 I zygote64: Deoptimizing android.support.v7.widget.fg android.support.v7.widget.ew.a(int, long) due to JIT inline cache
03-29 06:12:54.445 11820 12049 D Babel_SmsDepUtil: imp:-1:3602
03-29 06:12:54.465 11820 12049 D Babel_SmsDep: disabled
03-29 06:12:54.489   610   759 D audio_hw_primary: disable_audio_route: usecase(1) reset and update mixer path: low-latency-playback speaker
03-29 06:12:54.496   610   759 D audio_hw_primary: disable_snd_device: snd_device(2: speaker)
03-29 06:12:54.544 11820 12049 D Babel_SmsDepUtil: imp:-1:3602
03-29 06:12:54.548 11820 12049 D Babel_SmsDep: disabled
03-29 06:12:54.661 11820 12049 D Babel_SmsDepUtil: imp:-1:3602
03-29 06:12:54.661 11820 12049 D Babel_SmsDep: disabled
03-29 06:12:54.725 11820 12049 D Babel_SmsDepUtil: imp:-1:3602
03-29 06:12:54.725 11820 12049 D Babel_SmsDep: disabled
03-29 06:12:54.776 11820 12049 D Babel_SmsDepUtil: imp:-1:3602
03-29 06:12:54.776 11820 12049 D Babel_SmsDep: disabled
03-29 06:12:54.830 11820 12049 D Babel_SmsDepUtil: imp:-1:3602
03-29 06:12:54.830 11820 12049 D Babel_SmsDep: disabled
03-29 06:12:54.873 11820 12049 D Babel_SmsDepUtil: imp:-1:3602
03-29 06:12:54.874 11820 12049 D Babel_SmsDep: disabled
03-29 06:12:54.944 11820 12049 D Babel_SmsDepUtil: imp:-1:3602
03-29 06:12:54.944 11820 12049 D Babel_SmsDep: disabled
03-29 06:12:55.000 11820 12049 D Babel_SmsDepUtil: imp:-1:3602
03-29 06:12:55.001 11820 12049 D Babel_SmsDep: disabled
03-29 06:12:55.040 11820 12049 D Babel_SmsDepUtil: imp:-1:3602
03-29 06:12:55.040 11820 12049 D Babel_SmsDep: disabled
03-29 06:12:55.079  3055  3055 D BluetoothPbapService:  onChange on contact uri 
03-29 06:12:55.174 11820 12049 D Babel_SmsDepUtil: imp:-1:3602
03-29 06:12:55.185 11820 12049 D Babel_SmsDep: disabled
03-29 06:12:55.210 11820 12049 D Babel_SmsDepUtil: imp:-1:3602
03-29 06:12:55.210 11820 12049 D Babel_SmsDep: disabled
03-29 06:12:55.215 11820 12049 D Babel_RtcImpressions: Type: 2921
03-29 06:12:55.246 11820 12049 D Babel_RtcImpressions: Type: 2940
03-29 06:12:55.317 11820 12049 D Babel_RtcImpressions: Type: 2941
03-29 06:12:55.572 11300 11311 I zygote64: ThreadFlipBegin blocked for 16.465ms
03-29 06:12:55.593 11820 12049 D Babel_ConvTrigger: Creating a ConversationChange with filter type UNSPECIFIED.
03-29 06:12:55.622 11820 12049 D Babel_RtcImpressions: Type: 2921
03-29 06:12:55.635 11820 12049 D Babel_RtcImpressions: Type: 2940
03-29 06:12:55.649 11820 12049 D Babel_RtcImpressions: Type: 2941
03-29 06:12:55.800 11820 12049 D Babel_RtcImpressions: Type: 2616
03-29 06:12:56.076  3055  3055 D BluetoothPbapService:  onChange on contact uri 
03-29 06:12:56.096 11820 11825 I zygote64: Do partial code cache collection, code=46KB, data=61KB
03-29 06:12:56.113 11820 11901 D Babel_db: querying merged_contacts_with_details took 11 ms
03-29 06:12:56.150 10515 11981 E TimelySyncImpl: Unable to find calendar -866596010
03-29 06:12:56.170 11820 12051 D Babel_db: querying merged_contacts_with_details took 4 ms
03-29 06:12:56.180 11820 12051 D Babel_RtcImpressions: Type: 3769
03-29 06:12:56.185 10515 11981 E TimelySyncImpl: Unable to find calendar -899202677
03-29 06:12:56.220 10515 11981 E TimelySyncImpl: Unable to find calendar -2068370715
03-29 06:12:56.261 11820 11825 I zygote64: After code cache collection, code=46KB, data=61KB
03-29 06:12:56.261 11820 11825 I zygote64: Increasing code cache capacity to 256KB
03-29 06:12:56.270 11820 11820 D Babel_RTCS: Server response skipping listeners for non-positive request id
03-29 06:12:56.277 11820 11901 V MediaPlayer: resetDrmState:  mDrmInfo=null mDrmProvisioningThread=null mPrepareDrmInProgress=false mActiveDrmScheme=false
03-29 06:12:56.277 11820 11901 V MediaPlayer: cleanDrmObj: mDrmObj=null mDrmSessionId=null
03-29 06:12:56.280 11300 11738 W PlaybackServiceState: reload: Can't reload mix descriptor. No valid ID found.
03-29 06:12:56.280 11300 11738 D PlaybackServiceState: reload: no mix descriptor found
03-29 06:12:56.286 11820 12051 D Babel_db: querying merged_contacts_with_details took 1 ms
03-29 06:12:56.287 11820 12063 D Babel_RTCS: Server response skipping listeners for non-positive request id
03-29 06:12:56.307   618  3314 D NuPlayerDriver: NuPlayerDriver(0xea827380) created, clientPid(11820)
03-29 06:12:56.313 11820 11901 V MediaPlayer: resetDrmState:  mDrmInfo=null mDrmProvisioningThread=null mPrepareDrmInProgress=false mActiveDrmScheme=false
03-29 06:12:56.313 11820 11901 V MediaPlayer: cleanDrmObj: mDrmObj=null mDrmSessionId=null
03-29 06:12:56.314   618   618 D NuPlayerDriver: reset(0xea827380) at state 2
03-29 06:12:56.314   618   618 D NuPlayerDriver: notifyListener_l(0xea827380), (8, 0, 0, -1), loop setting(0, 0)
03-29 06:12:56.315   618 12186 D NuPlayerDriver: notifyResetComplete(0xea827380)
03-29 06:12:56.316 11300 11738 D ReloadCallable: LPAPlayer detected. Disabling gapless.
03-29 06:12:56.316 11300 11738 D CallableWrapper: Finished callable=com.google.android.music.playback2.callables.ReloadStateCallable@f37c53e
03-29 06:12:56.316 11300 11738 D MusicProfiler: callable: duration=17817ms name=ReloadStateCallable
03-29 06:12:56.322 11820 12051 D Babel_RtcImpressions: Type: 3769
03-29 06:12:56.324 11300 11300 D MusicServiceTask: ReloadStateTask Deliver message: taskMessage=[STATE_RELOADED, com.google.android.music.store.LocalPlayQueue@f716ea1]
03-29 06:12:56.324 11300 11300 D MusicServiceTask: ReloadStateTask submitToMainThread: message=[STATE_RELOADED, com.google.android.music.store.LocalPlayQueue@f716ea1]
03-29 06:12:56.324 11300 11300 D MusicServiceTask: ReloadStateTask submitToMainThread: message=[FINISHED, null]
03-29 06:12:56.325 11300 11300 I MusicPlaybackService: v2 State reloaded PlaybackServiceState {mQueuePosition=0, mQueueLength=0, mQueueItem=null, mPlayerState=0, mElapsedPlayPosition=0, mMix=null, mRepeatMode=0, mShuffleMode=0, mAdReason=0, mAudioSessionId=-1, mRouteType=0, mIsCurrentTrackFullyBuffered=false, mCastNotificationState=[INACTIVE, Optional.absent(), false], mTrackDownloadProgress=null, mIsSystemGaplessEnabled=true}
03-29 06:12:56.334 11820 12051 D Babel_db: querying merged_contacts_with_details took 12 ms
03-29 06:12:56.339 11820 12051 D Babel_RtcImpressions: Type: 3769
03-29 06:12:56.345 11300 11300 I MusicPlaybackService: v2 processing queued intent Intent { act=com.google.android.music.clearqueue cmp=com.google.android.music/.playback2.MusicPlaybackService }
03-29 06:12:56.345 11300 11300 I MusicPlaybackService: v2 onStartCommand: intent=Intent { act=com.google.android.music.clearqueue cmp=com.google.android.music/.playback2.MusicPlaybackService } extras=NULL
03-29 06:12:56.346 11300 11300 I PlaybackManager: v2 clearQueue
03-29 06:12:56.346 11300 11300 I PlaybackManager: v2 clearMixDescriptor
03-29 06:12:56.346 11300 11300 D PlayPositionManager: performing playposition (BEFORE_CLEAR_QUEUE)
03-29 06:12:56.346 11300 11300 I MusicPlaybackService: v2 onPlayStateChanged: IDLE
03-29 06:12:56.346 11300 11300 I MusicPlaybackService: v2 handlePlayerStateChanged to IDLE with context null
03-29 06:12:56.347 11300 11300 I TaskManagerImpl: Task finished: com.google.android.music.playback2.tasks.ReloadStateTask@d5661f9
03-29 06:12:56.347 11300 11300 D MusicProfiler: TaskManagerImpl duration=17881ms task=com.google.android.music.playback2.tasks.ReloadStateTask@d5661f9
03-29 06:12:56.347 11300 11300 I TaskManagerImpl: onStartNextTask current task: null
03-29 06:12:56.347 11300 11300 I TaskManagerImpl: starting next task: com.google.android.music.playback2.tasks.ClearQueueTask@89553dd at time 2634354
03-29 06:12:56.347 11300 11300 D MusicServiceTask: ClearQueueTask submitToBackground: callable=com.google.android.music.playback2.callables.ClearQueueCallable@1103b52
03-29 06:12:56.349 11300 11738 D CallableWrapper: Calling callable=com.google.android.music.playback2.callables.ClearQueueCallable@1103b52
03-29 06:12:56.351  7819  7829 I zygote64: ThreadFlipBegin blocked for 219.343ms
03-29 06:12:56.351  7819 10688 I zygote64: IncrementDisableThreadFlip blocked for 218.025ms
03-29 06:12:56.365 11300 11300 D MusicLifecycle: com.google.android.music.playback.NowPlayingHomeWidgetProvider generated event: Broadcast received with context com.google.android.music.ui.PhoneMusicApplication@20394de and intent Intent { act=com.google.android.music.playback.FORCE_WIDGET_PROVIDER_REFRESH flg=0x10 }
03-29 06:12:56.366 11300 11300 D MusicPlaybackService: v2 notifyPlayStateChanged
03-29 06:12:56.366 11300 11300 V BroadcastManager: v2 com.android.music.playstatechanged
03-29 06:12:56.393 11559 11569 W zygote64: Suspending all threads took: 109.904ms
03-29 06:12:56.402 11300 11300 D MediaSessionManager: new playback state: PlaybackState {state=0, position=0, buffered position=0, speed=0.0, updated=2634406, actions=794551, error code=0, error message=null, custom actions=[], active item id=-1}
03-29 06:12:56.404  3055  3532 V Avrcp   : onPlaybackStateChanged: state PlaybackState {state=0, position=0, buffered position=0, speed=0.0, updated=2634406, actions=794551, custom actions=[], active item id=-1, error=null}
03-29 06:12:56.405 11300 11300 I TaskManagerImpl: onStartNextTask current task: com.google.android.music.playback2.tasks.ClearQueueTask@89553dd
03-29 06:12:56.405  3055  3532 V Avrcp   : updatePlaybackState (1): 00(PlaybackState {state=0, position=0, buffered position=0, speed=0.0, updated=2634406, actions=794551, custom actions=[], active item id=-1, error=null})
03-29 06:12:56.405  3055  3532 I Avrcp   : Skipping update due to invalid playback state
03-29 06:12:56.405  3055  3532 E Avrcp   : play status change 00 mPlayStatusChangedNT: 1
03-29 06:12:56.405  3055  3532 D Avrcp   : sendPlayPosNotificationRsp: Not registered or requesting.
03-29 06:12:56.418 11300 11300 D MusicLifecycle: com.google.android.music.playback2.MusicPlaybackService$4 generated event: Broadcast received with context com.google.android.music.playback2.MusicPlaybackService@89b5e42 and intent Intent { act=com.android.music.playstatechanged flg=0x10000010 (has extras) }
03-29 06:12:56.419 11300 11300 D MusicLifecycle: com.google.android.music.playback.NowPlayingHomeWidgetProvider generated event: Broadcast received with context com.google.android.music.ui.PhoneMusicApplication@20394de and intent Intent { act=com.google.android.music.playback.FORCE_WIDGET_PROVIDER_REFRESH flg=0x10 }
03-29 06:12:56.434 11820 12051 D Babel_db: querying merged_contacts_with_details took 2 ms
03-29 06:12:56.438  3091  3091 D StatusBar: disable<e i a s b h r c s q >
03-29 06:12:56.455 11820 12051 D Babel_RtcImpressions: Type: 3769
03-29 06:12:56.471  3091  3091 D StatusBar: disable<e i a s b h r c s q >
03-29 06:12:56.472 11300 11738 D CallableWrapper: Finished callable=com.google.android.music.playback2.callables.ClearQueueCallable@1103b52
03-29 06:12:56.472 11300 11738 D MusicProfiler: callable: duration=0124ms name=ClearQueueCallable
03-29 06:12:56.474 11300 11485 I PlayCommon: [503] PlayEventLogger.uploadEventsImpl: Preparing logs for uploading
03-29 06:12:56.474 11300 11485 I PlayCommon: [503] PlayEventLogger.uploadEventsImpl: No file ready to send
03-29 06:12:56.474 11300 11300 I MusicPlaybackService: v2 handleUpdateQueueState: with state [PlayQueueState: position=-1, length=0, currentItem=null, shuffleMode=0]
03-29 06:12:56.475 11300 11300 D PlaybackManager: v2 attempt feedQueueIfNeeded queueLength=0 isInCloudQueueMode()=false mIsEndOfFeed=false isRadio()=false
03-29 06:12:56.475 11300 11300 D MusicPlaybackService: v2 notifyQueueChanged
03-29 06:12:56.476 11300 11300 V BroadcastManager: v2 com.android.music.queuechanged
03-29 06:12:56.476 11300 11300 W BroadcastManager: setQueueItemExtras with a null queue item PlaybackServiceState {mQueuePosition=-1, mQueueLength=0, mQueueItem=null, mPlayerState=0, mElapsedPlayPosition=0, mMix=null, mRepeatMode=0, mShuffleMode=0, mAdReason=0, mAudioSessionId=-1, mRouteType=0, mIsCurrentTrackFullyBuffered=false, mCastNotificationState=[INACTIVE, Optional.absent(), false], mTrackDownloadProgress=null, mIsSystemGaplessEnabled=true}
03-29 06:12:56.483 11300 11300 I PlaybackManager: v2 prepareNextTrack for position 0
03-29 06:12:56.483 11300 11300 I PlaybackManager: v2 prepareNextTrack - end of songlist
03-29 06:12:56.483 11300 11300 D MediaPlayerController: prepareNext null
03-29 06:12:56.483 11300 11300 D MusicServiceTask: ClearQueueTask Deliver message: taskMessage=[UPDATED_QUEUE_RESULT, null]
03-29 06:12:56.483 11300 11300 D MusicServiceTask: ClearQueueTask submitToMainThread: message=[UPDATED_QUEUE_RESULT, null]
03-29 06:12:56.484 11300 11300 D MusicServiceTask: ClearQueueTask submitToMainThread: message=[FINISHED, null]
03-29 06:12:56.486 11300 11300 I PlaybackManager: v2 onTaskMessage taskMessage=[UPDATED_QUEUE_RESULT, null]
03-29 06:12:56.487 11300 11300 I MusicPlaybackService: v2 onPlayStateChanged: IDLE
03-29 06:12:56.487 11300 11300 I MusicPlaybackService: v2 handlePlayerStateChanged to IDLE with context null
