03-29 06:12:10.213   824  9824 I ActivityManager: START u0 {flg=0x2000000 cmp=com.google.android.gms/.auth.uiflows.addaccount.PreAddAccountActivity (has extras)} from uid 10020
03-29 06:12:10.217  4605  4605 I chatty  : uid=10034(com.android.vending) expire 2 lines
03-29 06:12:10.270  3091  3091 D StatusBar: disable<e i a s B!h r c s q >
03-29 06:12:10.295  4091  4344 I chatty  : uid=10020(com.google.android.gms) Binder:4091_3 expire 1 line
03-29 06:12:10.297  4605  4707 I chatty  : uid=10034(com.android.vending) ndroid.play.a.g expire 3 lines
03-29 06:12:10.305   824   907 I chatty  : uid=1000(system) android.display expire 5 lines
03-29 06:12:10.310   824  9824 I ActivityManager: START u0 {flg=0x2000000 cmp=com.google.android.gms/.auth.uiflows.minutemaid.MinuteMaidActivity (has extras)} from uid 10020
03-29 06:12:10.385  4091  5142 I chatty  : uid=10020(com.google.android.gms) NearbyDirectMai expire 8 lines
03-29 06:12:10.421  3091  3091 D StatusBar: disable<e i a s b!h r c s q >
03-29 06:12:10.449   373   373 W /system/bin/hwservicemanager: getTransport: Cannot find entry android.hardware.drm@1.0::IDrmFactory/default in either framework or device manifest.
03-29 06:12:10.452   615   615 D vndksupport: Loading /vendor/lib/hw/android.hardware.drm@1.0-impl.so from current namespace instead of sphal namespace.
03-29 06:12:10.471  3228  3263 E PhoneInterfaceManager: [PhoneIntfMgr] getIccId: No UICC
03-29 06:12:10.475   615   615 I DrmHal  : makeDrmFactories: using default drm instance
03-29 06:12:10.476   615   629 D WVCdm   : Instantiating CDM.
03-29 06:12:10.476  9539  9539 I chatty  : uid=10020(com.google.android.gms) expire 10 lines
03-29 06:12:10.477   615   615 I WVCdm   : CdmEngine::OpenSession
03-29 06:12:10.479   615 11133 I WVCdm   : Level3 Library 4445 Oct  4 2017 17:06:25
03-29 06:12:10.480  9539  9780 I chatty  : uid=10020(com.google.android.gms) expire 1 line
03-29 06:12:10.483   615   615 I WVCdm   : L3 Initialized. Trying L1.
03-29 06:12:10.485   615   615 D QSEECOMAPI: : QSEECom_get_handle sb_length = 0x19000
03-29 06:12:10.485   615   615 D QSEECOMAPI: : App is not loaded in QSEE
03-29 06:12:10.494   610   759 D audio_hw_primary: disable_audio_route: usecase(1) reset and update mixer path: low-latency-playback speaker
03-29 06:12:10.495 11134 11134 E /system/bin/webview_zygote32: Failed to make and chown /acct/uid_99004: Permission denied
03-29 06:12:10.495 11134 11134 E Zygote  : createProcessGroup(99004, 0) failed: Permission denied
03-29 06:12:10.497   824   858 I ActivityManager: Start proc 11134:com.android.chrome:sandboxed_process0/u0i4 for webview_service com.google.android.gms/org.chromium.content.app.SandboxedProcessService0
03-29 06:12:10.503   610   759 D audio_hw_primary: disable_snd_device: snd_device(2: speaker)
03-29 06:12:10.517   615   615 D QSEECOMAPI: : Loaded image: APP id = 9
03-29 06:12:10.525   615   615 D QSAPPSVER: qsapps_get_capabilities: Capability from secure side: 0x0
03-29 06:12:10.525   615   615 D QSAPPSVER: qsapps_get_capabilities: returns 0
03-29 06:12:10.525   615   615 E DrmWidevineDash: sion_buffer g_wv_fhandle->ion_sbuffer  0x0xef1c7000
03-29 06:12:10.529   385   388 D DrmLibTime: got the req here! ret=0
03-29 06:12:10.530   385   388 D DrmLibTime: command id, time_cmd_id = 770
03-29 06:12:10.530   385   388 D DrmLibTime: time_getutcsec starts!
03-29 06:12:10.530   385   388 D DrmLibTime: QSEE Time Listener: time_getutcsec
03-29 06:12:10.530   385   388 D DrmLibTime: QSEE Time Listener: get_utc_seconds
03-29 06:12:10.530   385   388 D DrmLibTime: QSEE Time Listener: time_get_modem_time
03-29 06:12:10.530   385   388 D DrmLibTime: QSEE Time Listener: Checking if ATS_MODEM is set or not.
03-29 06:12:10.530   385   388 D QC-time-services: Lib:time_genoff_operation: pargs->base = 13
03-29 06:12:10.530   385   388 D QC-time-services: Lib:time_genoff_operation: pargs->operation = 2
03-29 06:12:10.530   385   388 D QC-time-services: Lib:time_genoff_operation: pargs->ts_val = 0
03-29 06:12:10.530   385   388 D QC-time-services: Lib:time_genoff_operation: Send to server  passed!!
03-29 06:12:10.531   624   649 D QC-time-services: Daemon: Connection accepted:time_genoff
03-29 06:12:10.531   624 11146 D QC-time-services: Daemon:Received base = 13, unit = 1, operation = 2,value = 0
03-29 06:12:10.531   624 11146 D QC-time-services: Daemon:genoff_opr: Base = 13, val = 0, operation = 2
03-29 06:12:10.531   624 11146 D QC-time-services: offset is: 0 for base: 13
03-29 06:12:10.531   385   388 E QC-time-services: Receive Passed == base = 13, unit = 1, operation = 2, result = 0
03-29 06:12:10.531   385   388 D DrmLibTime: QSEE Time Listener: ATS_MODEM is not set. Fallback to Android system time.
03-29 06:12:10.532   385   388 D DrmLibTime: QSEE Time Listener: Retrieved Android system time: 1522318330
03-29 06:12:10.532   385   388 D DrmLibTime: time_getutcsec returns 0, sec = 1522318330; nsec = 0
03-29 06:12:10.532   385   388 D DrmLibTime: time_getutcsec finished! 
03-29 06:12:10.532   385   388 D DrmLibTime: iotcl_continue_command finished! and return 0 
03-29 06:12:10.532   385   388 D DrmLibTime: before calling ioctl to read the next time_cmd
03-29 06:12:10.532   624   649 E QC-time-services: Daemon: Time-services: Waiting to acceptconnection
03-29 06:12:10.559   615   615 D WVCdm   : OEMCrypto_Initialize Level 1 success. I will use level 1.
03-29 06:12:10.559   615   615 D WVCdm   : CryptoSession::Open: Lock: requested_security_level: Default
03-29 06:12:10.559 11148 11148 E asset   : setgid: Operation not permitted
03-29 06:12:10.567   615   615 I WVCdm   : CdmEngine::QueryOemCryptoSessionId
03-29 06:12:10.568   615  9862 I WVCdm   : CdmEngine::GenerateKeyRequest
03-29 06:12:10.583 11134 11134 I cr_ChildProcessService: Creating new ChildProcessService pid=11134
03-29 06:12:10.585   615  9862 E DrmWidevineDash: tz api security patch level =  0
03-29 06:12:10.588   615  9862 D WVCdm   : PrepareKeyRequest: nonce=823021703
03-29 06:12:10.592 11134 11149 I cr_LibraryLoader: Time to load native libraries: 2 ms (timestamps 8594-8596)
03-29 06:12:10.592 11134 11149 I cr_LibraryLoader: Using linker: org.chromium.base.library_loader.ModernLinker
03-29 06:12:10.594 11134 11149 I chromium: [INFO:library_loader_hooks.cc(136)] Chromium logging enabled: level = 0, default verbosity = 0
03-29 06:12:10.594 11134 11149 I cr_LibraryLoader: Expected native library version number "61.0.3163.98", actual native library version number "61.0.3163.98"
03-29 06:12:10.598  7263  7285 I chatty  : uid=10020(com.google.android.gms) expire 16 lines
03-29 06:12:10.640   615 11132 I WVCdm   : L3 Terminate.
03-29 06:12:10.641   615 11132 D QSEECOMAPI: : QSEECom_dealloc_memory 
03-29 06:12:10.641   615 11132 D QSEECOMAPI: : QSEECom_shutdown_app, app_id = 9
03-29 06:12:10.823  7285  7285 I chatty  : uid=10020 com.google.android.gms.unstable expire 2 lines
03-29 06:12:10.983  4605  4605 I chatty  : uid=10034(com.android.vending) expire 8 lines
03-29 06:12:11.077  4243  4243 I PBSessionCacheImpl: Deleted sessionId[83942659974] from persistence.
03-29 06:12:11.518  3228  3815 E PhoneInterfaceManager: [PhoneIntfMgr] getIccId: No UICC
03-29 06:12:13.697   599   972 E QC-QMI  : linux_qmi_qmux_io_wake_lock: Err in writing wakelock=qmuxd_port_wl_0, error [1:Operation not permitted]
03-29 06:12:13.699   599   972 E QC-QMI  : linux_qmi_qmux_io_wake_unlock: Err in writing wakelock=qmuxd_port_wl_0, error [1:Operation not permitted]
03-29 06:12:14.587  3069  3069 W GInputConnectionWrapper: Fixing selection indices to 0, 0
03-29 06:12:14.633  3069  3069 W GInputConnectionWrapper: Fixing selection indices to 0, 0
03-29 06:12:14.730   824  4183 I chatty  : uid=1000(system) Binder:824_B expire 2 lines
03-29 06:12:16.102  4243 11182 I EventLogSendingHelper: Sending log events.
03-29 06:12:16.139  4091 11072 I chatty  : uid=10020 com.google.android.gms.persistent expire 2 lines
03-29 06:12:16.140  4091  4091 I chatty  : uid=10020 com.google.android.gms.persistent expire 10 lines
03-29 06:12:16.248   599   972 E QC-QMI  : linux_qmi_qmux_io_wake_lock: Err in writing wakelock=qmuxd_port_wl_0, error [1:Operation not permitted]
03-29 06:12:16.248   599   972 E QC-QMI  : linux_qmi_qmux_io_wake_unlock: Err in writing wakelock=qmuxd_port_wl_0, error [1:Operation not permitted]
03-29 06:12:16.283  4285  5238 I chatty  : uid=10020(com.google.android.gms) expire 6 lines
03-29 06:12:16.592  3069  3074 I zygote64: Do full code cache collection, code=507KB, data=297KB
03-29 06:12:16.594  3069  3074 I zygote64: After code cache collection, code=478KB, data=252KB
03-29 06:12:18.815   599   972 E QC-QMI  : linux_qmi_qmux_io_wake_lock: Err in writing wakelock=qmuxd_port_wl_0, error [1:Operation not permitted]
03-29 06:12:18.815   599   972 E QC-QMI  : linux_qmi_qmux_io_wake_unlock: Err in writing wakelock=qmuxd_port_wl_0, error [1:Operation not permitted]
03-29 06:12:19.415  3069  3069 I zygote64: Deoptimizing void com.google.android.apps.inputmethod.libs.framework.keyboard.handler.TouchActionBundle.a(android.view.MotionEvent, int) due to JIT inline cache
03-29 06:12:19.418  3069  3069 I zygote64: Deoptimizing void bks.a(android.view.View, android.view.View, int, int, int) due to JIT inline cache
03-29 06:12:19.418  3069  3069 I zygote64: Deoptimizing float bhg.a(android.view.View) due to JIT inline cache
03-29 06:12:19.419  3069  3069 I zygote64: Deoptimizing float bhg.b(android.view.View) due to JIT inline cache
03-29 06:12:21.636  3228  3815 E PhoneInterfaceManager: [PhoneIntfMgr] getIccId: No UICC
03-29 06:12:22.976  3069 11248 I zygote64: Deoptimizing boolean com.google.android.apps.inputmethod.libs.framework.core.metadata.AbstractTemplateBuilder.a(android.content.Context, android.util.AttributeSet, java.lang.String, int, com.google.common.base.Splitter) due to JIT inline cache
03-29 06:12:23.172  3069  3069 W GInputConnectionWrapper: Fixing selection indices to 0, 0
03-29 06:12:23.937   599   972 E QC-QMI  : linux_qmi_qmux_io_wake_lock: Err in writing wakelock=qmuxd_port_wl_0, error [1:Operation not permitted]
03-29 06:12:23.939   599   972 E QC-QMI  : linux_qmi_qmux_io_wake_unlock: Err in writing wakelock=qmuxd_port_wl_0, error [1:Operation not permitted]
03-29 06:12:24.660  3069  3074 I zygote64: Do partial code cache collection, code=491KB, data=279KB
03-29 06:12:24.660  3069  3074 I zygote64: After code cache collection, code=478KB, data=274KB
03-29 06:12:24.660  3069  3074 I zygote64: Increasing code cache capacity to 2MB
03-29 06:12:26.491   599   972 E QC-QMI  : linux_qmi_qmux_io_wake_lock: Err in writing wakelock=qmuxd_port_wl_0, error [1:Operation not permitted]
03-29 06:12:26.491   599   972 E QC-QMI  : linux_qmi_qmux_io_wake_unlock: Err in writing wakelock=qmuxd_port_wl_0, error [1:Operation not permitted]
03-29 06:12:27.750  3228  3815 E PhoneInterfaceManager: [PhoneIntfMgr] getIccId: No UICC
03-29 06:12:29.047   599   972 E QC-QMI  : linux_qmi_qmux_io_wake_lock: Err in writing wakelock=qmuxd_port_wl_0, error [1:Operation not permitted]
03-29 06:12:29.047   599   972 E QC-QMI  : linux_qmi_qmux_io_wake_unlock: Err in writing wakelock=qmuxd_port_wl_0, error [1:Operation not permitted]
03-29 06:12:29.757  3228  3815 E PhoneInterfaceManager: [PhoneIntfMgr] getIccId: No UICC
03-29 06:12:29.986  3228  3815 E PhoneInterfaceManager: [PhoneIntfMgr] getIccId: No UICC
03-29 06:12:30.013   824  6275 I ActivityManager: START u0 {flg=0x2000000 cmp=com.google.android.gms/.auth.uiflows.addaccount.AddAccountActivity (has extras)} from uid 10020
03-29 06:12:30.079  3091  3091 D StatusBar: disable<e i a s B!h r c s q >
03-29 06:12:30.104  9539 11289 I chatty  : uid=10020(com.google.android.gms) expire 1 line
03-29 06:12:30.159  4091  4091 I chatty  : uid=10020 com.google.android.gms.persistent expire 5 lines
03-29 06:12:30.173  4091  4716 I chatty  : uid=10020(com.google.android.gms) Binder:4091_5 expire 10 lines
03-29 06:12:30.195   373   373 W /system/bin/hwservicemanager: getTransport: Cannot find entry android.hardware.drm@1.0::IDrmFactory/default in either framework or device manifest.
03-29 06:12:30.196   615   629 D vndksupport: Loading /vendor/lib/hw/android.hardware.drm@1.0-impl.so from current namespace instead of sphal namespace.
03-29 06:12:30.198   615   629 I DrmHal  : makeDrmFactories: using default drm instance
03-29 06:12:30.200   615  9862 I WVCdm   : CdmEngine::OpenSession
03-29 06:12:30.201   615 11293 I WVCdm   : Level3 Library 4445 Oct  4 2017 17:06:25
03-29 06:12:30.205   615  9862 I WVCdm   : L3 Initialized. Trying L1.
03-29 06:12:30.205   615  9862 D QSEECOMAPI: : QSEECom_get_handle sb_length = 0x19000
03-29 06:12:30.206   615  9862 D QSEECOMAPI: : App is not loaded in QSEE
03-29 06:12:30.229   615  9862 D QSEECOMAPI: : Loaded image: APP id = 10
03-29 06:12:30.233   615  9862 D QSAPPSVER: qsapps_get_capabilities: Capability from secure side: 0x0
03-29 06:12:30.233   615  9862 D QSAPPSVER: qsapps_get_capabilities: returns 0
03-29 06:12:30.233   615  9862 E DrmWidevineDash: sion_buffer g_wv_fhandle->ion_sbuffer  0x0xef1bd000
03-29 06:12:30.236   385   388 D DrmLibTime: got the req here! ret=0
03-29 06:12:30.236   385   388 D DrmLibTime: command id, time_cmd_id = 770
03-29 06:12:30.236   385   388 D DrmLibTime: time_getutcsec starts!
03-29 06:12:30.236   385   388 D DrmLibTime: QSEE Time Listener: time_getutcsec
03-29 06:12:30.236   385   388 D DrmLibTime: QSEE Time Listener: get_utc_seconds
03-29 06:12:30.236   385   388 D DrmLibTime: QSEE Time Listener: time_get_modem_time
03-29 06:12:30.236   385   388 D DrmLibTime: QSEE Time Listener: Checking if ATS_MODEM is set or not.
03-29 06:12:30.236   385   388 D QC-time-services: Lib:time_genoff_operation: pargs->base = 13
03-29 06:12:30.236   385   388 D QC-time-services: Lib:time_genoff_operation: pargs->operation = 2
03-29 06:12:30.236   385   388 D QC-time-services: Lib:time_genoff_operation: pargs->ts_val = 0
03-29 06:12:30.237   385   388 D QC-time-services: Lib:time_genoff_operation: Send to server  passed!!
03-29 06:12:30.237   624   649 D QC-time-services: Daemon: Connection accepted:time_genoff
03-29 06:12:30.238   624 11294 D QC-time-services: Daemon:Received base = 13, unit = 1, operation = 2,value = 0
03-29 06:12:30.238   624 11294 D QC-time-services: Daemon:genoff_opr: Base = 13, val = 0, operation = 2
03-29 06:12:30.238   624 11294 D QC-time-services: offset is: 0 for base: 13
03-29 06:12:30.238   385   388 E QC-time-services: Receive Passed == base = 13, unit = 1, operation = 2, result = 0
03-29 06:12:30.238   385   388 D DrmLibTime: QSEE Time Listener: ATS_MODEM is not set. Fallback to Android system time.
03-29 06:12:30.238   385   388 D DrmLibTime: QSEE Time Listener: Retrieved Android system time: 1522318350
03-29 06:12:30.238   385   388 D DrmLibTime: time_getutcsec returns 0, sec = 1522318350; nsec = 0
03-29 06:12:30.238   385   388 D DrmLibTime: time_getutcsec finished! 
03-29 06:12:30.238   385   388 D DrmLibTime: iotcl_continue_command finished! and return 0 
03-29 06:12:30.238   385   388 D DrmLibTime: before calling ioctl to read the next time_cmd
03-29 06:12:30.238   624   649 E QC-time-services: Daemon: Time-services: Waiting to acceptconnection
03-29 06:12:30.266   615  9862 D WVCdm   : OEMCrypto_Initialize Level 1 success. I will use level 1.
03-29 06:12:30.266   615  9862 D WVCdm   : CryptoSession::Open: Lock: requested_security_level: Default
03-29 06:12:30.274   615  9862 I WVCdm   : CdmEngine::QueryOemCryptoSessionId
03-29 06:12:30.275   615   629 I WVCdm   : CdmEngine::GenerateKeyRequest
03-29 06:12:30.294   615   629 E DrmWidevineDash: tz api security patch level =  0
03-29 06:12:30.297   615   629 D WVCdm   : PrepareKeyRequest: nonce=2186172621
03-29 06:12:30.343  7263  9866 I chatty  : uid=10020(com.google.android.gms) expire 16 lines
03-29 06:12:30.361   615   615 I WVCdm   : L3 Terminate.
03-29 06:12:30.362   615   615 D QSEECOMAPI: : QSEECom_dealloc_memory 
03-29 06:12:30.362   615   615 D QSEECOMAPI: : QSEECom_shutdown_app, app_id = 10
03-29 06:12:30.416  9866  9866 I chatty  : uid=10020 com.google.android.gms.unstable expire 2 lines
03-29 06:12:30.686   434   434 E lowmemorykiller: Error writing /proc/11134/oom_score_adj; errno=22
03-29 06:12:30.688   434   434 E lowmemorykiller: Error writing /proc/11134/oom_score_adj; errno=22
03-29 06:12:30.689   824  9828 I ActivityManager: Killing 11134:com.android.chrome:sandboxed_process0/u0a20i4 (adj 0): isolated not needed
03-29 06:12:30.689   824   900 I chatty  : uid=1000(system) ActivityManager expire 46 lines
03-29 06:12:30.713   824   901 D KernelUidCpuTimeReader: Removing uids 99004-99004
03-29 06:12:31.046   428   428 I WifiHAL : Got channel list with 11 channels
03-29 06:12:31.059   428   428 I WifiHAL : Got channel list with 11 channels
03-29 06:12:31.073   428   428 I WifiHAL : Got channel list with 13 channels
03-29 06:12:31.082  4091 11297 I chatty  : uid=10020 com.google.android.gms.persistent expire 3 lines
03-29 06:12:31.114  4091 11298 I chatty  : uid=10020 com.google.android.gms.persistent expire 3 lines
03-29 06:12:31.210   824  3083 I chatty  : uid=1000(system) Binder:824_3 expire 2 lines
03-29 06:12:31.228   824   898 I ActivityManager: Start proc 11300:com.google.android.music:main/u0a82 for broadcast com.google.android.music/.AccountsBroadcastReceiver
03-29 06:12:31.256   824   858 I chatty  : uid=1000(system) Binder:824_2 expire 2 lines
03-29 06:12:31.279  4285  4285 I chatty  : uid=10020(com.google.android.gms) expire 4 lines
03-29 06:12:31.294  4285  7307 I chatty  : uid=10020(com.google.android.gms) iu-sync-manager expire 2 lines
03-29 06:12:31.384 11300 11300 I zygote64: The ClassLoaderContext is a special shared library.
03-29 06:12:31.404  7819 11317 I ContactsProvider: Accounts changed
03-29 06:12:31.495  9539 11125 I chatty  : uid=10020(com.google.android.gms) expire 4 lines
03-29 06:12:31.498   824   897 E SyncManager: Couldn't find backoff values for youngforyou520@gmail.com/com.google.android.gms.auth.accountstate:u0
03-29 06:12:31.509   824   897 E SyncManager: Couldn't find backoff values for youngforyou520@gmail.com/com.google.android.gms.reminders:u0
03-29 06:12:31.517   824   897 E SyncManager: Couldn't find backoff values for youngforyou520@gmail.com/com.google.android.music.MusicContent:u0
03-29 06:12:31.528   824   897 E SyncManager: Couldn't find backoff values for youngforyou520@gmail.com/gmail-ls:u0
03-29 06:12:31.541   824   897 E SyncManager: Couldn't find backoff values for youngforyou520@gmail.com/com.google.android.location.reporting:u0
03-29 06:12:31.552   824   897 E SyncManager: Couldn't find backoff values for youngforyou520@gmail.com/com.google.android.videos.sync:u0
03-29 06:12:31.554 11300 11300 I MultiDex: VM with version 2.1.0 has multidex support
03-29 06:12:31.555 11300 11300 I MultiDex: install
03-29 06:12:31.556 11300 11300 I MultiDex: VM has multidex support, MultiDex support library is disabled.
03-29 06:12:31.569   824  3084 I ActivityManager: Start proc 11323:com.google.process.gapps/u0a20 for content provider com.google.android.gsf/.settings.GoogleSettingsProvider
03-29 06:12:31.576   824  3304 I ActivityManager: START u0 {flg=0x2000000 cmp=com.google.android.gms/.auth.uiflows.addaccount.GoogleServicesActivity (has extras)} from uid 10020
03-29 06:12:31.583   824   897 E SyncManager: Couldn't find backoff values for youngforyou520@gmail.com/com.google.android.gms.games:u0
03-29 06:12:31.603   824   897 E SyncManager: Couldn't find backoff values for youngforyou520@gmail.com/com.google.android.gms.photos.iu.EsGoogleIuProvider:u0
03-29 06:12:31.612   599   972 E QC-QMI  : linux_qmi_qmux_io_wake_lock: Err in writing wakelock=qmuxd_port_wl_0, error [1:Operation not permitted]
03-29 06:12:31.612   599   972 E QC-QMI  : linux_qmi_qmux_io_wake_unlock: Err in writing wakelock=qmuxd_port_wl_0, error [1:Operation not permitted]
03-29 06:12:31.615   824   897 E SyncManager: Couldn't find backoff values for youngforyou520@gmail.com/com.android.contacts:u0
03-29 06:12:31.621 11323 11323 I chatty  : uid=10020(com.google.android.gms) com.google.process.gapps expire 2 lines
03-29 06:12:31.631 11300 11300 D MusicLifecycle: com.google.android.music.store.ConfigContentProvider generated event: Content provider created
03-29 06:12:31.632   824   897 E SyncManager: Couldn't find backoff values for youngforyou520@gmail.com/com.android.contacts.metadata:u0
03-29 06:12:31.640   824   897 E SyncManager: Couldn't find backoff values for youngforyou520@gmail.com/com.google.android.gms.appstate:u0
03-29 06:12:31.650   824   897 E SyncManager: Couldn't find backoff values for youngforyou520@gmail.com/com.google.android.gms.people:u0
03-29 06:12:31.658   824   897 E SyncManager: Couldn't find backoff values for youngforyou520@gmail.com/subscribedfeeds:u0
03-29 06:12:31.666   824   897 E SyncManager: Couldn't find backoff values for youngforyou520@gmail.com/com.google.android.gms.auth.confirm:u0
03-29 06:12:31.675   824   897 E SyncManager: Couldn't find backoff values for youngforyou520@gmail.com/com.android.chrome:u0
03-29 06:12:31.693   824   897 E SyncManager: Couldn't find backoff values for youngforyou520@gmail.com/com.google.android.gms.games.background:u0
03-29 06:12:31.712   824   897 E SyncManager: Couldn't find backoff values for youngforyou520@gmail.com/com.google.android.gms.fitness:u0
03-29 06:12:31.733   824   897 E SyncManager: Couldn't find backoff values for youngforyou520@gmail.com/com.google.android.apps.docs:u0
03-29 06:12:31.745 11300 11300 I BaseStore: ConfigStore database version: 1
03-29 06:12:31.746   824   897 E SyncManager: Couldn't find backoff values for youngforyou520@gmail.com/com.android.calendar:u0
03-29 06:12:31.753  3091  3091 D StatusBar: disable<e i a s b!h r c s q >
03-29 06:12:31.759 11300 11300 D MusicLifecycle: com.google.android.music.api.MusicPublicContentProvider generated event: Content provider created
03-29 06:12:31.762   824   897 E SyncManager: Couldn't find backoff values for youngforyou520@gmail.com/com.google.android.gms.drive.sync:u0
03-29 06:12:31.771   824   897 E SyncManager: Couldn't find backoff values for youngforyou520@gmail.com/com.google.android.apps.cloudprint.cloudprintprovider:u0
03-29 06:12:31.785   824   835 I chatty  : uid=1000(system) HeapTaskDaemon expire 1 line
03-29 06:12:31.790   373   373 W /system/bin/hwservicemanager: getTransport: Cannot find entry android.hardware.drm@1.0::IDrmFactory/default in either framework or device manifest.
03-29 06:12:31.792   615 11132 D vndksupport: Loading /vendor/lib/hw/android.hardware.drm@1.0-impl.so from current namespace instead of sphal namespace.
03-29 06:12:31.794   615 11132 I DrmHal  : makeDrmFactories: using default drm instance
03-29 06:12:31.796   615 11132 I WVCdm   : CdmEngine::OpenSession
03-29 06:12:31.797   615 11348 I WVCdm   : Level3 Library 4445 Oct  4 2017 17:06:25
03-29 06:12:31.805   824   897 I chatty  : uid=1000(system) android.bg expire 29 lines
03-29 06:12:31.808   615 11132 I WVCdm   : L3 Initialized. Trying L1.
03-29 06:12:31.810   615 11132 D QSEECOMAPI: : QSEECom_get_handle sb_length = 0x19000
03-29 06:12:31.810   615 11132 D QSEECOMAPI: : App is not loaded in QSEE
03-29 06:12:31.845   615 11132 D QSEECOMAPI: : Loaded image: APP id = 11
03-29 06:12:31.849   615 11132 D QSAPPSVER: qsapps_get_capabilities: Capability from secure side: 0x0
03-29 06:12:31.849   615 11132 D QSAPPSVER: qsapps_get_capabilities: returns 0
03-29 06:12:31.849   615 11132 E DrmWidevineDash: sion_buffer g_wv_fhandle->ion_sbuffer  0x0xef18e000
03-29 06:12:31.857   385   388 D DrmLibTime: got the req here! ret=0
03-29 06:12:31.857   385   388 D DrmLibTime: command id, time_cmd_id = 770
03-29 06:12:31.857   385   388 D DrmLibTime: time_getutcsec starts!
03-29 06:12:31.857   385   388 D DrmLibTime: QSEE Time Listener: time_getutcsec
03-29 06:12:31.857   385   388 D DrmLibTime: QSEE Time Listener: get_utc_seconds
03-29 06:12:31.857   385   388 D DrmLibTime: QSEE Time Listener: time_get_modem_time
03-29 06:12:31.857   385   388 D DrmLibTime: QSEE Time Listener: Checking if ATS_MODEM is set or not.
03-29 06:12:31.857   385   388 D QC-time-services: Lib:time_genoff_operation: pargs->base = 13
03-29 06:12:31.857   385   388 D QC-time-services: Lib:time_genoff_operation: pargs->operation = 2
03-29 06:12:31.857   385   388 D QC-time-services: Lib:time_genoff_operation: pargs->ts_val = 0
03-29 06:12:31.857   385   388 D QC-time-services: Lib:time_genoff_operation: Send to server  passed!!
03-29 06:12:31.858   624   649 D QC-time-services: Daemon: Connection accepted:time_genoff
03-29 06:12:31.858   624 11351 D QC-time-services: Daemon:Received base = 13, unit = 1, operation = 2,value = 0
03-29 06:12:31.859   624 11351 D QC-time-services: Daemon:genoff_opr: Base = 13, val = 0, operation = 2
03-29 06:12:31.859   624 11351 D QC-time-services: offset is: 0 for base: 13
03-29 06:12:31.859   385   388 E QC-time-services: Receive Passed == base = 13, unit = 1, operation = 2, result = 0
03-29 06:12:31.859   385   388 D DrmLibTime: QSEE Time Listener: ATS_MODEM is not set. Fallback to Android system time.
03-29 06:12:31.859   385   388 D DrmLibTime: QSEE Time Listener: Retrieved Android system time: 1522318351
03-29 06:12:31.859   385   388 D DrmLibTime: time_getutcsec returns 0, sec = 1522318351; nsec = 0
03-29 06:12:31.859   385   388 D DrmLibTime: time_getutcsec finished! 
03-29 06:12:31.859   385   388 D DrmLibTime: iotcl_continue_command finished! and return 0 
03-29 06:12:31.859   385   388 D DrmLibTime: before calling ioctl to read the next time_cmd
03-29 06:12:31.860   624   649 E QC-time-services: Daemon: Time-services: Waiting to acceptconnection
03-29 06:12:31.866   824   897 I ActivityManager: Start proc 11352:com.google.android.gm/u0a90 for service com.google.android.gm/.provider.MailSyncAdapterService
03-29 06:12:31.887 11300 11300 D MusicLifecycle: com.google.android.music.store.MusicContentProvider generated event: Content provider created
03-29 06:12:31.888  7819 11317 I ContactsProvider: Accounts changed
03-29 06:12:31.891   824   897 I ActivityManager: Start proc 11365:com.google.android.videos/u0a94 for service com.google.android.videos/.store.sync.SyncService
03-29 06:12:31.895   615 11132 D WVCdm   : OEMCrypto_Initialize Level 1 success. I will use level 1.
03-29 06:12:31.895   615 11132 D WVCdm   : CryptoSession::Open: Lock: requested_security_level: Default
03-29 06:12:31.905   615 11132 I WVCdm   : CdmEngine::QueryOemCryptoSessionId
03-29 06:12:31.905   615   629 I WVCdm   : CdmEngine::GenerateKeyRequest
03-29 06:12:31.924 11352 11352 I zygote64: The ClassLoaderContext is a special shared library.
03-29 06:12:31.925 11365 11365 I zygote  : The ClassLoaderContext is a special shared library.
03-29 06:12:31.927   615   629 E DrmWidevineDash: tz api security patch level =  0
03-29 06:12:31.931   615   629 D WVCdm   : PrepareKeyRequest: nonce=459167777
03-29 06:12:31.935 11365 11365 I MultiDex: VM with version 2.1.0 has multidex support
03-29 06:12:31.935 11365 11365 I MultiDex: install
03-29 06:12:31.935 11365 11365 I MultiDex: VM has multidex support, MultiDex support library is disabled.
03-29 06:12:31.970 11352 11352 W EasBundling: in EasBundling.init, isBundlingEnabled=true
03-29 06:12:31.984 11352 11387 D ActivityThread: Loading provider com.google.android.gmail.provider;com.android.mail.notifier;com.google.android.gm.email.provider;com.google.android.gm.tasks.provider;com.google.android.gm.email.notifier: com.android.email.provider.EmailProvider
03-29 06:12:31.987  4091 11388 I chatty  : uid=10020 com.google.android.gms.persistent expire 2 lines
03-29 06:12:31.998   615   615 I WVCdm   : L3 Terminate.
03-29 06:12:32.000   615   615 D QSEECOMAPI: : QSEECom_dealloc_memory 
03-29 06:12:32.000   615   615 D QSEECOMAPI: : QSEECom_shutdown_app, app_id = 11
03-29 06:12:32.008 11300 11300 I BaseStore: Store database version: 146
03-29 06:12:32.068 11352 11352 W GAV2    : Thread[main,5,main]: Need to call initialize() and be in fallback mode to start dispatch.
03-29 06:12:32.093  7285  7285 I chatty  : uid=10020 com.google.android.gms.unstable expire 4 lines
03-29 06:12:32.111   824  9830 I ActivityManager: Start proc 11419:com.google.process.gapps/u0a67 for content provider com.google.android.syncadapters.contacts/.ProxyGalProvider
03-29 06:12:32.120   824  4180 W ActivityManager: Unable to start service Intent { cmp=com.google.android.gm/com.android.email.service.AttachmentService } U=0: not found
03-29 06:12:32.154   824   858 W ActivityManager: Unable to start service Intent { cmp=com.google.android.gm.exchange/com.android.exchange.service.EasService } U=0: not found
03-29 06:12:32.173 11419 11419 I zygote64: The ClassLoaderContext is a special shared library.
03-29 06:12:32.182  4091 11440 I chatty  : uid=10020 com.google.android.gms.persistent expire 7 lines
03-29 06:12:32.221 11365 11365 E PlayCommon: [2] MetalogHelper.<init>: Failed to restore PlayMetalog
03-29 06:12:32.222 11365 11365 E PlayCommon: [2] MetalogHelper.<init>: Failed to restore LogsUploadAttempt
03-29 06:12:32.263 11365 11446 D NetworkSecurityConfig: No Network Security Config specified, using platform default
03-29 06:12:32.359 11419 11419 I GoogleHttpClient: GMS http client unavailable, use old client
03-29 06:12:32.392  4091 11447 I chatty  : uid=10020 com.google.android.gms.persistent expire 6 lines
03-29 06:12:32.424 11365 11455 D Primes  : Package metric disabled.
03-29 06:12:32.425 11365 11455 D Primes  : Battery metric disabled
03-29 06:12:32.425 11365 11455 D Primes  : MagicEye logging metric disabled
03-29 06:12:32.451  4091 11462 I chatty  : uid=10020 com.google.android.gms.persistent expire 1 line
03-29 06:12:32.460   824  6275 D CryptdConnector: SND -> {17 cryptfs getpwtype}
03-29 06:12:32.461   395   412 D VoldCryptCmdListener: cryptfs getpwtype
03-29 06:12:32.468   824  2315 D CryptdConnector: RCV <- {213 17 default}
03-29 06:12:32.501 11300 11300 I NetworkPolicyMonitor: Download-ability status changed to (true) unmetered wifi/eth: true mobileOrMetered: false
03-29 06:12:32.541 11300 11300 I NetworkPolicyMonitor: Stream-ability status changed to (true) unmetered wifi/eth: true mobileOrMetered: false
03-29 06:12:32.545  7819 11317 I ContactDirectoryManager: deleted 0 stale rows which don't have any relevant directory
03-29 06:12:32.554  7819 11317 I ContactDirectoryManager: Discovered 0 contact directories in 488ms
03-29 06:12:32.567  3055  3055 D BluetoothPbapService:  onChange on contact uri 
03-29 06:12:32.586  4605  4617 I chatty  : uid=10034(com.android.vending) Binder:4605_1 expire 1 line
03-29 06:12:32.596  4091  4103 I chatty  : uid=10020(com.google.android.gms) Binder:4091_2 expire 1 line
03-29 06:12:32.602   824  3259 W ActivityManager: Background start not allowed: service Intent { cmp=com.google.android.videos/.service.pinning.TransferService (has extras) } to com.google.android.videos/.service.pinning.TransferService from pid=11365 uid=10094 pkg=com.google.android.videos
03-29 06:12:32.671 11365 11365 I PlayMovies: RefreshLicenseTaskService.forceLicenseRefreshNow:66 Scheduled task now refresh_license_forced
03-29 06:12:32.671 11365 11365 I PlayMovies: 
03-29 06:12:32.700 11365 11453 D PlayMovies: PersistentCache.cleanup:104 Cache is below limit, no need to shrink: [size=0, limit=5242880]
03-29 06:12:32.700 11365 11453 D PlayMovies: 
03-29 06:12:32.703  4285 11393 I chatty  : uid=10020(com.google.android.gms) expire 4 lines
03-29 06:12:32.771 11365 11376 I zygote  : ThreadFlipBegin blocked for 41.746ms
03-29 06:12:32.832 11300 11300 D DatabaseUpgradeHelper: Upgrading database: /data/user/0/com.google.android.music/databases/config.db to version: 1
03-29 06:12:32.855 11365 11468 I zygote  : IncrementDisableThreadFlip blocked for 120.972ms
03-29 06:12:32.855 11365 11473 I zygote  : IncrementDisableThreadFlip blocked for 117.332ms
03-29 06:12:32.856 11365 11470 I zygote  : IncrementDisableThreadFlip blocked for 110.428ms
03-29 06:12:32.884  4091 11479 I chatty  : uid=10020 com.google.android.gms.persistent expire 2 lines
03-29 06:12:32.981  4091  4345 I chatty  : uid=10020(com.google.android.gms) Binder:4091_4 expire 6 lines
03-29 06:12:33.048  4285 11478 I chatty  : uid=10020(com.google.android.gms) expire 1 line
03-29 06:12:33.105 11300 11300 E PlayCommon: [2] MetalogHelper.<init>: Failed to restore PlayMetalog
03-29 06:12:33.111 11300 11300 E PlayCommon: [2] MetalogHelper.<init>: Failed to restore LogsUploadAttempt
03-29 06:12:33.184   610  5359 D audio_hw_primary: enable_snd_device: snd_device(2: speaker)
03-29 06:12:33.184   610  5359 D audio_route: Apply path: speaker
03-29 06:12:33.187   610  5359 D audio_hw_primary: enable_audio_route: usecase(1) apply and update mixer path: low-latency-playback speaker
03-29 06:12:33.187   610  5359 D audio_route: Apply path: low-latency-playback speaker
03-29 06:12:33.195   824   897 E SyncManager: Job params not found for 106270
03-29 06:12:33.221  4285 11487 I chatty  : uid=10020(com.google.android.gms) expire 1 line
03-29 06:12:33.276   610  5359 D audio_hw_primary: out_write: retry previous failed cal level set
03-29 06:12:33.453  4091 10087 I chatty  : uid=10020(com.google.android.gms) lowpool[26] expire 14 lines
03-29 06:12:33.511  4091 11498 I chatty  : uid=10020 com.google.android.gms.persistent expire 3 lines
03-29 06:12:33.675  4091 11508 I chatty  : uid=10020 com.google.android.gms.persistent expire 7 lines
03-29 06:12:33.699 11300 11300 D MusicLifecycle: com.google.android.music.ui.PhoneMusicApplication generated event: Application created
03-29 06:12:33.780 11365 11473 W VideoCapabilities: Unrecognized profile 2130706433 for video/avc
03-29 06:12:33.797   610   759 D audio_hw_primary: disable_audio_route: usecase(1) reset and update mixer path: low-latency-playback speaker
03-29 06:12:33.804   610   759 D audio_hw_primary: disable_snd_device: snd_device(2: speaker)
03-29 06:12:33.807  4091  4716 I chatty  : uid=10020(com.google.android.gms) Binder:4091_5 expire 1 line
03-29 06:12:33.840 11300 11300 I zygote64: The ClassLoaderContext is a special shared library.
03-29 06:12:33.842 11300 11300 I chatty  : uid=10082(com.google.android.music) identical 1 line
03-29 06:12:33.869 11300 11300 I zygote64: The ClassLoaderContext is a special shared library.
03-29 06:12:33.894  4605  4605 I chatty  : uid=10034(com.android.vending) expire 5 lines
03-29 06:12:33.908 11365 11473 I VideoCapabilities: Unsupported profile 4 for video/mp4v-es
03-29 06:12:34.051   373   373 W /system/bin/hwservicemanager: getTransport: Cannot find entry android.hardware.drm@1.0::IDrmFactory/default in either framework or device manifest.
03-29 06:12:34.052   615   629 D vndksupport: Loading /vendor/lib/hw/android.hardware.drm@1.0-impl.so from current namespace instead of sphal namespace.
03-29 06:12:34.055   615   629 I DrmHal  : makeDrmFactories: using default drm instance
03-29 06:12:34.057   615   615 I WVCdm   : CdmEngine::OpenSession
03-29 06:12:34.058   615 11517 I WVCdm   : Level3 Library 4445 Oct  4 2017 17:06:25
03-29 06:12:34.063   615   615 I WVCdm   : L3 Initialized. Trying L1.
03-29 06:12:34.064   615   615 D QSEECOMAPI: : QSEECom_get_handle sb_length = 0x19000
03-29 06:12:34.065   615   615 D QSEECOMAPI: : App is not loaded in QSEE
03-29 06:12:34.076 10031 11318 W ExternalAccountType: Unsupported attribute readOnly
03-29 06:12:34.091   615   615 D QSEECOMAPI: : Loaded image: APP id = 12
03-29 06:12:34.095   615   615 D QSAPPSVER: qsapps_get_capabilities: Capability from secure side: 0x0
03-29 06:12:34.095   615   615 D QSAPPSVER: qsapps_get_capabilities: returns 0
03-29 06:12:34.095   615   615 E DrmWidevineDash: sion_buffer g_wv_fhandle->ion_sbuffer  0x0xef18e000
03-29 06:12:34.098   385   388 D DrmLibTime: got the req here! ret=0
03-29 06:12:34.098   385   388 D DrmLibTime: command id, time_cmd_id = 770
03-29 06:12:34.098   385   388 D DrmLibTime: time_getutcsec starts!
03-29 06:12:34.098   385   388 D DrmLibTime: QSEE Time Listener: time_getutcsec
03-29 06:12:34.098   385   388 D DrmLibTime: QSEE Time Listener: get_utc_seconds
03-29 06:12:34.098   385   388 D DrmLibTime: QSEE Time Listener: time_get_modem_time
03-29 06:12:34.098   385   388 D DrmLibTime: QSEE Time Listener: Checking if ATS_MODEM is set or not.
03-29 06:12:34.098   385   388 D QC-time-services: Lib:time_genoff_operation: pargs->base = 13
03-29 06:12:34.098   385   388 D QC-time-services: Lib:time_genoff_operation: pargs->operation = 2
03-29 06:12:34.098   385   388 D QC-time-services: Lib:time_genoff_operation: pargs->ts_val = 0
03-29 06:12:34.099   385   388 D QC-time-services: Lib:time_genoff_operation: Send to server  passed!!
03-29 06:12:34.099   624   649 D QC-time-services: Daemon: Connection accepted:time_genoff
03-29 06:12:34.099   624 11518 D QC-time-services: Daemon:Received base = 13, unit = 1, operation = 2,value = 0
03-29 06:12:34.099   624 11518 D QC-time-services: Daemon:genoff_opr: Base = 13, val = 0, operation = 2
03-29 06:12:34.099   624 11518 D QC-time-services: offset is: 0 for base: 13
03-29 06:12:34.099   385   388 E QC-time-services: Receive Passed == base = 13, unit = 1, operation = 2, result = 0
03-29 06:12:34.099   385   388 D DrmLibTime: QSEE Time Listener: ATS_MODEM is not set. Fallback to Android system time.
03-29 06:12:34.099   385   388 D DrmLibTime: QSEE Time Listener: Retrieved Android system time: 1522318354
03-29 06:12:34.100   385   388 D DrmLibTime: time_getutcsec returns 0, sec = 1522318354; nsec = 0
03-29 06:12:34.100   385   388 D DrmLibTime: time_getutcsec finished! 
03-29 06:12:34.100   385   388 D DrmLibTime: iotcl_continue_command finished! and return 0 
03-29 06:12:34.100   385   388 D DrmLibTime: before calling ioctl to read the next time_cmd
03-29 06:12:34.100   624   649 E QC-time-services: Daemon: Time-services: Waiting to acceptconnection
03-29 06:12:34.105 11300 11300 V NativeCrypto: Registering com/google/android/gms/org/conscrypt/NativeCrypto's 259 native methods...
03-29 06:12:34.142   615   615 D WVCdm   : OEMCrypto_Initialize Level 1 success. I will use level 1.
03-29 06:12:34.142   615   615 D WVCdm   : CryptoSession::Open: Lock: requested_security_level: Default
03-29 06:12:34.152   615   615 I WVCdm   : CdmEngine::QueryOemCryptoSessionId
03-29 06:12:34.152   615  9862 I WVCdm   : CdmEngine::GenerateKeyRequest
03-29 06:12:34.176   615  9862 E DrmWidevineDash: tz api security patch level =  0
03-29 06:12:34.179   615  9862 D WVCdm   : PrepareKeyRequest: nonce=649519597
03-29 06:12:34.211  4285 11506 I chatty  : uid=10020(com.google.android.gms) expire 2 lines
03-29 06:12:34.228 11352 11486 E SQLiteLog: (1) no such table: search_status
03-29 06:12:34.246   615   629 I WVCdm   : L3 Terminate.
03-29 06:12:34.247   615   629 D QSEECOMAPI: : QSEECom_dealloc_memory 
03-29 06:12:34.247   615   629 D QSEECOMAPI: : QSEECom_shutdown_app, app_id = 12
03-29 06:12:34.354 11300 11300 D NetworkSecurityConfig: No Network Security Config specified, using platform default
03-29 06:12:34.354  7263  7285 I chatty  : uid=10020(com.google.android.gms) expire 16 lines
03-29 06:12:34.355 11300 11300 I ProviderInstaller: Installed default security provider GmsCore_OpenSSL
03-29 06:12:34.356 11300 11300 D AndroidMusic: GMSCore installation verified
03-29 06:12:34.533 11300 11300 V MediaRouter: Adding route: RouteInfo{ name=Phone, description=null, status=null, category=RouteCategory{ name=System types=ROUTE_TYPE_LIVE_AUDIO ROUTE_TYPE_LIVE_VIDEO  groupable=false }, supportedTypes=ROUTE_TYPE_LIVE_AUDIO ROUTE_TYPE_LIVE_VIDEO , presentationDisplay=null }
03-29 06:12:34.548 11300 11300 V MediaRouter: Selecting route: RouteInfo{ name=Phone, description=null, status=null, category=RouteCategory{ name=System types=ROUTE_TYPE_LIVE_AUDIO ROUTE_TYPE_LIVE_VIDEO  groupable=false }, supportedTypes=ROUTE_TYPE_LIVE_AUDIO ROUTE_TYPE_LIVE_VIDEO , presentationDisplay=null }
03-29 06:12:34.553 11300 11300 I MediaRouter: Found default route: MediaRouter.RouteInfo{ uniqueId=android/.support.v7.media.SystemMediaRouteProvider:DEFAULT_ROUTE, name=Phone, description=null, iconUri=null, enabled=true, connecting=false, connectionState=0, canDisconnect=false, playbackType=0, playbackStream=3, deviceType=0, volumeHandling=1, volume=5, volumeMax=15, presentationDisplayId=-1, extras=null, settingsIntent=null, providerPackageName=android }
03-29 06:12:34.735 11300 11300 I MusicExperimentManager: Received config change, experiments list is null
03-29 06:12:34.736 11300 11300 W MusicExperimentManager: Parsing error while updating analysis experiments
03-29 06:12:34.893  4091 11534 I chatty  : uid=10020 com.google.android.gms.persistent expire 2 lines
03-29 06:12:34.936  4091  6942 I chatty  : uid=10020(com.google.android.gms) Thread-51 expire 1 line
03-29 06:12:35.007  4285 11535 I chatty  : uid=10020(com.google.android.gms) GAC_Executor[1] expire 3 lines
03-29 06:12:35.034  4285  4878 I chatty  : uid=10020(com.google.android.gms) highpool[1] expire 1 line
03-29 06:12:35.147  4285 11540 I chatty  : uid=10020(com.google.android.gms) expire 6 lines
03-29 06:12:35.153 11300 11300 I PlaybackClient: init: Initializing
03-29 06:12:35.321 11300 11300 D MusicLifecycle: com.google.android.music.AccountsBroadcastReceiver generated event: Broadcast received with context android.app.ReceiverRestrictedContext@7cd0d1 and intent Intent { act=android.accounts.LOGIN_ACCOUNTS_CHANGED flg=0x5000010 cmp=com.google.android.music/.AccountsBroadcastReceiver }
03-29 06:12:35.322 11300 11300 D MusicLifecycle: com.google.android.music.sync.SyncAdapterService generated event: Service created
03-29 06:12:35.347   824   897 E SyncManager: Job params not found for 102802
03-29 06:12:35.380  4091 11544 I chatty  : uid=10020 com.google.android.gms.persistent expire 6 lines
03-29 06:12:35.411 11352 11409 E Gmail.LabelManager: Unable to get label ^i for account -866596010
03-29 06:12:35.411 11300 11300 D MusicLifecycle: com.google.android.music.sync.SyncAdapterService generated event: Service destroyed
03-29 06:12:35.412 11352 11409 E Gmail   : Couldn't find label: ^i
03-29 06:12:35.514 11300 11300 D MusicLifecycle: com.google.android.music.net.NetworkConnectivityMonitor$NetworkChangedReceiver generated event: Broadcast received with context com.google.android.music.ui.PhoneMusicApplication@20394de and intent Intent { act=android.net.conn.CONNECTIVITY_CHANGE flg=0x4000010 (has extras) }
03-29 06:12:35.515 11300 11300 I NetworkConnectivity: Network state changed: [type: WIFI[], state: CONNECTED/CONNECTED, reason: (unspecified), extra: "Wi-Fi.HK via PolyU", failover: false, available: true, roaming: false]
03-29 06:12:35.563 11300 11300 D MusicLifecycle: com.google.android.music.download.artwork.ArtDownloadService generated event: Service created
03-29 06:12:35.680  4285 11546 I chatty  : uid=10020(com.google.android.gms) expire 4 lines
03-29 06:12:35.805  4091  8985 I chatty  : uid=10020 com.google.android.gms.persistent expire 4 lines
03-29 06:12:35.852  4091  4091 I chatty  : uid=10020 com.google.android.gms.persistent expire 14 lines
03-29 06:12:35.884  4091  9819 I chatty  : uid=10020 com.google.android.gms.persistent expire 1 line
03-29 06:12:35.887   824   897 E SyncManager: Couldn't find backoff values for @@ContextManagerNullAccount@@/com.google.android.location.reporting:u0
03-29 06:12:35.915 11300 11300 D MusicLifecycle: com.google.android.music.download.EncapsulatedBroadcastReceiver$1 generated event: Broadcast received with context com.google.android.music.ui.PhoneMusicApplication@20394de and intent Intent { act=com.google.android.music.ResumeStorageMigration flg=0x10 (has extras) }
03-29 06:12:35.942 11300 11300 V MediaRouter: Selecting route: RouteInfo{ name=Phone, description=null, status=null, category=RouteCategory{ name=System types=ROUTE_TYPE_LIVE_AUDIO ROUTE_TYPE_LIVE_VIDEO  groupable=false }, supportedTypes=ROUTE_TYPE_LIVE_AUDIO ROUTE_TYPE_LIVE_VIDEO , presentationDisplay=null }
03-29 06:12:35.950 11300 11300 D MusicLifecycle: com.google.android.music.download.EncapsulatedBroadcastReceiver$1 generated event: Broadcast received with context com.google.android.music.ui.PhoneMusicApplication@20394de and intent Intent { act=com.google.android.music.download.keepon.KeeponSchedulingService.START_DOWNLOAD flg=0x10 }
03-29 06:12:36.051  4091 11552 I chatty  : uid=10020 com.google.android.gms.persistent expire 2 lines
03-29 06:12:36.053   824   897 E SyncManager: Job params not found for 102802
03-29 06:12:36.086   824   897 I ActivityManager: Start proc 11559:com.google.android.apps.docs/u0a63 for service com.google.android.apps.docs/.sync.syncadapter.DocsSyncAdapterService
03-29 06:12:36.097 11300 11541 D AwarenessRouter: Successfully removed previous context fences
03-29 06:12:36.142  4605  4758 I chatty  : uid=10034(com.android.vending) Thread-5 expire 5 lines
03-29 06:12:36.177 11559 11559 I zygote64: The ClassLoaderContext is a special shared library.
03-29 06:12:36.237 10515 10515 I PerformanceMetricCollec: Logging experiments memory-false, lantency-false
03-29 06:12:36.252   610  5359 D audio_hw_primary: enable_snd_device: snd_device(2: speaker)
03-29 06:12:36.252   610  5359 D audio_route: Apply path: speaker
03-29 06:12:36.254   610  5359 D audio_hw_primary: enable_audio_route: usecase(1) apply and update mixer path: low-latency-playback speaker
03-29 06:12:36.254   610  5359 D audio_route: Apply path: low-latency-playback speaker
03-29 06:12:36.261   824  3304 I BackupManagerService: Backup enabled => false
03-29 06:12:36.299  4605  4616 I chatty  : uid=10034(com.android.vending) HeapTaskDaemon expire 1 line
03-29 06:12:36.307  4605  4605 I chatty  : uid=10034(com.android.vending) expire 7 lines
03-29 06:12:36.308  4605  4755 I chatty  : uid=10034(com.android.vending) Thread-3 expire 2 lines
03-29 06:12:36.310  4605  4774 I chatty  : uid=10034(com.android.vending) Thread-6 expire 2 lines
03-29 06:12:36.340 11352 11409 E Gmail.LabelManager: Unable to get label ^i for account -866596010
03-29 06:12:36.341   610  5359 D audio_hw_primary: out_write: retry previous failed cal level set
03-29 06:12:36.352 11352 11409 E Gmail   : Couldn't find label: ^i
03-29 06:12:36.426  4285  5238 I chatty  : uid=10020(com.google.android.gms) expire 10 lines
03-29 06:12:36.454 11559 11588 I GAv4    : Google Analytics 10.2.98 is starting up. To enable debug logging on a device run:
03-29 06:12:36.454 11559 11588 I GAv4    :   adb shell setprop log.tag.GAv4 DEBUG
03-29 06:12:36.454 11559 11588 I GAv4    :   adb logcat -s GAv4
03-29 06:12:36.463  9064 11520 D NetworkSecurityConfig: No Network Security Config specified, using platform default
03-29 06:12:36.466 11559 11590 W GAv4    : AnalyticsReceiver is not registered or is disabled. Register the receiver for reliable dispatching on non-Google Play devices. See http://goo.gl/8Rd3yj for instructions.
03-29 06:12:36.501  4285  4878 I chatty  : uid=10020(com.google.android.gms) highpool[1] expire 1 line
03-29 06:12:36.501 11559 11590 W GAv4    : CampaignTrackingReceiver is not registered, not exported or is disabled. Installation campaign tracking is not possible. See http://goo.gl/8Rd3yj for instructions.
03-29 06:12:36.509  4091  4344 I chatty  : uid=10020(com.google.android.gms) Binder:4091_3 expire 8 lines
03-29 06:12:36.515 11559 11590 W GAv4    : AnalyticsService not registered in the app manifest. Hits might not be delivered reliably. See http://goo.gl/8Rd3yj for instructions.
03-29 06:12:36.528 11559 11559 W FieldDefinition: Ignoring isIndexed constraint as field also has uniqueness constraint (on just this field, and therefore SQLite will have to create an index on that. For field: com.google.android.apps.docs.database.common.FieldDefinition$a@b28bbcf
03-29 06:12:36.533 11559 11559 I zygote64: Deoptimizing kot kot.a(int, java.lang.Object[]) due to JIT inline cache
03-29 06:12:36.555  9539  9577 I chatty  : uid=10020(com.google.android.gms) expire 1 line
03-29 06:12:36.598   824  4172 I chatty  : uid=1000(system) Binder:824_7 expire 2 lines
03-29 06:12:36.616   824  4180 I chatty  : uid=1000(system) Binder:824_9 expire 1 line
03-29 06:12:36.623 11559 11559 I zygote64: Deoptimizing kot kot.a(int, java.lang.Object[]) due to JIT inline cache
03-29 06:12:36.628 10515 11581 I zygote64: The ClassLoaderContext is a special shared library.
03-29 06:12:36.640   824  3304 I chatty  : uid=1000(system) Binder:824_6 expire 2 lines
03-29 06:12:36.644 10515 11581 I zygote64: The ClassLoaderContext is a special shared library.
03-29 06:12:36.661   824  4087 V KeyValueBackupJob: Scheduling k/v pass in 241 minutes
03-29 06:12:36.662  4285  4667 I chatty  : uid=10020(com.google.android.gms) OkHttpClientTra expire 2 lines
03-29 06:12:36.664 11559 11600 W DatabaseHelper: Creating a new database at version 210 for /data/user/0/com.google.android.apps.docs/databases/DocList.db
03-29 06:12:36.680   599   972 E QC-QMI  : linux_qmi_qmux_io_wake_lock: Err in writing wakelock=qmuxd_port_wl_0, error [1:Operation not permitted]
03-29 06:12:36.680   599   972 E QC-QMI  : linux_qmi_qmux_io_wake_unlock: Err in writing wakelock=qmuxd_port_wl_0, error [1:Operation not permitted]
03-29 06:12:36.684 11559 11600 I zygote64: Deoptimizing java.lang.StringBuilder bmm.a(java.util.Collection, int) due to JIT inline cache
03-29 06:12:36.696 10515 11581 I zygote64: The ClassLoaderContext is a special shared library.
03-29 06:12:36.715 11559 11564 I zygote64: Do partial code cache collection, code=29KB, data=17KB
03-29 06:12:36.715 11559 11564 I zygote64: After code cache collection, code=19KB, data=13KB
03-29 06:12:36.715 11559 11564 I zygote64: Increasing code cache capacity to 128KB
03-29 06:12:36.855   610   759 D audio_hw_primary: disable_audio_route: usecase(1) reset and update mixer path: low-latency-playback speaker
03-29 06:12:36.858  4285  6817 I chatty  : uid=10020(com.google.android.gms) OkHttpClientTra expire 14 lines
